Component: ARM Compiler 5.06 update 5 (build 528) Tool: armlink [4d35e2]

==============================================================================

Section Cross References

    startup_stm32f103xe.o(STACK) refers (Special) to heapauxi.o(.text) for __use_two_region_memory
    startup_stm32f103xe.o(HEAP) refers (Special) to heapauxi.o(.text) for __use_two_region_memory
    startup_stm32f103xe.o(RESET) refers (Special) to heapauxi.o(.text) for __use_two_region_memory
    startup_stm32f103xe.o(RESET) refers to startup_stm32f103xe.o(STACK) for __initial_sp
    startup_stm32f103xe.o(RESET) refers to startup_stm32f103xe.o(.text) for Reset_Handler
    startup_stm32f103xe.o(RESET) refers to stm32f1xx_it.o(i.NMI_Handler) for NMI_Handler
    startup_stm32f103xe.o(RESET) refers to stm32f1xx_it.o(i.HardFault_Handler) for HardFault_Handler
    startup_stm32f103xe.o(RESET) refers to stm32f1xx_it.o(i.MemManage_Handler) for MemManage_Handler
    startup_stm32f103xe.o(RESET) refers to stm32f1xx_it.o(i.BusFault_Handler) for BusFault_Handler
    startup_stm32f103xe.o(RESET) refers to stm32f1xx_it.o(i.UsageFault_Handler) for UsageFault_Handler
    startup_stm32f103xe.o(RESET) refers to stm32f1xx_it.o(i.SVC_Handler) for SVC_Handler
    startup_stm32f103xe.o(RESET) refers to stm32f1xx_it.o(i.DebugMon_Handler) for DebugMon_Handler
    startup_stm32f103xe.o(RESET) refers to stm32f1xx_it.o(i.PendSV_Handler) for PendSV_Handler
    startup_stm32f103xe.o(RESET) refers to stm32f1xx_it.o(i.SysTick_Handler) for SysTick_Handler
    startup_stm32f103xe.o(RESET) refers to stm32f1xx_it.o(i.TIM2_IRQHandler) for TIM2_IRQHandler
    startup_stm32f103xe.o(RESET) refers to stm32f1xx_it.o(i.TIM3_IRQHandler) for TIM3_IRQHandler
    startup_stm32f103xe.o(RESET) refers to stm32f1xx_it.o(i.TIM4_IRQHandler) for TIM4_IRQHandler
    startup_stm32f103xe.o(RESET) refers to stm32f1xx_it.o(i.USART1_IRQHandler) for USART1_IRQHandler
    startup_stm32f103xe.o(RESET) refers to stm32f1xx_it.o(i.USART2_IRQHandler) for USART2_IRQHandler
    startup_stm32f103xe.o(RESET) refers to stm32f1xx_it.o(i.USART3_IRQHandler) for USART3_IRQHandler
    startup_stm32f103xe.o(RESET) refers to stm32f1xx_it.o(i.TIM5_IRQHandler) for TIM5_IRQHandler
    startup_stm32f103xe.o(RESET) refers to stm32f1xx_it.o(i.UART5_IRQHandler) for UART5_IRQHandler
    startup_stm32f103xe.o(RESET) refers to stm32f1xx_it.o(i.TIM7_IRQHandler) for TIM7_IRQHandler
    startup_stm32f103xe.o(.text) refers (Special) to heapauxi.o(.text) for __use_two_region_memory
    startup_stm32f103xe.o(.text) refers to system_stm32f1xx.o(i.SystemInit) for SystemInit
    startup_stm32f103xe.o(.text) refers to __main.o(!!!main) for __main
    startup_stm32f103xe.o(.text) refers to startup_stm32f103xe.o(HEAP) for Heap_Mem
    startup_stm32f103xe.o(.text) refers to startup_stm32f103xe.o(STACK) for Stack_Mem
    main.o(i.SystemClock_Config) refers to rt_memclr_w.o(.text) for __aeabi_memclr4
    main.o(i.SystemClock_Config) refers to stm32f1xx_hal_rcc.o(i.HAL_RCC_OscConfig) for HAL_RCC_OscConfig
    main.o(i.SystemClock_Config) refers to stm32f1xx_hal_rcc.o(i.HAL_RCC_ClockConfig) for HAL_RCC_ClockConfig
    main.o(i.main) refers to stm32f1xx_hal.o(i.HAL_Init) for HAL_Init
    main.o(i.main) refers to main.o(i.SystemClock_Config) for SystemClock_Config
    main.o(i.main) refers to gpio.o(i.MX_GPIO_Init) for MX_GPIO_Init
    main.o(i.main) refers to tim.o(i.MX_TIM2_Init) for MX_TIM2_Init
    main.o(i.main) refers to tim.o(i.MX_TIM3_Init) for MX_TIM3_Init
    main.o(i.main) refers to tim.o(i.MX_TIM4_Init) for MX_TIM4_Init
    main.o(i.main) refers to tim.o(i.MX_TIM5_Init) for MX_TIM5_Init
    main.o(i.main) refers to tim.o(i.MX_TIM6_Init) for MX_TIM6_Init
    main.o(i.main) refers to tim.o(i.MX_TIM7_Init) for MX_TIM7_Init
    main.o(i.main) refers to tim.o(i.MX_TIM8_Init) for MX_TIM8_Init
    main.o(i.main) refers to usart.o(i.MX_UART5_Init) for MX_UART5_Init
    main.o(i.main) refers to usart.o(i.MX_USART1_UART_Init) for MX_USART1_UART_Init
    main.o(i.main) refers to usart.o(i.MX_USART2_UART_Init) for MX_USART2_UART_Init
    main.o(i.main) refers to usart.o(i.MX_USART3_UART_Init) for MX_USART3_UART_Init
    main.o(i.main) refers to hal_y_led_1.o(i.led_init) for led_init
    main.o(i.main) refers to hal_app_motor_1.o(i.app_motor_init) for app_motor_init
    main.o(i.main) refers to hal_y_servo_1.o(i.pwmServo_init) for pwmServo_init
    main.o(i.main) refers to hal_y_kinematics_1.o(i.setup_kinematics) for setup_kinematics
    main.o(i.main) refers to hal_y_soft_i2c_1.o(i.soft_i2c_gpio_init) for soft_i2c_gpio_init
    main.o(i.main) refers to hal_y_kinematics_1.o(.bss) for kinematics
    gpio.o(i.MX_GPIO_Init) refers to stm32f1xx_hal_gpio.o(i.HAL_GPIO_WritePin) for HAL_GPIO_WritePin
    gpio.o(i.MX_GPIO_Init) refers to stm32f1xx_hal_gpio.o(i.HAL_GPIO_Init) for HAL_GPIO_Init
    tim.o(i.HAL_TIM_Base_MspDeInit) refers to stm32f1xx_hal_cortex.o(i.HAL_NVIC_DisableIRQ) for HAL_NVIC_DisableIRQ
[...]
    ../clib/printf.c                         0x00000000   Number         0  __printf_flags_ss_wp.o ABSOLUTE
    ../clib/printf.c                         0x00000000   Number         0  __printf_flags_wp.o ABSOLUTE
    ../clib/printf.c                         0x00000000   Number         0  _printf_dec.o ABSOLUTE
    ../clib/printf.c                         0x00000000   Number         0  _snputc.o ABSOLUTE
    ../clib/printf.c                         0x00000000   Number         0  __printf_nopercent.o ABSOLUTE
    ../clib/printf.c                         0x00000000   Number         0  __printf_ss_wp.o ABSOLUTE
    ../clib/printf.c                         0x00000000   Number         0  _printf_char_common.o ABSOLUTE
    ../clib/printf.c                         0x00000000   Number         0  __printf_flags_ss.o ABSOLUTE
    ../clib/printf.c                         0x00000000   Number         0  __printf_ss.o ABSOLUTE
    ../clib/printf.c                         0x00000000   Number         0  __printf_flags.o ABSOLUTE
    ../clib/printf.c                         0x00000000   Number         0  __printf.o ABSOLUTE
    ../clib/printf.c                         0x00000000   Number         0  _printf_intcommon.o ABSOLUTE
    ../clib/printf.c                         0x00000000   Number         0  noretval__2snprintf.o ABSOLUTE
    ../clib/printf.c                         0x00000000   Number         0  __2snprintf.o ABSOLUTE
    ../clib/printf_percent.s                 0x00000000   Number         0  _printf_percent_end.o ABSOLUTE
    ../clib/printf_percent.s                 0x00000000   Number         0  _printf_percent.o ABSOLUTE
    ../clib/printf_percent.s                 0x00000000   Number         0  _printf_d.o ABSOLUTE
    ../clib/signal.c                         0x00000000   Number         0  defsig_other.o ABSOLUTE
    ../clib/signal.c                         0x00000000   Number         0  defsig_rtmem_formal.o ABSOLUTE
    ../clib/signal.c                         0x00000000   Number         0  defsig_rtmem_outer.o ABSOLUTE
    ../clib/signal.c                         0x00000000   Number         0  defsig_exit.o ABSOLUTE
    ../clib/signal.c                         0x00000000   Number         0  defsig_rtmem_inner.o ABSOLUTE
    ../clib/signal.c                         0x00000000   Number         0  __raise.o ABSOLUTE
    ../clib/signal.c                         0x00000000   Number         0  defsig_general.o ABSOLUTE
    ../clib/signal.c                         0x00000000   Number         0  defsig_abrt_inner.o ABSOLUTE
    ../clib/signal.c                         0x00000000   Number         0  defsig_fpe_inner.o ABSOLUTE
    ../clib/signal.c                         0x00000000   Number         0  defsig_rtred_inner.o ABSOLUTE
    ../clib/signal.c                         0x00000000   Number         0  defsig_stak_inner.o ABSOLUTE
    ../clib/signal.c                         0x00000000   Number         0  defsig_pvfn_inner.o ABSOLUTE
    ../clib/signal.c                         0x00000000   Number         0  defsig_cppl_inner.o ABSOLUTE
    ../clib/signal.c                         0x00000000   Number         0  defsig_segv_inner.o ABSOLUTE
    ../clib/signal.s                         0x00000000   Number         0  defsig.o ABSOLUTE
    ../clib/stdlib.c                         0x00000000   Number         0  exit.o ABSOLUTE
    ../clib/string.c                         0x00000000   Number         0  strlen.o ABSOLUTE
    ../fplib/faddsub.s                       0x00000000   Number         0  faddsub_clz.o ABSOLUTE
    ../fplib/fcheck1.s                       0x00000000   Number         0  fcheck1.o ABSOLUTE
    ../fplib/fcmpi.s                         0x00000000   Number         0  fcmpi.o ABSOLUTE
    ../fplib/fdiv.s                          0x00000000   Number         0  fdiv.o ABSOLUTE
    ../fplib/ffix.s                          0x00000000   Number         0  ffix.o ABSOLUTE
    ../fplib/ffixu.s                         0x00000000   Number         0  ffixu.o ABSOLUTE
    ../fplib/fflt.s                          0x00000000   Number         0  fflt_clz.o ABSOLUTE
    ../fplib/fleqf.s                         0x00000000   Number         0  fleqf.o ABSOLUTE
    ../fplib/fmul.s                          0x00000000   Number         0  fmul.o ABSOLUTE
    ../fplib/fnaninf.s                       0x00000000   Number         0  fnaninf.o ABSOLUTE
    ../fplib/fpinit.s                        0x00000000   Number         0  fpinit.o ABSOLUTE
    ../fplib/fretinf.s                       0x00000000   Number         0  fretinf.o ABSOLUTE
    ../fplib/frleqf.s                        0x00000000   Number         0  frleqf.o ABSOLUTE
    ../fplib/frnd.s                          0x00000000   Number         0  frnd.o ABSOLUTE
    ../fplib/fsqrt.s                         0x00000000   Number         0  fsqrt.o ABSOLUTE
    ../fplib/retnan.s                        0x00000000   Number         0  retnan.o ABSOLUTE
    ../fplib/scalbnf.s                       0x00000000   Number         0  scalbnf.o ABSOLUTE
    ../fplib/trapv.s                         0x00000000   Number         0  trapv.o ABSOLUTE
    ../fplib/usenofp.s                       0x00000000   Number         0  usenofp.o ABSOLUTE
    ../mathlib/acosf.c                       0x00000000   Number         0  acosf_x.o ABSOLUTE
    ../mathlib/acosf.c                       0x00000000   Number         0  acosf.o ABSOLUTE
    ../mathlib/atanf.c                       0x00000000   Number         0  atanf_x.o ABSOLUTE
    ../mathlib/atanf.c                       0x00000000   Number         0  atanf.o ABSOLUTE
    ../mathlib/cosf.c                        0x00000000   Number         0  cosf_x.o ABSOLUTE
    ../mathlib/cosf.c                        0x00000000   Number         0  cosf.o ABSOLUTE
    ../mathlib/fpclassifyf.c                 0x00000000   Number         0  fpclassifyf.o ABSOLUTE
    ../mathlib/funder.c                      0x00000000   Number         0  funder.o ABSOLUTE
    ../mathlib/rredf.c                       0x00000000   Number         0  rredf.o ABSOLUTE
    ../mathlib/sinf.c                        0x00000000   Number         0  sinf_x.o ABSOLUTE
    ../mathlib/sinf.c                        0x00000000   Number         0  sinf.o ABSOLUTE
    ../mathlib/sqrtf.c                       0x00000000   Number         0  sqrtf_x.o ABSOLUTE
    ../mathlib/sqrtf.c                       0x00000000   Number         0  sqrtf.o ABSOLUTE
    ..\BSP\hal_app_motor.c                   0x00000000   Number         0  hal_app_motor_1.o ABSOLUTE
    ..\BSP\hal_app_uart.c                    0x00000000   Number         0  hal_app_uart_1.o ABSOLUTE
    ..\BSP\hal_tracking.c                    0x00000000   Number         0  hal_tracking_1.o ABSOLUTE
    ..\BSP\hal_ultrasonic.c                  0x00000000   Number         0  hal_ultrasonic_1.o ABSOLUTE
    ..\BSP\hal_y_delay.c                     0x00000000   Number         0  hal_y_delay_1.o ABSOLUTE
    ..\BSP\hal_y_encoder.c                   0x00000000   Number         0  hal_y_encoder_1.o ABSOLUTE
    ..\BSP\hal_y_kinematics.c                0x00000000   Number         0  hal_y_kinematics_1.o ABSOLUTE
    ..\BSP\hal_y_led.c                       0x00000000   Number         0  hal_y_led_1.o ABSOLUTE
    ..\BSP\hal_y_motor.c                     0x00000000   Number         0  hal_y_motor_1.o ABSOLUTE
    ..\BSP\hal_y_servo.c                     0x00000000   Number         0  hal_y_servo_1.o ABSOLUTE
    ..\BSP\hal_y_soft_i2c.c                  0x00000000   Number         0  hal_y_soft_i2c_1.o ABSOLUTE
    ..\BSP\hal_y_timer.c                     0x00000000   Number         0  hal_y_timer_1.o ABSOLUTE
    ..\BSP\hal_y_usart.c                     0x00000000   Number         0  hal_y_usart_1.o ABSOLUTE
    ..\Core\Src\gpio.c                       0x00000000   Number         0  gpio.o ABSOLUTE
    ..\Core\Src\main.c                       0x00000000   Number         0  main.o ABSOLUTE
    ..\Core\Src\stm32f1xx_hal_msp.c          0x00000000   Number         0  stm32f1xx_hal_msp.o ABSOLUTE
    ..\Core\Src\stm32f1xx_it.c               0x00000000   Number         0  stm32f1xx_it.o ABSOLUTE
    ..\Core\Src\system_stm32f1xx.c           0x00000000   Number         0  system_stm32f1xx.o ABSOLUTE
    ..\Core\Src\tim.c                        0x00000000   Number         0  tim.o ABSOLUTE
    ..\Core\Src\usart.c                      0x00000000   Number         0  usart.o ABSOLUTE
    ..\Drivers\STM32F1xx_HAL_Driver\Src\stm32f1xx_hal.c 0x00000000   Number         0  stm32f1xx_hal.o ABSOLUTE
    ..\Drivers\STM32F1xx_HAL_Driver\Src\stm32f1xx_hal_cortex.c 0x00000000   Number         0  stm32f1xx_hal_cortex.o ABSOLUTE
    ..\Drivers\STM32F1xx_HAL_Driver\Src\stm32f1xx_hal_dma.c 0x00000000   Number         0  stm32f1xx_hal_dma.o ABSOLUTE
    ..\Drivers\STM32F1xx_HAL_Driver\Src\stm32f1xx_hal_exti.c 0x00000000   Number         0  stm32f1xx_hal_exti.o ABSOLUTE
    ..\Drivers\STM32F1xx_HAL_Driver\Src\stm32f1xx_hal_flash.c 0x00000000   Number         0  stm32f1xx_hal_flash.o ABSOLUTE
    ..\Drivers\STM32F1xx_HAL_Driver\Src\stm32f1xx_hal_flash_ex.c 0x00000000   Number         0  stm32f1xx_hal_flash_ex.o ABSOLUTE
    ..\Drivers\STM32F1xx_HAL_Driver\Src\stm32f1xx_hal_gpio.c 0x00000000   Number         0  stm32f1xx_hal_gpio.o ABSOLUTE
    ..\Drivers\STM32F1xx_HAL_Driver\Src\stm32f1xx_hal_gpio_ex.c 0x00000000   Number         0  stm32f1xx_hal_gpio_ex.o ABSOLUTE
    ..\Drivers\STM32F1xx_HAL_Driver\Src\stm32f1xx_hal_pwr.c 0x00000000   Number         0  stm32f1xx_hal_pwr.o ABSOLUTE
    ..\Drivers\STM32F1xx_HAL_Driver\Src\stm32f1xx_hal_rcc.c 0x00000000   Number         0  stm32f1xx_hal_rcc.o ABSOLUTE
    ..\Drivers\STM32F1xx_HAL_Driver\Src\stm32f1xx_hal_rcc_ex.c 0x00000000   Number         0  stm32f1xx_hal_rcc_ex.o ABSOLUTE
    ..\Drivers\STM32F1xx_HAL_Driver\Src\stm32f1xx_hal_tim.c 0x00000000   Number         0  stm32f1xx_hal_tim.o ABSOLUTE
    ..\Drivers\STM32F1xx_HAL_Driver\Src\stm32f1xx_hal_tim_ex.c 0x00000000   Number         0  stm32f1xx_hal_tim_ex.o ABSOLUTE
    ..\Drivers\STM32F1xx_HAL_Driver\Src\stm32f1xx_hal_uart.c 0x00000000   Number         0  stm32f1xx_hal_uart.o ABSOLUTE
    ..\\BSP\\hal_app_motor.c                 0x00000000   Number         0  hal_app_motor_1.o ABSOLUTE
    ..\\BSP\\hal_app_uart.c                  0x00000000   Number         0  hal_app_uart_1.o ABSOLUTE
    ..\\BSP\\hal_tracking.c                  0x00000000   Number         0  hal_tracking_1.o ABSOLUTE
    ..\\BSP\\hal_ultrasonic.c                0x00000000   Number         0  hal_ultrasonic_1.o ABSOLUTE
    ..\\BSP\\hal_y_delay.c                   0x00000000   Number         0  hal_y_delay_1.o ABSOLUTE
    ..\\BSP\\hal_y_encoder.c                 0x00000000   Number         0  hal_y_encoder_1.o ABSOLUTE
    ..\\BSP\\hal_y_kinematics.c              0x00000000   Number         0  hal_y_kinematics_1.o ABSOLUTE
    ..\\BSP\\hal_y_led.c                     0x00000000   Number         0  hal_y_led_1.o ABSOLUTE
    ..\\BSP\\hal_y_motor.c                   0x00000000   Number         0  hal_y_motor_1.o ABSOLUTE
    ..\\BSP\\hal_y_servo.c                   0x00000000   Number         0  hal_y_servo_1.o ABSOLUTE
    ..\\BSP\\hal_y_soft_i2c.c                0x00000000   Number         0  hal_y_soft_i2c_1.o ABSOLUTE
    ..\\BSP\\hal_y_timer.c                   0x00000000   Number         0  hal_y_timer_1.o ABSOLUTE
    ..\\BSP\\hal_y_usart.c                   0x00000000   Number         0  hal_y_usart_1.o ABSOLUTE
    dc.s                                     0x00000000   Number         0  dc.o ABSOLUTE
    startup_stm32f103xe.s                    0x00000000   Number         0  startup_stm32f103xe.o ABSOLUTE
    RESET                                    0x08000000   Section      304  startup_stm32f103xe.o(RESET)
    !!!main                                  0x08000130   Section        8  __main.o(!!!main)
    !!!scatter                               0x08000138   Section       52  __scatter.o(!!!scatter)
    !!handler_copy                           0x0800016c   Section       26  __scatter_copy.o(!!handler_copy)
    !!handler_zi                             0x08000188   Section       28  __scatter_zi.o(!!handler_zi)
    .ARM.Collect$$libinit$$00000000          0x080001a4   Section        2  libinit.o(.ARM.Collect$$libinit$$00000000)
    .ARM.Collect$$libinit$$00000002          0x080001a6   Section        0  libinit2.o(.ARM.Collect$$libinit$$00000002)
    .ARM.Collect$$libinit$$00000004          0x080001a6   Section        0  libinit2.o(.ARM.Collect$$libinit$$00000004)
    .ARM.Collect$$libinit$$0000000A          0x080001a6   Section        0  libinit2.o(.ARM.Collect$$libinit$$0000000A)
    .ARM.Collect$$libinit$$0000000C          0x080001a6   Section        0  libinit2.o(.ARM.Collect$$libinit$$0000000C)
    .ARM.Collect$$libinit$$0000000E          0x080001a6   Section        0  libinit2.o(.ARM.Collect$$libinit$$0000000E)
    .ARM.Collect$$libinit$$00000011          0x080001a6   Section        0  libinit2.o(.ARM.Collect$$libinit$$00000011)
    .ARM.Collect$$libinit$$00000013          0x080001a6   Section        0  libinit2.o(.ARM.Collect$$libinit$$00000013)
    .ARM.Collect$$libinit$$00000015          0x080001a6   Section        0  libinit2.o(.ARM.Collect$$libinit$$00000015)
    .ARM.Collect$$libinit$$00000017          0x080001a6   Section        0  libinit2.o(.ARM.Collect$$libinit$$00000017)
    .ARM.Collect$$libinit$$00000019          0x080001a6   Section        0  libinit2.o(.ARM.Collect$$libinit$$00000019)
    .ARM.Collect$$libinit$$0000001B          0x080001a6   Section        0  libinit2.o(.ARM.Collect$$libinit$$0000001B)
    .ARM.Collect$$libinit$$0000001D          0x080001a6   Section        0  libinit2.o(.ARM.Collect$$libinit$$0000001D)
    .ARM.Collect$$libinit$$0000001F          0x080001a6   Section        0  libinit2.o(.ARM.Collect$$libinit$$0000001F)
    .ARM.Collect$$libinit$$00000021          0x080001a6   Section        0  libinit2.o(.ARM.Collect$$libinit$$00000021)
    .ARM.Collect$$libinit$$00000023          0x080001a6   Section        0  libinit2.o(.ARM.Collect$$libinit$$00000023)
    .ARM.Collect$$libinit$$00000025          0x080001a6   Section        0  libinit2.o(.ARM.Collect$$libinit$$00000025)
    .ARM.Collect$$libinit$$0000002C          0x080001a6   Section        0  libinit2.o(.ARM.Collect$$libinit$$0000002C)
    .ARM.Collect$$libinit$$0000002E          0x080001a6   Section        0  libinit2.o(.ARM.Collect$$libinit$$0000002E)
    .ARM.Collect$$libinit$$00000030          0x080001a6   Section        0  libinit2.o(.ARM.Collect$$libinit$$00000030)
    .ARM.Collect$$libinit$$00000032          0x080001a6   Section        0  libinit2.o(.ARM.Collect$$libinit$$00000032)
    .ARM.Collect$$libinit$$00000033          0x080001a6   Section        2  libinit2.o(.ARM.Collect$$libinit$$00000033)
    .ARM.Collect$$libshutdown$$00000000      0x080001a8   Section        2  libshutdown.o(.ARM.Collect$$libshutdown$$00000000)
    .ARM.Collect$$libshutdown$$00000002      0x080001aa   Section        0  libshutdown2.o(.ARM.Collect$$libshutdown$$00000002)
    .ARM.Collect$$libshutdown$$00000004      0x080001aa   Section        0  libshutdown2.o(.ARM.Collect$$libshutdown$$00000004)
    .ARM.Collect$$libshutdown$$00000007      0x080001aa   Section        0  libshutdown2.o(.ARM.Collect$$libshutdown$$00000007)
    .ARM.Collect$$libshutdown$$0000000A      0x080001aa   Section        0  libshutdown2.o(.ARM.Collect$$libshutdown$$0000000A)
    .ARM.Collect$$libshutdown$$0000000C      0x080001aa   Section        0  libshutdown2.o(.ARM.Collect$$libshutdown$$0000000C)
    .ARM.Collect$$libshutdown$$0000000F      0x080001aa   Section        0  libshutdown2.o(.ARM.Collect$$libshutdown$$0000000F)
    .ARM.Collect$$libshutdown$$00000010      0x080001aa   Section        2  libshutdown2.o(.ARM.Collect$$libshutdown$$00000010)
    .ARM.Collect$$rtentry$$00000000          0x080001ac   Section        0  __rtentry.o(.ARM.Collect$$rtentry$$00000000)
    .ARM.Collect$$rtentry$$00000002          0x080001ac   Section        0  __rtentry2.o(.ARM.Collect$$rtentry$$00000002)
    .ARM.Collect$$rtentry$$00000004          0x080001ac   Section        6  __rtentry4.o(.ARM.Collect$$rtentry$$00000004)
    .ARM.Collect$$rtentry$$00000009          0x080001b2   Section        0  __rtentry2.o(.ARM.Collect$$rtentry$$00000009)
    .ARM.Collect$$rtentry$$0000000A          0x080001b2   Section        4  __rtentry2.o(.ARM.Collect$$rtentry$$0000000A)
    .ARM.Collect$$rtentry$$0000000C          0x080001b6   Section        0  __rtentry2.o(.ARM.Collect$$rtentry$$0000000C)
    .ARM.Collect$$rtentry$$0000000D          0x080001b6   Section        8  __rtentry2.o(.ARM.Collect$$rtentry$$0000000D)
    .ARM.Collect$$rtexit$$00000000           0x080001be   Section        2  rtexit.o(.ARM.Collect$$rtexit$$00000000)
    .ARM.Collect$$rtexit$$00000002           0x080001c0   Section        0  rtexit2.o(.ARM.Collect$$rtexit$$00000002)
    .ARM.Collect$$rtexit$$00000003           0x080001c0   Section        4  rtexit2.o(.ARM.Collect$$rtexit$$00000003)
    .ARM.Collect$$rtexit$$00000004           0x080001c4   Section        6  rtexit2.o(.ARM.Collect$$rtexit$$00000004)
    .text                                    0x080001cc   Section       64  startup_stm32f103xe.o(.text)
    .text                                    0x0800020c   Section       78  rt_memclr_w.o(.text)
    .text                                    0x0800025a   Section        0  heapauxi.o(.text)
    .text                                    0x08000260   Section        8  libspace.o(.text)
    .text                                    0x08000268   Section       74  sys_stackheap_outer.o(.text)
    .text                                    0x080002b2   Section        0  exit.o(.text)
    .text                                    0x080002c4   Section        0  sys_exit.o(.text)
    .text                                    0x080002d0   Section        2  use_no_semi.o(.text)
    .text                                    0x080002d2   Section        0  indicate_semi.o(.text)
    i.BusFault_Handler                       0x080002d2   Section        0  stm32f1xx_it.o(i.BusFault_Handler)
    i.DebugMon_Handler                       0x080002d4   Section        0  stm32f1xx_it.o(i.DebugMon_Handler)
    i.Encoder_Init                           0x080002d8   Section        0  hal_y_encoder_1.o(i.Encoder_Init)
    i.Error_Handler                          0x08000310   Section        0  main.o(i.Error_Handler)
    i.HAL_DMA_Abort                          0x08000314   Section        0  stm32f1xx_hal_dma.o(i.HAL_DMA_Abort)
    i.HAL_DMA_Abort_IT                       0x0800035c   Section        0  stm32f1xx_hal_dma.o(i.HAL_DMA_Abort_IT)
    i.HAL_GPIO_Init                          0x0800048c   Section        0  stm32f1xx_hal_gpio.o(i.HAL_GPIO_Init)
    i.HAL_GPIO_WritePin                      0x08000684   Section        0  stm32f1xx_hal_gpio.o(i.HAL_GPIO_WritePin)
    i.HAL_GetTick                            0x08000690   Section        0  stm32f1xx_hal.o(i.HAL_GetTick)
    i.HAL_HalfDuplex_Init                    0x0800069c   Section        0  stm32f1xx_hal_uart.o(i.HAL_HalfDuplex_Init)
    i.HAL_IncTick                            0x0800070c   Section        0  stm32f1xx_hal.o(i.HAL_IncTick)
    i.HAL_Init                               0x0800071c   Section        0  stm32f1xx_hal.o(i.HAL_Init)
    i.HAL_InitTick                           0x08000740   Section        0  stm32f1xx_hal.o(i.HAL_InitTick)
    i.HAL_MspInit                            0x08000780   Section        0  stm32f1xx_hal_msp.o(i.HAL_MspInit)
    i.HAL_NVIC_EnableIRQ                     0x080007c4   Section        0  stm32f1xx_hal_cortex.o(i.HAL_NVIC_EnableIRQ)
    i.HAL_NVIC_SetPriority                   0x080007e0   Section        0  stm32f1xx_hal_cortex.o(i.HAL_NVIC_SetPriority)
    i.HAL_NVIC_SetPriorityGrouping           0x08000820   Section        0  stm32f1xx_hal_cortex.o(i.HAL_NVIC_SetPriorityGrouping)
    i.HAL_RCC_ClockConfig                    0x08000844   Section        0  stm32f1xx_hal_rcc.o(i.HAL_RCC_ClockConfig)
    i.HAL_RCC_GetPCLK1Freq                   0x08000970   Section        0  stm32f1xx_hal_rcc.o(i.HAL_RCC_GetPCLK1Freq)
    i.HAL_RCC_GetPCLK2Freq                   0x08000990   Section        0  stm32f1xx_hal_rcc.o(i.HAL_RCC_GetPCLK2Freq)
    i.HAL_RCC_GetSysClockFreq                0x080009b0   Section        0  stm32f1xx_hal_rcc.o(i.HAL_RCC_GetSysClockFreq)
    i.HAL_RCC_OscConfig                      0x080009fc   Section        0  stm32f1xx_hal_rcc.o(i.HAL_RCC_OscConfig)
    i.HAL_SYSTICK_Config                     0x08000d1c   Section        0  stm32f1xx_hal_cortex.o(i.HAL_SYSTICK_Config)
    i.HAL_TIMEx_BreakCallback                0x08000d44   Section        0  stm32f1xx_hal_tim_ex.o(i.HAL_TIMEx_BreakCallback)
    i.HAL_TIMEx_CommutCallback               0x08000d46   Section        0  stm32f1xx_hal_tim_ex.o(i.HAL_TIMEx_CommutCallback)
    i.HAL_TIMEx_ConfigBreakDeadTime          0x08000d48   Section        0  stm32f1xx_hal_tim_ex.o(i.HAL_TIMEx_ConfigBreakDeadTime)
    i.HAL_TIMEx_MasterConfigSynchronization  0x08000d9c   Section        0  stm32f1xx_hal_tim_ex.o(i.HAL_TIMEx_MasterConfigSynchronization)
    i.HAL_TIM_Base_Init                      0x08000e18   Section        0  stm32f1xx_hal_tim.o(i.HAL_TIM_Base_Init)
    i.HAL_TIM_Base_MspInit                   0x08000e74   Section        0  tim.o(i.HAL_TIM_Base_MspInit)
    i.HAL_TIM_Base_Start_IT                  0x08000ee4   Section        0  stm32f1xx_hal_tim.o(i.HAL_TIM_Base_Start_IT)
    i.HAL_TIM_ConfigClockSource              0x08000f50   Section        0  stm32f1xx_hal_tim.o(i.HAL_TIM_ConfigClockSource)
    i.HAL_TIM_Encoder_Init                   0x0800102c   Section        0  stm32f1xx_hal_tim.o(i.HAL_TIM_Encoder_Init)
    i.HAL_TIM_Encoder_MspInit                0x080010d0   Section        0  tim.o(i.HAL_TIM_Encoder_MspInit)
    i.HAL_TIM_Encoder_Start                  0x0800123c   Section        0  stm32f1xx_hal_tim.o(i.HAL_TIM_Encoder_Start)
    i.HAL_TIM_IC_CaptureCallback             0x080012ca   Section        0  stm32f1xx_hal_tim.o(i.HAL_TIM_IC_CaptureCallback)
    i.HAL_TIM_IRQHandler                     0x080012cc   Section        0  stm32f1xx_hal_tim.o(i.HAL_TIM_IRQHandler)
    i.HAL_TIM_MspPostInit                    0x080013fc   Section        0  tim.o(i.HAL_TIM_MspPostInit)
    i.HAL_TIM_OC_DelayElapsedCallback        0x08001448   Section        0  stm32f1xx_hal_tim.o(i.HAL_TIM_OC_DelayElapsedCallback)
    i.HAL_TIM_PWM_ConfigChannel              0x0800144a   Section        0  stm32f1xx_hal_tim.o(i.HAL_TIM_PWM_ConfigChannel)
    i.HAL_TIM_PWM_Init                       0x08001516   Section        0  stm32f1xx_hal_tim.o(i.HAL_TIM_PWM_Init)
    i.HAL_TIM_PWM_MspInit                    0x08001570   Section        0  stm32f1xx_hal_tim.o(i.HAL_TIM_PWM_MspInit)
    i.HAL_TIM_PWM_PulseFinishedCallback      0x08001572   Section        0  stm32f1xx_hal_tim.o(i.HAL_TIM_PWM_PulseFinishedCallback)
    i.HAL_TIM_PWM_Start                      0x08001574   Section        0  stm32f1xx_hal_tim.o(i.HAL_TIM_PWM_Start)
    i.HAL_TIM_PeriodElapsedCallback          0x08001628   Section        0  hal_y_servo_1.o(i.HAL_TIM_PeriodElapsedCallback)
    i.HAL_TIM_TriggerCallback                0x080016bc   Section        0  stm32f1xx_hal_tim.o(i.HAL_TIM_TriggerCallback)
    i.HAL_UARTEx_RxEventCallback             0x080016be   Section        0  stm32f1xx_hal_uart.o(i.HAL_UARTEx_RxEventCallback)
    i.HAL_UART_ErrorCallback                 0x080016c0   Section        0  stm32f1xx_hal_uart.o(i.HAL_UART_ErrorCallback)
    i.HAL_UART_IRQHandler                    0x080016c4   Section        0  stm32f1xx_hal_uart.o(i.HAL_UART_IRQHandler)
    i.HAL_UART_Init                          0x08001930   Section        0  stm32f1xx_hal_uart.o(i.HAL_UART_Init)
    i.HAL_UART_MspInit                       0x08001994   Section        0  usart.o(i.HAL_UART_MspInit)
    i.HAL_UART_RxCpltCallback                0x08001b14   Section        0  stm32f1xx_hal_uart.o(i.HAL_UART_RxCpltCallback)
    i.HAL_UART_TxCpltCallback                0x08001b16   Section        0  stm32f1xx_hal_uart.o(i.HAL_UART_TxCpltCallback)
    i.HardFault_Handler                      0x08001b18   Section        0  stm32f1xx_it.o(i.HardFault_Handler)
    i.MX_GPIO_Init                           0x08001b1c   Section        0  gpio.o(i.MX_GPIO_Init)
    i.MX_TIM2_Init                           0x08001bc8   Section        0  tim.o(i.MX_TIM2_Init)
    i.MX_TIM3_Init                           0x08001c34   Section        0  tim.o(i.MX_TIM3_Init)
    i.MX_TIM4_Init                           0x08001ca0   Section        0  tim.o(i.MX_TIM4_Init)
    i.MX_TIM5_Init                           0x08001d0c   Section        0  tim.o(i.MX_TIM5_Init)
    i.MX_TIM6_Init                           0x08001d78   Section        0  tim.o(i.MX_TIM6_Init)
    i.MX_TIM7_Init                           0x08001dbc   Section        0  tim.o(i.MX_TIM7_Init)
    i.MX_TIM8_Init                           0x08001e00   Section        0  tim.o(i.MX_TIM8_Init)
    i.MX_UART5_Init                          0x08001ef8   Section        0  usart.o(i.MX_UART5_Init)
    i.MX_USART1_UART_Init                    0x08001f30   Section        0  usart.o(i.MX_USART1_UART_Init)
    i.MX_USART2_UART_Init                    0x08001f68   Section        0  usart.o(i.MX_USART2_UART_Init)
    i.MX_USART3_UART_Init                    0x08001fa0   Section        0  usart.o(i.MX_USART3_UART_Init)
    i.MemManage_Handler                      0x08001fd8   Section        0  stm32f1xx_it.o(i.MemManage_Handler)
    i.NMI_Handler                            0x08001fda   Section        0  stm32f1xx_it.o(i.NMI_Handler)
    i.PendSV_Handler                         0x08001fdc   Section        0  stm32f1xx_it.o(i.PendSV_Handler)
    i.SVC_Handler                            0x08001fde   Section        0  stm32f1xx_it.o(i.SVC_Handler)
    i.SysTick_Handler                        0x08001fe0   Section        0  stm32f1xx_it.o(i.SysTick_Handler)
    i.SystemClock_Config                     0x08001fe4   Section        0  main.o(i.SystemClock_Config)
    i.SystemInit                             0x08002042   Section        0  system_stm32f1xx.o(i.SystemInit)
    i.TIM2_IRQHandler                        0x08002044   Section        0  stm32f1xx_it.o(i.TIM2_IRQHandler)
    i.TIM3_IRQHandler                        0x08002050   Section        0  stm32f1xx_it.o(i.TIM3_IRQHandler)
    i.TIM4_IRQHandler                        0x0800205c   Section        0  stm32f1xx_it.o(i.TIM4_IRQHandler)
    i.TIM5_IRQHandler                        0x08002068   Section        0  stm32f1xx_it.o(i.TIM5_IRQHandler)
    i.TIM7_IRQHandler                        0x08002074   Section        0  stm32f1xx_it.o(i.TIM7_IRQHandler)
    i.TIM_Base_SetConfig                     0x08002080   Section        0  stm32f1xx_hal_tim.o(i.TIM_Base_SetConfig)
    i.TIM_CCxChannelCmd                      0x0800211c   Section        0  stm32f1xx_hal_tim.o(i.TIM_CCxChannelCmd)
    i.TIM_ETR_SetConfig                      0x08002136   Section        0  stm32f1xx_hal_tim.o(i.TIM_ETR_SetConfig)
    i.TIM_ITRx_SetConfig                     0x0800214a   Section        0  stm32f1xx_hal_tim.o(i.TIM_ITRx_SetConfig)
    TIM_ITRx_SetConfig                       0x0800214b   Thumb Code    16  stm32f1xx_hal_tim.o(i.TIM_ITRx_SetConfig)
    i.TIM_OC1_SetConfig                      0x0800215c   Section        0  stm32f1xx_hal_tim.o(i.TIM_OC1_SetConfig)
    TIM_OC1_SetConfig                        0x0800215d   Thumb Code    88  stm32f1xx_hal_tim.o(i.TIM_OC1_SetConfig)
    i.TIM_OC2_SetConfig                      0x080021bc   Section        0  stm32f1xx_hal_tim.o(i.TIM_OC2_SetConfig)
    i.TIM_OC3_SetConfig                      0x08002228   Section        0  stm32f1xx_hal_tim.o(i.TIM_OC3_SetConfig)
    TIM_OC3_SetConfig                        0x08002229   Thumb Code    96  stm32f1xx_hal_tim.o(i.TIM_OC3_SetConfig)
    i.TIM_OC4_SetConfig                      0x08002290   Section        0  stm32f1xx_hal_tim.o(i.TIM_OC4_SetConfig)
    TIM_OC4_SetConfig                        0x08002291   Thumb Code    70  stm32f1xx_hal_tim.o(i.TIM_OC4_SetConfig)
    i.TIM_TI1_ConfigInputStage               0x080022e0   Section        0  stm32f1xx_hal_tim.o(i.TIM_TI1_ConfigInputStage)
    TIM_TI1_ConfigInputStage                 0x080022e1   Thumb Code    34  stm32f1xx_hal_tim.o(i.TIM_TI1_ConfigInputStage)
    i.TIM_TI2_ConfigInputStage               0x08002302   Section        0  stm32f1xx_hal_tim.o(i.TIM_TI2_ConfigInputStage)
    TIM_TI2_ConfigInputStage                 0x08002303   Thumb Code    36  stm32f1xx_hal_tim.o(i.TIM_TI2_ConfigInputStage)
    i.UART5_IRQHandler                       0x08002328   Section        0  stm32f1xx_it.o(i.UART5_IRQHandler)
    i.UART_DMAAbortOnError                   0x08002334   Section        0  stm32f1xx_hal_uart.o(i.UART_DMAAbortOnError)
    UART_DMAAbortOnError                     0x08002335   Thumb Code    16  stm32f1xx_hal_uart.o(i.UART_DMAAbortOnError)
    i.UART_EndRxTransfer                     0x08002344   Section        0  stm32f1xx_hal_uart.o(i.UART_EndRxTransfer)
    UART_EndRxTransfer                       0x08002345   Thumb Code    78  stm32f1xx_hal_uart.o(i.UART_EndRxTransfer)
    i.UART_Receive_IT                        0x08002392   Section        0  stm32f1xx_hal_uart.o(i.UART_Receive_IT)
    UART_Receive_IT                          0x08002393   Thumb Code   194  stm32f1xx_hal_uart.o(i.UART_Receive_IT)
    i.UART_SetConfig                         0x08002454   Section        0  stm32f1xx_hal_uart.o(i.UART_SetConfig)
    UART_SetConfig                           0x08002455   Thumb Code   178  stm32f1xx_hal_uart.o(i.UART_SetConfig)
    i.USART1_IRQHandler                      0x0800250c   Section        0  stm32f1xx_it.o(i.USART1_IRQHandler)
    i.USART2_IRQHandler                      0x08002518   Section        0  stm32f1xx_it.o(i.USART2_IRQHandler)
    i.USART3_IRQHandler                      0x08002524   Section        0  stm32f1xx_it.o(i.USART3_IRQHandler)
    i.UsageFault_Handler                     0x08002530   Section        0  stm32f1xx_it.o(i.UsageFault_Handler)
    i.__NVIC_SetPriority                     0x08002532   Section        0  stm32f1xx_hal_cortex.o(i.__NVIC_SetPriority)
    __NVIC_SetPriority                       0x08002533   Thumb Code    32  stm32f1xx_hal_cortex.o(i.__NVIC_SetPriority)
    i.app_motor_init                         0x08002552   Section        0  hal_app_motor_1.o(i.app_motor_init)
    i.led_init                               0x08002560   Section        0  hal_y_led_1.o(i.led_init)
    i.main                                   0x08002570   Section        0  main.o(i.main)
    i.motor_init                             0x080025e0   Section        0  hal_y_motor_1.o(i.motor_init)
    i.pwmServo_init                          0x0800261c   Section        0  hal_y_servo_1.o(i.pwmServo_init)
    i.servo_increment_offset                 0x08002660   Section        0  hal_y_servo_1.o(i.servo_increment_offset)
    servo_increment_offset                   0x08002661   Thumb Code   126  hal_y_servo_1.o(i.servo_increment_offset)
    i.servo_pin_set                          0x080026e4   Section        0  hal_y_servo_1.o(i.servo_pin_set)
    servo_pin_set                            0x080026e5   Thumb Code    60  hal_y_servo_1.o(i.servo_pin_set)
    i.setup_kinematics                       0x08002724   Section        0  hal_y_kinematics_1.o(i.setup_kinematics)
    i.soft_i2c_gpio_init                     0x08002760   Section        0  hal_y_soft_i2c_1.o(i.soft_i2c_gpio_init)
    x$fpl$fadd                               0x08002780   Section      196  faddsub_clz.o(x$fpl$fadd)
    _fadd1                                   0x0800278f   Thumb Code     0  faddsub_clz.o(x$fpl$fadd)
    x$fpl$fcheck1                            0x08002844   Section       12  fcheck1.o(x$fpl$fcheck1)
    x$fpl$ffix                               0x08002850   Section       54  ffix.o(x$fpl$ffix)
    x$fpl$ffixu                              0x08002888   Section       62  ffixu.o(x$fpl$ffixu)
    x$fpl$fflt                               0x080028c8   Section       48  fflt_clz.o(x$fpl$fflt)
    x$fpl$fmul                               0x080028f8   Section      258  fmul.o(x$fpl$fmul)
    x$fpl$fnaninf                            0x080029fa   Section      140  fnaninf.o(x$fpl$fnaninf)
    x$fpl$fretinf                            0x08002a86   Section       10  fretinf.o(x$fpl$fretinf)
    x$fpl$fsub                               0x08002a90   Section      234  faddsub_clz.o(x$fpl$fsub)
    _fsub1                                   0x08002a9f   Thumb Code     0  faddsub_clz.o(x$fpl$fsub)
    x$fpl$retnan                             0x08002b7a   Section      100  retnan.o(x$fpl$retnan)
    x$fpl$scalbnf                            0x08002bde   Section       76  scalbnf.o(x$fpl$scalbnf)
    x$fpl$trapveneer                         0x08002c2a   Section       48  trapv.o(x$fpl$trapveneer)
    .constdata                               0x08002c5a   Section       18  stm32f1xx_hal_rcc.o(.constdata)
    x$fpl$usenofp                            0x08002c5a   Section        0  usenofp.o(x$fpl$usenofp)
    aPredivFactorTable                       0x08002c5a   Data           2  stm32f1xx_hal_rcc.o(.constdata)
    aPLLMULFactorTable                       0x08002c5c   Data          16  stm32f1xx_hal_rcc.o(.constdata)
    .constdata                               0x08002c6c   Section       16  system_stm32f1xx.o(.constdata)
    .constdata                               0x08002c7c   Section        8  system_stm32f1xx.o(.constdata)
    .data                                    0x20000000   Section       12  stm32f1xx_hal.o(.data)
    .data                                    0x2000000c   Section        4  system_stm32f1xx.o(.data)
    .data                                    0x20000010   Section        2  hal_y_servo_1.o(.data)
    flag                                     0x20000010   Data           1  hal_y_servo_1.o(.data)
    servo_index                              0x20000011   Data           1  hal_y_servo_1.o(.data)
    .bss                                     0x20000014   Section      504  tim.o(.bss)
    .bss                                     0x2000020c   Section      288  usart.o(.bss)
    .bss                                     0x2000032c   Section       48  hal_y_kinematics_1.o(.bss)
    .bss                                     0x2000035c   Section      120  hal_y_servo_1.o(.bss)
    .bss                                     0x200003d4   Section       96  libspace.o(.bss)
    HEAP                                     0x20000438   Section      512  startup_stm32f103xe.o(HEAP)
    Heap_Mem                                 0x20000438   Data         512  startup_stm32f103xe.o(HEAP)
    STACK                                    0x20000638   Section     1024  startup_stm32f103xe.o(STACK)
    Stack_Mem                                0x20000638   Data        1024  startup_stm32f103xe.o(STACK)
    __initial_sp                             0x20000a38   Data           0  startup_stm32f103xe.o(STACK)

    Global Symbols

    Symbol Name                              Value     Ov Type        Size  Object(Section)

    BuildAttributes$$THM_ISAv4$P$D$K$B$S$PE$A:L22UL41UL21$X:L11$S22US41US21$IEEE1$IW$USESV6$~STKCKD$USESV7$~SHL$OTIME$ROPI$IEEEX$EBA8$UX$STANDARDLIB$REQ8$PRES8$EABIv2 0x00000000   Number         0  anon$$obj.o ABSOLUTE
    __ARM_use_no_argv                        0x00000000   Number         0  main.o ABSOLUTE
    __ARM_exceptions_init                     - Undefined Weak Reference
    __alloca_initialize                       - Undefined Weak Reference
    __arm_preinit_                            - Undefined Weak Reference
    __cpp_initialize__aeabi_                  - Undefined Weak Reference
    __cxa_finalize                            - Undefined Weak Reference
    __rt_locale                               - Undefined Weak Reference
    __sigvec_lookup                           - Undefined Weak Reference
    _atexit_init                              - Undefined Weak Reference
    _call_atexit_fns                          - Undefined Weak Reference
    _clock_init                               - Undefined Weak Reference
    _fp_trap_init                             - Undefined Weak Reference
    _fp_trap_shutdown                         - Undefined Weak Reference
    _get_lc_collate                           - Undefined Weak Reference
    _get_lc_ctype                             - Undefined Weak Reference
    _get_lc_monetary                          - Undefined Weak Reference
    _get_lc_numeric                           - Undefined Weak Reference
    _get_lc_time                              - Undefined Weak Reference
    _getenv_init                              - Undefined Weak Reference
    _handle_redirection                       - Undefined Weak Reference
    _init_alloc                               - Undefined Weak Reference
    _init_user_alloc                          - Undefined Weak Reference
    _initio                                   - Undefined Weak Reference
    _printf_post_padding                      - Undefined Weak Reference
    _printf_pre_padding                       - Undefined Weak Reference
    _printf_truncate_signed                   - Undefined Weak Reference
    _printf_truncate_unsigned                 - Undefined Weak Reference
    _rand_init                                - Undefined Weak Reference
    _signal_finish                            - Undefined Weak Reference
    _signal_init                              - Undefined Weak Reference
    _terminate_alloc                          - Undefined Weak Reference
    _terminate_user_alloc                     - Undefined Weak Reference
    _terminateio                              - Undefined Weak Reference
    __Vectors_Size                           0x00000130   Number         0  startup_stm32f103xe.o ABSOLUTE
    __Vectors                                0x08000000   Data           4  startup_stm32f103xe.o(RESET)
    __Vectors_End                            0x08000130   Data           0  startup_stm32f103xe.o(RESET)
    __main                                   0x08000131   Thumb Code     8  __main.o(!!!main)
    __scatterload                            0x08000139   Thumb Code     0  __scatter.o(!!!scatter)
    __scatterload_rt2                        0x08000139   Thumb Code    44  __scatter.o(!!!scatter)
    __scatterload_rt2_thumb_only             0x08000139   Thumb Code     0  __scatter.o(!!!scatter)
    __scatterload_null                       0x08000147   Thumb Code     0  __scatter.o(!!!scatter)
    __scatterload_copy                       0x0800016d   Thumb Code    26  __scatter_copy.o(!!handler_copy)
    __scatterload_zeroinit                   0x08000189   Thumb Code    28  __scatter_zi.o(!!handler_zi)
    __rt_lib_init                            0x080001a5   Thumb Code     0  libinit.o(.ARM.Collect$$libinit$$00000000)
    __rt_lib_init_alloca_1                   0x080001a7   Thumb Code     0  libinit2.o(.ARM.Collect$$libinit$$0000002E)
    __rt_lib_init_argv_1                     0x080001a7   Thumb Code     0  libinit2.o(.ARM.Collect$$libinit$$0000002C)
    __rt_lib_init_atexit_1                   0x080001a7   Thumb Code     0  libinit2.o(.ARM.Collect$$libinit$$0000001B)
    __rt_lib_init_clock_1                    0x080001a7   Thumb Code     0  libinit2.o(.ARM.Collect$$libinit$$00000021)
    __rt_lib_init_cpp_1                      0x080001a7   Thumb Code     0  libinit2.o(.ARM.Collect$$libinit$$00000032)
    __rt_lib_init_exceptions_1               0x080001a7   Thumb Code     0  libinit2.o(.ARM.Collect$$libinit$$00000030)
    __rt_lib_init_fp_1                       0x080001a7   Thumb Code     0  libinit2.o(.ARM.Collect$$libinit$$00000002)
    __rt_lib_init_fp_trap_1                  0x080001a7   Thumb Code     0  libinit2.o(.ARM.Collect$$libinit$$0000001F)
    __rt_lib_init_getenv_1                   0x080001a7   Thumb Code     0  libinit2.o(.ARM.Collect$$libinit$$00000023)
    __rt_lib_init_heap_1                     0x080001a7   Thumb Code     0  libinit2.o(.ARM.Collect$$libinit$$0000000A)
    __rt_lib_init_lc_collate_1               0x080001a7   Thumb Code     0  libinit2.o(.ARM.Collect$$libinit$$00000011)
    __rt_lib_init_lc_ctype_1                 0x080001a7   Thumb Code     0  libinit2.o(.ARM.Collect$$libinit$$00000013)
    __rt_lib_init_lc_monetary_1              0x080001a7   Thumb Code     0  libinit2.o(.ARM.Collect$$libinit$$00000015)
    __rt_lib_init_lc_numeric_1               0x080001a7   Thumb Code     0  libinit2.o(.ARM.Collect$$libinit$$00000017)
    __rt_lib_init_lc_time_1                  0x080001a7   Thumb Code     0  libinit2.o(.ARM.Collect$$libinit$$00000019)
    __rt_lib_init_preinit_1                  0x080001a7   Thumb Code     0  libinit2.o(.ARM.Collect$$libinit$$00000004)
    __rt_lib_init_rand_1                     0x080001a7   Thumb Code     0  libinit2.o(.ARM.Collect$$libinit$$0000000E)
    __rt_lib_init_return                     0x080001a7   Thumb Code     0  libinit2.o(.ARM.Collect$$libinit$$00000033)
    __rt_lib_init_signal_1                   0x080001a7   Thumb Code     0  libinit2.o(.ARM.Collect$$libinit$$0000001D)
    __rt_lib_init_stdio_1                    0x080001a7   Thumb Code     0  libinit2.o(.ARM.Collect$$libinit$$00000025)
    __rt_lib_init_user_alloc_1               0x080001a7   Thumb Code     0  libinit2.o(.ARM.Collect$$libinit$$0000000C)
    __rt_lib_shutdown                        0x080001a9   Thumb Code     0  libshutdown.o(.ARM.Collect$$libshutdown$$00000000)
    __rt_lib_shutdown_cpp_1                  0x080001ab   Thumb Code     0  libshutdown2.o(.ARM.Collect$$libshutdown$$00000002)
    __rt_lib_shutdown_fp_trap_1              0x080001ab   Thumb Code     0  libshutdown2.o(.ARM.Collect$$libshutdown$$00000007)
    __rt_lib_shutdown_heap_1                 0x080001ab   Thumb Code     0  libshutdown2.o(.ARM.Collect$$libshutdown$$0000000F)
    __rt_lib_shutdown_return                 0x080001ab   Thumb Code     0  libshutdown2.o(.ARM.Collect$$libshutdown$$00000010)
    __rt_lib_shutdown_signal_1               0x080001ab   Thumb Code     0  libshutdown2.o(.ARM.Collect$$libshutdown$$0000000A)
    __rt_lib_shutdown_stdio_1                0x080001ab   Thumb Code     0  libshutdown2.o(.ARM.Collect$$libshutdown$$00000004)
    __rt_lib_shutdown_user_alloc_1           0x080001ab   Thumb Code     0  libshutdown2.o(.ARM.Collect$$libshutdown$$0000000C)
    __rt_entry                               0x080001ad   Thumb Code     0  __rtentry.o(.ARM.Collect$$rtentry$$00000000)
    __rt_entry_presh_1                       0x080001ad   Thumb Code     0  __rtentry2.o(.ARM.Collect$$rtentry$$00000002)
    __rt_entry_sh                            0x080001ad   Thumb Code     0  __rtentry4.o(.ARM.Collect$$rtentry$$00000004)
    __rt_entry_li                            0x080001b3   Thumb Code     0  __rtentry2.o(.ARM.Collect$$rtentry$$0000000A)
    __rt_entry_postsh_1                      0x080001b3   Thumb Code     0  __rtentry2.o(.ARM.Collect$$rtentry$$00000009)
    __rt_entry_main                          0x080001b7   Thumb Code     0  __rtentry2.o(.ARM.Collect$$rtentry$$0000000D)
    __rt_entry_postli_1                      0x080001b7   Thumb Code     0  __rtentry2.o(.ARM.Collect$$rtentry$$0000000C)
    __rt_exit                                0x080001bf   Thumb Code     0  rtexit.o(.ARM.Collect$$rtexit$$00000000)
    __rt_exit_ls                             0x080001c1   Thumb Code     0  rtexit2.o(.ARM.Collect$$rtexit$$00000003)
    __rt_exit_prels_1                        0x080001c1   Thumb Code     0  rtexit2.o(.ARM.Collect$$rtexit$$00000002)
    __rt_exit_exit                           0x080001c5   Thumb Code     0  rtexit2.o(.ARM.Collect$$rtexit$$00000004)
    Reset_Handler                            0x080001cd   Thumb Code     8  startup_stm32f103xe.o(.text)
    ADC1_2_IRQHandler                        0x080001e7   Thumb Code     0  startup_stm32f103xe.o(.text)
    ADC3_IRQHandler                          0x080001e7   Thumb Code     0  startup_stm32f103xe.o(.text)
    CAN1_RX1_IRQHandler                      0x080001e7   Thumb Code     0  startup_stm32f103xe.o(.text)
    CAN1_SCE_IRQHandler                      0x080001e7   Thumb Code     0  startup_stm32f103xe.o(.text)
    DMA1_Channel1_IRQHandler                 0x080001e7   Thumb Code     0  startup_stm32f103xe.o(.text)
    DMA1_Channel2_IRQHandler                 0x080001e7   Thumb Code     0  startup_stm32f103xe.o(.text)
    DMA1_Channel3_IRQHandler                 0x080001e7   Thumb Code     0  startup_stm32f103xe.o(.text)
    DMA1_Channel4_IRQHandler                 0x080001e7   Thumb Code     0  startup_stm32f103xe.o(.text)
    DMA1_Channel5_IRQHandler                 0x080001e7   Thumb Code     0  startup_stm32f103xe.o(.text)
    DMA1_Channel6_IRQHandler                 0x080001e7   Thumb Code     0  startup_stm32f103xe.o(.text)
    DMA1_Channel7_IRQHandler                 0x080001e7   Thumb Code     0  startup_stm32f103xe.o(.text)
    DMA2_Channel1_IRQHandler                 0x080001e7   Thumb Code     0  startup_stm32f103xe.o(.text)
    DMA2_Channel2_IRQHandler                 0x080001e7   Thumb Code     0  startup_stm32f103xe.o(.text)
    DMA2_Channel3_IRQHandler                 0x080001e7   Thumb Code     0  startup_stm32f103xe.o(.text)
    DMA2_Channel4_5_IRQHandler               0x080001e7   Thumb Code     0  startup_stm32f103xe.o(.text)
    EXTI0_IRQHandler                         0x080001e7   Thumb Code     0  startup_stm32f103xe.o(.text)
    EXTI15_10_IRQHandler                     0x080001e7   Thumb Code     0  startup_stm32f103xe.o(.text)
    EXTI1_IRQHandler                         0x080001e7   Thumb Code     0  startup_stm32f103xe.o(.text)
    EXTI2_IRQHandler                         0x080001e7   Thumb Code     0  startup_stm32f103xe.o(.text)
    EXTI3_IRQHandler                         0x080001e7   Thumb Code     0  startup_stm32f103xe.o(.text)
    EXTI4_IRQHandler                         0x080001e7   Thumb Code     0  startup_stm32f103xe.o(.text)
    EXTI9_5_IRQHandler                       0x080001e7   Thumb Code     0  startup_stm32f103xe.o(.text)
    FLASH_IRQHandler                         0x080001e7   Thumb Code     0  startup_stm32f103xe.o(.text)
    FSMC_IRQHandler                          0x080001e7   Thumb Code     0  startup_stm32f103xe.o(.text)
    I2C1_ER_IRQHandler                       0x080001e7   Thumb Code     0  startup_stm32f103xe.o(.text)
    I2C1_EV_IRQHandler                       0x080001e7   Thumb Code     0  startup_stm32f103xe.o(.text)
    I2C2_ER_IRQHandler                       0x080001e7   Thumb Code     0  startup_stm32f103xe.o(.text)
    I2C2_EV_IRQHandler                       0x080001e7   Thumb Code     0  startup_stm32f103xe.o(.text)
    PVD_IRQHandler                           0x080001e7   Thumb Code     0  startup_stm32f103xe.o(.text)
    RCC_IRQHandler                           0x080001e7   Thumb Code     0  startup_stm32f103xe.o(.text)
    RTC_Alarm_IRQHandler                     0x080001e7   Thumb Code     0  startup_stm32f103xe.o(.text)
    RTC_IRQHandler                           0x080001e7   Thumb Code     0  startup_stm32f103xe.o(.text)
    SDIO_IRQHandler                          0x080001e7   Thumb Code     0  startup_stm32f103xe.o(.text)
    SPI1_IRQHandler                          0x080001e7   Thumb Code     0  startup_stm32f103xe.o(.text)
    SPI2_IRQHandler                          0x080001e7   Thumb Code     0  startup_stm32f103xe.o(.text)
    SPI3_IRQHandler                          0x080001e7   Thumb Code     0  startup_stm32f103xe.o(.text)
    TAMPER_IRQHandler                        0x080001e7   Thumb Code     0  startup_stm32f103xe.o(.text)
    TIM1_BRK_IRQHandler                      0x080001e7   Thumb Code     0  startup_stm32f103xe.o(.text)
    TIM1_CC_IRQHandler                       0x080001e7   Thumb Code     0  startup_stm32f103xe.o(.text)
    TIM1_TRG_COM_IRQHandler                  0x080001e7   Thumb Code     0  startup_stm32f103xe.o(.text)
    TIM1_UP_IRQHandler                       0x080001e7   Thumb Code     0  startup_stm32f103xe.o(.text)
    TIM6_IRQHandler                          0x080001e7   Thumb Code     0  startup_stm32f103xe.o(.text)
    TIM8_BRK_IRQHandler                      0x080001e7   Thumb Code     0  startup_stm32f103xe.o(.text)
    TIM8_CC_IRQHandler                       0x080001e7   Thumb Code     0  startup_stm32f103xe.o(.text)
    TIM8_TRG_COM_IRQHandler                  0x080001e7   Thumb Code     0  startup_stm32f103xe.o(.text)
    TIM8_UP_IRQHandler                       0x080001e7   Thumb Code     0  startup_stm32f103xe.o(.text)
    UART4_IRQHandler                         0x080001e7   Thumb Code     0  startup_stm32f103xe.o(.text)
    USBWakeUp_IRQHandler                     0x080001e7   Thumb Code     0  startup_stm32f103xe.o(.text)
    USB_HP_CAN1_TX_IRQHandler                0x080001e7   Thumb Code     0  startup_stm32f103xe.o(.text)
    USB_LP_CAN1_RX0_IRQHandler               0x080001e7   Thumb Code     0  startup_stm32f103xe.o(.text)
    WWDG_IRQHandler                          0x080001e7   Thumb Code     0  startup_stm32f103xe.o(.text)
    __user_initial_stackheap                 0x080001e9   Thumb Code     0  startup_stm32f103xe.o(.text)
    __aeabi_memclr4                          0x0800020d   Thumb Code     0  rt_memclr_w.o(.text)
    __aeabi_memclr8                          0x0800020d   Thumb Code     0  rt_memclr_w.o(.text)
    __rt_memclr_w                            0x0800020d   Thumb Code    78  rt_memclr_w.o(.text)
    _memset_w                                0x08000211   Thumb Code     0  rt_memclr_w.o(.text)
    __use_two_region_memory                  0x0800025b   Thumb Code     2  heapauxi.o(.text)
    __rt_heap_escrow$2region                 0x0800025d   Thumb Code     2  heapauxi.o(.text)
    __rt_heap_expand$2region                 0x0800025f   Thumb Code     2  heapauxi.o(.text)
    __user_libspace                          0x08000261   Thumb Code     8  libspace.o(.text)
    __user_perproc_libspace                  0x08000261   Thumb Code     0  libspace.o(.text)
    __user_perthread_libspace                0x08000261   Thumb Code     0  libspace.o(.text)
    __user_setup_stackheap                   0x08000269   Thumb Code    74  sys_stackheap_outer.o(.text)
    exit                                     0x080002b3   Thumb Code    18  exit.o(.text)
    _sys_exit                                0x080002c5   Thumb Code     8  sys_exit.o(.text)
    __I$use$semihosting                      0x080002d1   Thumb Code     0  use_no_semi.o(.text)
    __use_no_semihosting_swi                 0x080002d1   Thumb Code     2  use_no_semi.o(.text)
    BusFault_Handler                         0x080002d3   Thumb Code     2  stm32f1xx_it.o(i.BusFault_Handler)
    __semihosting_library_function           0x080002d3   Thumb Code     0  indicate_semi.o(.text)
    DebugMon_Handler                         0x080002d5   Thumb Code     2  stm32f1xx_it.o(i.DebugMon_Handler)
    Encoder_Init                             0x080002d9   Thumb Code    38  hal_y_encoder_1.o(i.Encoder_Init)
    Error_Handler                            0x08000311   Thumb Code     4  main.o(i.Error_Handler)
    HAL_DMA_Abort                            0x08000315   Thumb Code    70  stm32f1xx_hal_dma.o(i.HAL_DMA_Abort)
    HAL_DMA_Abort_IT                         0x0800035d   Thumb Code   296  stm32f1xx_hal_dma.o(i.HAL_DMA_Abort_IT)
    HAL_GPIO_Init                            0x0800048d   Thumb Code   462  stm32f1xx_hal_gpio.o(i.HAL_GPIO_Init)
    HAL_GPIO_WritePin                        0x08000685   Thumb Code    10  stm32f1xx_hal_gpio.o(i.HAL_GPIO_WritePin)
    HAL_GetTick                              0x08000691   Thumb Code     6  stm32f1xx_hal.o(i.HAL_GetTick)
    HAL_HalfDuplex_Init                      0x0800069d   Thumb Code   110  stm32f1xx_hal_uart.o(i.HAL_HalfDuplex_Init)
    HAL_IncTick                              0x0800070d   Thumb Code    12  stm32f1xx_hal.o(i.HAL_IncTick)
    HAL_Init                                 0x0800071d   Thumb Code    32  stm32f1xx_hal.o(i.HAL_Init)
    HAL_InitTick                             0x08000741   Thumb Code    54  stm32f1xx_hal.o(i.HAL_InitTick)
    HAL_MspInit                              0x08000781   Thumb Code    58  stm32f1xx_hal_msp.o(i.HAL_MspInit)
    HAL_NVIC_EnableIRQ                       0x080007c5   Thumb Code    26  stm32f1xx_hal_cortex.o(i.HAL_NVIC_EnableIRQ)
    HAL_NVIC_SetPriority                     0x080007e1   Thumb Code    60  stm32f1xx_hal_cortex.o(i.HAL_NVIC_SetPriority)
    HAL_NVIC_SetPriorityGrouping             0x08000821   Thumb Code    26  stm32f1xx_hal_cortex.o(i.HAL_NVIC_SetPriorityGrouping)
    HAL_RCC_ClockConfig                      0x08000845   Thumb Code   280  stm32f1xx_hal_rcc.o(i.HAL_RCC_ClockConfig)
    HAL_RCC_GetPCLK1Freq                     0x08000971   Thumb Code    20  stm32f1xx_hal_rcc.o(i.HAL_RCC_GetPCLK1Freq)
    HAL_RCC_GetPCLK2Freq                     0x08000991   Thumb Code    20  stm32f1xx_hal_rcc.o(i.HAL_RCC_GetPCLK2Freq)
    HAL_RCC_GetSysClockFreq                  0x080009b1   Thumb Code    58  stm32f1xx_hal_rcc.o(i.HAL_RCC_GetSysClockFreq)
    HAL_RCC_OscConfig                        0x080009fd   Thumb Code   778  stm32f1xx_hal_rcc.o(i.HAL_RCC_OscConfig)
    HAL_SYSTICK_Config                       0x08000d1d   Thumb Code    40  stm32f1xx_hal_cortex.o(i.HAL_SYSTICK_Config)
    HAL_TIMEx_BreakCallback                  0x08000d45   Thumb Code     2  stm32f1xx_hal_tim_ex.o(i.HAL_TIMEx_BreakCallback)
    HAL_TIMEx_CommutCallback                 0x08000d47   Thumb Code     2  stm32f1xx_hal_tim_ex.o(i.HAL_TIMEx_CommutCallback)
    HAL_TIMEx_ConfigBreakDeadTime            0x08000d49   Thumb Code    84  stm32f1xx_hal_tim_ex.o(i.HAL_TIMEx_ConfigBreakDeadTime)
    HAL_TIMEx_MasterConfigSynchronization    0x08000d9d   Thumb Code   104  stm32f1xx_hal_tim_ex.o(i.HAL_TIMEx_MasterConfigSynchronization)
    HAL_TIM_Base_Init                        0x08000e19   Thumb Code    90  stm32f1xx_hal_tim.o(i.HAL_TIM_Base_Init)
    HAL_TIM_Base_MspInit                     0x08000e75   Thumb Code    94  tim.o(i.HAL_TIM_Base_MspInit)
    HAL_TIM_Base_Start_IT                    0x08000ee5   Thumb Code    88  stm32f1xx_hal_tim.o(i.HAL_TIM_Base_Start_IT)
    HAL_TIM_ConfigClockSource                0x08000f51   Thumb Code   220  stm32f1xx_hal_tim.o(i.HAL_TIM_ConfigClockSource)
    HAL_TIM_Encoder_Init                     0x0800102d   Thumb Code   164  stm32f1xx_hal_tim.o(i.HAL_TIM_Encoder_Init)
    HAL_TIM_Encoder_MspInit                  0x080010d1   Thumb Code   336  tim.o(i.HAL_TIM_Encoder_MspInit)
    HAL_TIM_Encoder_Start                    0x0800123d   Thumb Code   142  stm32f1xx_hal_tim.o(i.HAL_TIM_Encoder_Start)
    HAL_TIM_IC_CaptureCallback               0x080012cb   Thumb Code     2  stm32f1xx_hal_tim.o(i.HAL_TIM_IC_CaptureCallback)
    HAL_TIM_IRQHandler                       0x080012cd   Thumb Code   304  stm32f1xx_hal_tim.o(i.HAL_TIM_IRQHandler)
    HAL_TIM_MspPostInit                      0x080013fd   Thumb Code    64  tim.o(i.HAL_TIM_MspPostInit)
    HAL_TIM_OC_DelayElapsedCallback          0x08001449   Thumb Code     2  stm32f1xx_hal_tim.o(i.HAL_TIM_OC_DelayElapsedCallback)
    HAL_TIM_PWM_ConfigChannel                0x0800144b   Thumb Code   204  stm32f1xx_hal_tim.o(i.HAL_TIM_PWM_ConfigChannel)
    HAL_TIM_PWM_Init                         0x08001517   Thumb Code    90  stm32f1xx_hal_tim.o(i.HAL_TIM_PWM_Init)
    HAL_TIM_PWM_MspInit                      0x08001571   Thumb Code     2  stm32f1xx_hal_tim.o(i.HAL_TIM_PWM_MspInit)
    HAL_TIM_PWM_PulseFinishedCallback        0x08001573   Thumb Code     2  stm32f1xx_hal_tim.o(i.HAL_TIM_PWM_PulseFinishedCallback)
    HAL_TIM_PWM_Start                        0x08001575   Thumb Code   160  stm32f1xx_hal_tim.o(i.HAL_TIM_PWM_Start)
    HAL_TIM_PeriodElapsedCallback            0x08001629   Thumb Code   130  hal_y_servo_1.o(i.HAL_TIM_PeriodElapsedCallback)
    HAL_TIM_TriggerCallback                  0x080016bd   Thumb Code     2  stm32f1xx_hal_tim.o(i.HAL_TIM_TriggerCallback)
    HAL_UARTEx_RxEventCallback               0x080016bf   Thumb Code     2  stm32f1xx_hal_uart.o(i.HAL_UARTEx_RxEventCallback)
    HAL_UART_ErrorCallback                   0x080016c1   Thumb Code     2  stm32f1xx_hal_uart.o(i.HAL_UART_ErrorCallback)
    HAL_UART_IRQHandler                      0x080016c5   Thumb Code   616  stm32f1xx_hal_uart.o(i.HAL_UART_IRQHandler)
    HAL_UART_Init                            0x08001931   Thumb Code   100  stm32f1xx_hal_uart.o(i.HAL_UART_Init)
    HAL_UART_MspInit                         0x08001995   Thumb Code   352  usart.o(i.HAL_UART_MspInit)
    HAL_UART_RxCpltCallback                  0x08001b15   Thumb Code     2  stm32f1xx_hal_uart.o(i.HAL_UART_RxCpltCallback)
    HAL_UART_TxCpltCallback                  0x08001b17   Thumb Code     2  stm32f1xx_hal_uart.o(i.HAL_UART_TxCpltCallback)
    HardFault_Handler                        0x08001b19   Thumb Code     2  stm32f1xx_it.o(i.HardFault_Handler)
    MX_GPIO_Init                             0x08001b1d   Thumb Code   160  gpio.o(i.MX_GPIO_Init)
    MX_TIM2_Init                             0x08001bc9   Thumb Code   102  tim.o(i.MX_TIM2_Init)
    MX_TIM3_Init                             0x08001c35   Thumb Code   100  tim.o(i.MX_TIM3_Init)
    MX_TIM4_Init                             0x08001ca1   Thumb Code   100  tim.o(i.MX_TIM4_Init)
    MX_TIM5_Init                             0x08001d0d   Thumb Code   100  tim.o(i.MX_TIM5_Init)
    MX_TIM6_Init                             0x08001d79   Thumb Code    60  tim.o(i.MX_TIM6_Init)
    MX_TIM7_Init                             0x08001dbd   Thumb Code    58  tim.o(i.MX_TIM7_Init)
    MX_TIM8_Init                             0x08001e01   Thumb Code   240  tim.o(i.MX_TIM8_Init)
    MX_UART5_Init                            0x08001ef9   Thumb Code    48  usart.o(i.MX_UART5_Init)
    MX_USART1_UART_Init                      0x08001f31   Thumb Code    48  usart.o(i.MX_USART1_UART_Init)
    MX_USART2_UART_Init                      0x08001f69   Thumb Code    48  usart.o(i.MX_USART2_UART_Init)
    MX_USART3_UART_Init                      0x08001fa1   Thumb Code    48  usart.o(i.MX_USART3_UART_Init)
    MemManage_Handler                        0x08001fd9   Thumb Code     2  stm32f1xx_it.o(i.MemManage_Handler)
    NMI_Handler                              0x08001fdb   Thumb Code     2  stm32f1xx_it.o(i.NMI_Handler)
    PendSV_Handler                           0x08001fdd   Thumb Code     2  stm32f1xx_it.o(i.PendSV_Handler)
    SVC_Handler                              0x08001fdf   Thumb Code     2  stm32f1xx_it.o(i.SVC_Handler)
    SysTick_Handler                          0x08001fe1   Thumb Code     4  stm32f1xx_it.o(i.SysTick_Handler)
    SystemClock_Config                       0x08001fe5   Thumb Code    94  main.o(i.SystemClock_Config)
    SystemInit                               0x08002043   Thumb Code     2  system_stm32f1xx.o(i.SystemInit)
    TIM2_IRQHandler                          0x08002045   Thumb Code     6  stm32f1xx_it.o(i.TIM2_IRQHandler)
    TIM3_IRQHandler                          0x08002051   Thumb Code     6  stm32f1xx_it.o(i.TIM3_IRQHandler)
    TIM4_IRQHandler                          0x0800205d   Thumb Code     6  stm32f1xx_it.o(i.TIM4_IRQHandler)
    TIM5_IRQHandler                          0x08002069   Thumb Code     6  stm32f1xx_it.o(i.TIM5_IRQHandler)
    TIM7_IRQHandler                          0x08002075   Thumb Code     6  stm32f1xx_it.o(i.TIM7_IRQHandler)
    TIM_Base_SetConfig                       0x08002081   Thumb Code   134  stm32f1xx_hal_tim.o(i.TIM_Base_SetConfig)
    TIM_CCxChannelCmd                        0x0800211d   Thumb Code    26  stm32f1xx_hal_tim.o(i.TIM_CCxChannelCmd)
    TIM_ETR_SetConfig                        0x08002137   Thumb Code    20  stm32f1xx_hal_tim.o(i.TIM_ETR_SetConfig)
    TIM_OC2_SetConfig                        0x080021bd   Thumb Code    98  stm32f1xx_hal_tim.o(i.TIM_OC2_SetConfig)
    UART5_IRQHandler                         0x08002329   Thumb Code     6  stm32f1xx_it.o(i.UART5_IRQHandler)
    USART1_IRQHandler                        0x0800250d   Thumb Code     6  stm32f1xx_it.o(i.USART1_IRQHandler)
    USART2_IRQHandler                        0x08002519   Thumb Code     6  stm32f1xx_it.o(i.USART2_IRQHandler)
    USART3_IRQHandler                        0x08002525   Thumb Code     6  stm32f1xx_it.o(i.USART3_IRQHandler)
    UsageFault_Handler                       0x08002531   Thumb Code     2  stm32f1xx_it.o(i.UsageFault_Handler)
    app_motor_init                           0x08002553   Thumb Code    14  hal_app_motor_1.o(i.app_motor_init)
    led_init                                 0x08002561   Thumb Code    12  hal_y_led_1.o(i.led_init)
    main                                     0x08002571   Thumb Code    92  main.o(i.main)
    motor_init                               0x080025e1   Thumb Code    56  hal_y_motor_1.o(i.motor_init)
    pwmServo_init                            0x0800261d   Thumb Code    54  hal_y_servo_1.o(i.pwmServo_init)
    setup_kinematics                         0x08002725   Thumb Code    56  hal_y_kinematics_1.o(i.setup_kinematics)
    soft_i2c_gpio_init                       0x08002761   Thumb Code    28  hal_y_soft_i2c_1.o(i.soft_i2c_gpio_init)
    __aeabi_fadd                             0x08002781   Thumb Code     0  faddsub_clz.o(x$fpl$fadd)
    _fadd                                    0x08002781   Thumb Code   196  faddsub_clz.o(x$fpl$fadd)
    __fpl_fcheck_NaN1                        0x08002845   Thumb Code     6  fcheck1.o(x$fpl$fcheck1)
    __aeabi_f2iz                             0x08002851   Thumb Code     0  ffix.o(x$fpl$ffix)
    _ffix                                    0x08002851   Thumb Code    54  ffix.o(x$fpl$ffix)
    __aeabi_f2uiz                            0x08002889   Thumb Code     0  ffixu.o(x$fpl$ffixu)
    _ffixu                                   0x08002889   Thumb Code    62  ffixu.o(x$fpl$ffixu)
    __aeabi_i2f                              0x080028c9   Thumb Code     0  fflt_clz.o(x$fpl$fflt)
    _fflt                                    0x080028c9   Thumb Code    48  fflt_clz.o(x$fpl$fflt)
    __aeabi_fmul                             0x080028f9   Thumb Code     0  fmul.o(x$fpl$fmul)
    _fmul                                    0x080028f9   Thumb Code   258  fmul.o(x$fpl$fmul)
    __fpl_fnaninf                            0x080029fb   Thumb Code   140  fnaninf.o(x$fpl$fnaninf)
    __fpl_fretinf                            0x08002a87   Thumb Code    10  fretinf.o(x$fpl$fretinf)
    __aeabi_fsub                             0x08002a91   Thumb Code     0  faddsub_clz.o(x$fpl$fsub)
    _fsub                                    0x08002a91   Thumb Code   234  faddsub_clz.o(x$fpl$fsub)
    __fpl_return_NaN                         0x08002b7b   Thumb Code   100  retnan.o(x$fpl$retnan)
    __ARM_scalbnf                            0x08002bdf   Thumb Code    76  scalbnf.o(x$fpl$scalbnf)
    __fpl_cmpreturn                          0x08002c2b   Thumb Code    48  trapv.o(x$fpl$trapveneer)
    __I$use$fp                               0x08002c5a   Number         0  usenofp.o(x$fpl$usenofp)
    AHBPrescTable                            0x08002c6c   Data          16  system_stm32f1xx.o(.constdata)
    APBPrescTable                            0x08002c7c   Data           8  system_stm32f1xx.o(.constdata)
    Region$$Table$$Base                      0x08002c84   Number         0  anon$$obj.o(Region$$Table)
    Region$$Table$$Limit                     0x08002ca4   Number         0  anon$$obj.o(Region$$Table)
    uwTickFreq                               0x20000000   Data           1  stm32f1xx_hal.o(.data)
    uwTickPrio                               0x20000004   Data           4  stm32f1xx_hal.o(.data)
    uwTick                                   0x20000008   Data           4  stm32f1xx_hal.o(.data)
    SystemCoreClock                          0x2000000c   Data           4  system_stm32f1xx.o(.data)
    htim2                                    0x20000014   Data          72  tim.o(.bss)
    htim3                                    0x2000005c   Data          72  tim.o(.bss)
    htim4                                    0x200000a4   Data          72  tim.o(.bss)
    htim5                                    0x200000ec   Data          72  tim.o(.bss)
    htim6                                    0x20000134   Data          72  tim.o(.bss)
    htim7                                    0x2000017c   Data          72  tim.o(.bss)
    htim8                                    0x200001c4   Data          72  tim.o(.bss)
    huart5                                   0x2000020c   Data          72  usart.o(.bss)
    huart1                                   0x20000254   Data          72  usart.o(.bss)
    huart2                                   0x2000029c   Data          72  usart.o(.bss)
    huart3                                   0x200002e4   Data          72  usart.o(.bss)
    kinematics                               0x2000032c   Data          48  hal_y_kinematics_1.o(.bss)
    pwmServo_angle                           0x2000035c   Data         120  hal_y_servo_1.o(.bss)
    __libspace_start                         0x200003d4   Data          96  libspace.o(.bss)
    __temporary_stack_top$libspace           0x20000434   Data           0  libspace.o(.bss)



==============================================================================

Memory Map of the image

  Image Entry point : 0x08000131

  Load Region LR_IROM1 (Base: 0x08000000, Size: 0x00002cb8, Max: 0x00040000, ABSOLUTE)

    Execution Region ER_IROM1 (Exec base: 0x08000000, Load base: 0x08000000, Size: 0x00002ca4, Max: 0x00040000, ABSOLUTE)

    Exec Addr    Load Addr    Size         Type   Attr      Idx    E Section Name        Object

    0x08000000   0x08000000   0x00000130   Data   RO            3    RESET               startup_stm32f103xe.o
    0x08000130   0x08000130   0x00000008   Code   RO         3672  * !!!main             c_w.l(__main.o)
    0x08000138   0x08000138   0x00000034   Code   RO         3955    !!!scatter          c_w.l(__scatter.o)
    0x0800016c   0x0800016c   0x0000001a   Code   RO         3957    !!handler_copy      c_w.l(__scatter_copy.o)
    0x08000186   0x08000186   0x00000002   PAD
    0x08000188   0x08000188   0x0000001c   Code   RO         3959    !!handler_zi        c_w.l(__scatter_zi.o)
    0x080001a4   0x080001a4   0x00000002   Code   RO         3826    .ARM.Collect$$libinit$$00000000  c_w.l(libinit.o)
    0x080001a6   0x080001a6   0x00000000   Code   RO         3832    .ARM.Collect$$libinit$$00000002  c_w.l(libinit2.o)
    0x080001a6   0x080001a6   0x00000000   Code   RO         3834    .ARM.Collect$$libinit$$00000004  c_w.l(libinit2.o)
    0x080001a6   0x080001a6   0x00000000   Code   RO         3837    .ARM.Collect$$libinit$$0000000A  c_w.l(libinit2.o)
    0x080001a6   0x080001a6   0x00000000   Code   RO         3839    .ARM.Collect$$libinit$$0000000C  c_w.l(libinit2.o)
    0x080001a6   0x080001a6   0x00000000   Code   RO         3841    .ARM.Collect$$libinit$$0000000E  c_w.l(libinit2.o)
    0x080001a6   0x080001a6   0x00000000   Code   RO         3844    .ARM.Collect$$libinit$$00000011  c_w.l(libinit2.o)
    0x080001a6   0x080001a6   0x00000000   Code   RO         3846    .ARM.Collect$$libinit$$00000013  c_w.l(libinit2.o)
    0x080001a6   0x080001a6   0x00000000   Code   RO         3848    .ARM.Collect$$libinit$$00000015  c_w.l(libinit2.o)
    0x080001a6   0x080001a6   0x00000000   Code   RO         3850    .ARM.Collect$$libinit$$00000017  c_w.l(libinit2.o)
    0x080001a6   0x080001a6   0x00000000   Code   RO         3852    .ARM.Collect$$libinit$$00000019  c_w.l(libinit2.o)
    0x080001a6   0x080001a6   0x00000000   Code   RO         3854    .ARM.Collect$$libinit$$0000001B  c_w.l(libinit2.o)
    0x080001a6   0x080001a6   0x00000000   Code   RO         3856    .ARM.Collect$$libinit$$0000001D  c_w.l(libinit2.o)
    0x080001a6   0x080001a6   0x00000000   Code   RO         3858    .ARM.Collect$$libinit$$0000001F  c_w.l(libinit2.o)
    0x080001a6   0x080001a6   0x00000000   Code   RO         3860    .ARM.Collect$$libinit$$00000021  c_w.l(libinit2.o)
    0x080001a6   0x080001a6   0x00000000   Code   RO         3862    .ARM.Collect$$libinit$$00000023  c_w.l(libinit2.o)
    0x080001a6   0x080001a6   0x00000000   Code   RO         3864    .ARM.Collect$$libinit$$00000025  c_w.l(libinit2.o)
    0x080001a6   0x080001a6   0x00000000   Code   RO         3868    .ARM.Collect$$libinit$$0000002C  c_w.l(libinit2.o)
    0x080001a6   0x080001a6   0x00000000   Code   RO         3870    .ARM.Collect$$libinit$$0000002E  c_w.l(libinit2.o)
    0x080001a6   0x080001a6   0x00000000   Code   RO         3872    .ARM.Collect$$libinit$$00000030  c_w.l(libinit2.o)
    0x080001a6   0x080001a6   0x00000000   Code   RO         3874    .ARM.Collect$$libinit$$00000032  c_w.l(libinit2.o)
    0x080001a6   0x080001a6   0x00000002   Code   RO         3875    .ARM.Collect$$libinit$$00000033  c_w.l(libinit2.o)
    0x080001a8   0x080001a8   0x00000002   Code   RO         3895    .ARM.Collect$$libshutdown$$00000000  c_w.l(libshutdown.o)
    0x080001aa   0x080001aa   0x00000000   Code   RO         3908    .ARM.Collect$$libshutdown$$00000002  c_w.l(libshutdown2.o)
    0x080001aa   0x080001aa   0x00000000   Code   RO         3910    .ARM.Collect$$libshutdown$$00000004  c_w.l(libshutdown2.o)
    0x080001aa   0x080001aa   0x00000000   Code   RO         3913    .ARM.Collect$$libshutdown$$00000007  c_w.l(libshutdown2.o)
    0x080001aa   0x080001aa   0x00000000   Code   RO         3916    .ARM.Collect$$libshutdown$$0000000A  c_w.l(libshutdown2.o)
    0x080001aa   0x080001aa   0x00000000   Code   RO         3918    .ARM.Collect$$libshutdown$$0000000C  c_w.l(libshutdown2.o)
    0x080001aa   0x080001aa   0x00000000   Code   RO         3921    .ARM.Collect$$libshutdown$$0000000F  c_w.l(libshutdown2.o)
    0x080001aa   0x080001aa   0x00000002   Code   RO         3922    .ARM.Collect$$libshutdown$$00000010  c_w.l(libshutdown2.o)
    0x080001ac   0x080001ac   0x00000000   Code   RO         3744    .ARM.Collect$$rtentry$$00000000  c_w.l(__rtentry.o)
    0x080001ac   0x080001ac   0x00000000   Code   RO         3789    .ARM.Collect$$rtentry$$00000002  c_w.l(__rtentry2.o)
    0x080001ac   0x080001ac   0x00000006   Code   RO         3801    .ARM.Collect$$rtentry$$00000004  c_w.l(__rtentry4.o)
    0x080001b2   0x080001b2   0x00000000   Code   RO         3791    .ARM.Collect$$rtentry$$00000009  c_w.l(__rtentry2.o)
    0x080001b2   0x080001b2   0x00000004   Code   RO         3792    .ARM.Collect$$rtentry$$0000000A  c_w.l(__rtentry2.o)
    0x080001b6   0x080001b6   0x00000000   Code   RO         3794    .ARM.Collect$$rtentry$$0000000C  c_w.l(__rtentry2.o)
    0x080001b6   0x080001b6   0x00000008   Code   RO         3795    .ARM.Collect$$rtentry$$0000000D  c_w.l(__rtentry2.o)
    0x080001be   0x080001be   0x00000002   Code   RO         3829    .ARM.Collect$$rtexit$$00000000  c_w.l(rtexit.o)
    0x080001c0   0x080001c0   0x00000000   Code   RO         3877    .ARM.Collect$$rtexit$$00000002  c_w.l(rtexit2.o)
    0x080001c0   0x080001c0   0x00000004   Code   RO         3878    .ARM.Collect$$rtexit$$00000003  c_w.l(rtexit2.o)
    0x080001c4   0x080001c4   0x00000006   Code   RO         3879    .ARM.Collect$$rtexit$$00000004  c_w.l(rtexit2.o)
    0x080001ca   0x080001ca   0x00000002   PAD
    0x080001cc   0x080001cc   0x00000040   Code   RO            4    .text               startup_stm32f103xe.o
    0x0800020c   0x0800020c   0x0000004e   Code   RO         3668    .text               c_w.l(rt_memclr_w.o)
    0x0800025a   0x0800025a   0x00000006   Code   RO         3670    .text               c_w.l(heapauxi.o)
    0x08000260   0x08000260   0x00000008   Code   RO         3814    .text               c_w.l(libspace.o)
    0x08000268   0x08000268   0x0000004a   Code   RO         3817    .text               c_w.l(sys_stackheap_outer.o)
    0x080002b2   0x080002b2   0x00000012   Code   RO         3819    .text               c_w.l(exit.o)
    0x080002c4   0x080002c4   0x0000000c   Code   RO         3887    .text               c_w.l(sys_exit.o)
    0x080002d0   0x080002d0   0x00000002   Code   RO         3898    .text               c_w.l(use_no_semi.o)
    0x080002d2   0x080002d2   0x00000000   Code   RO         3900    .text               c_w.l(indicate_semi.o)
    0x080002d2   0x080002d2   0x00000002   Code   RO          362    i.BusFault_Handler  stm32f1xx_it.o
    0x080002d4   0x080002d4   0x00000002   Code   RO          363    i.DebugMon_Handler  stm32f1xx_it.o
    0x080002d6   0x080002d6   0x00000002   PAD
    0x080002d8   0x080002d8   0x00000038   Code   RO         3178    i.Encoder_Init      hal_y_encoder_1.o
    0x08000310   0x08000310   0x00000004   Code   RO           13    i.Error_Handler     main.o
    0x08000314   0x08000314   0x00000046   Code   RO         1906    i.HAL_DMA_Abort     stm32f1xx_hal_dma.o
    0x0800035a   0x0800035a   0x00000002   PAD
    0x0800035c   0x0800035c   0x00000130   Code   RO         1907    i.HAL_DMA_Abort_IT  stm32f1xx_hal_dma.o
    0x0800048c   0x0800048c   0x000001f8   Code   RO         1842    i.HAL_GPIO_Init     stm32f1xx_hal_gpio.o
    0x08000684   0x08000684   0x0000000a   Code   RO         1846    i.HAL_GPIO_WritePin  stm32f1xx_hal_gpio.o
    0x0800068e   0x0800068e   0x00000002   PAD
    0x08000690   0x08000690   0x0000000c   Code   RO         1536    i.HAL_GetTick       stm32f1xx_hal.o
    0x0800069c   0x0800069c   0x0000006e   Code   RO         2504    i.HAL_HalfDuplex_Init  stm32f1xx_hal_uart.o
    0x0800070a   0x0800070a   0x00000002   PAD
    0x0800070c   0x0800070c   0x00000010   Code   RO         1542    i.HAL_IncTick       stm32f1xx_hal.o
    0x0800071c   0x0800071c   0x00000024   Code   RO         1543    i.HAL_Init          stm32f1xx_hal.o
    0x08000740   0x08000740   0x00000040   Code   RO         1544    i.HAL_InitTick      stm32f1xx_hal.o
    0x08000780   0x08000780   0x00000044   Code   RO          492    i.HAL_MspInit       stm32f1xx_hal_msp.o
    0x080007c4   0x080007c4   0x0000001a   Code   RO         2002    i.HAL_NVIC_EnableIRQ  stm32f1xx_hal_cortex.o
    0x080007de   0x080007de   0x00000002   PAD
    0x080007e0   0x080007e0   0x00000040   Code   RO         2008    i.HAL_NVIC_SetPriority  stm32f1xx_hal_cortex.o
    0x08000820   0x08000820   0x00000024   Code   RO         2009    i.HAL_NVIC_SetPriorityGrouping  stm32f1xx_hal_cortex.o
    0x08000844   0x08000844   0x0000012c   Code   RO         1700    i.HAL_RCC_ClockConfig  stm32f1xx_hal_rcc.o
    0x08000970   0x08000970   0x00000020   Code   RO         1707    i.HAL_RCC_GetPCLK1Freq  stm32f1xx_hal_rcc.o
    0x08000990   0x08000990   0x00000020   Code   RO         1708    i.HAL_RCC_GetPCLK2Freq  stm32f1xx_hal_rcc.o
    0x080009b0   0x080009b0   0x0000004c   Code   RO         1709    i.HAL_RCC_GetSysClockFreq  stm32f1xx_hal_rcc.o
    0x080009fc   0x080009fc   0x00000320   Code   RO         1712    i.HAL_RCC_OscConfig  stm32f1xx_hal_rcc.o
    0x08000d1c   0x08000d1c   0x00000028   Code   RO         2013    i.HAL_SYSTICK_Config  stm32f1xx_hal_cortex.o
    0x08000d44   0x08000d44   0x00000002   Code   RO         1258    i.HAL_TIMEx_BreakCallback  stm32f1xx_hal_tim_ex.o
    0x08000d46   0x08000d46   0x00000002   Code   RO         1259    i.HAL_TIMEx_CommutCallback  stm32f1xx_hal_tim_ex.o
    0x08000d48   0x08000d48   0x00000054   Code   RO         1261    i.HAL_TIMEx_ConfigBreakDeadTime  stm32f1xx_hal_tim_ex.o
    0x08000d9c   0x08000d9c   0x0000007c   Code   RO         1277    i.HAL_TIMEx_MasterConfigSynchronization  stm32f1xx_hal_tim_ex.o
    0x08000e18   0x08000e18   0x0000005a   Code   RO          554    i.HAL_TIM_Base_Init  stm32f1xx_hal_tim.o
    0x08000e72   0x08000e72   0x00000002   PAD
    0x08000e74   0x08000e74   0x00000070   Code   RO          207    i.HAL_TIM_Base_MspInit  tim.o
    0x08000ee4   0x08000ee4   0x0000006c   Code   RO          559    i.HAL_TIM_Base_Start_IT  stm32f1xx_hal_tim.o
    0x08000f50   0x08000f50   0x000000dc   Code   RO          563    i.HAL_TIM_ConfigClockSource  stm32f1xx_hal_tim.o
    0x0800102c   0x0800102c   0x000000a4   Code   RO          575    i.HAL_TIM_Encoder_Init  stm32f1xx_hal_tim.o
    0x080010d0   0x080010d0   0x0000016c   Code   RO          209    i.HAL_TIM_Encoder_MspInit  tim.o
    0x0800123c   0x0800123c   0x0000008e   Code   RO          578    i.HAL_TIM_Encoder_Start  stm32f1xx_hal_tim.o
    0x080012ca   0x080012ca   0x00000002   Code   RO          588    i.HAL_TIM_IC_CaptureCallback  stm32f1xx_hal_tim.o
    0x080012cc   0x080012cc   0x00000130   Code   RO          602    i.HAL_TIM_IRQHandler  stm32f1xx_hal_tim.o
    0x080013fc   0x080013fc   0x0000004c   Code   RO          210    i.HAL_TIM_MspPostInit  tim.o
    0x08001448   0x08001448   0x00000002   Code   RO          605    i.HAL_TIM_OC_DelayElapsedCallback  stm32f1xx_hal_tim.o
    0x0800144a   0x0800144a   0x000000cc   Code   RO          626    i.HAL_TIM_PWM_ConfigChannel  stm32f1xx_hal_tim.o
    0x08001516   0x08001516   0x0000005a   Code   RO          629    i.HAL_TIM_PWM_Init  stm32f1xx_hal_tim.o
    0x08001570   0x08001570   0x00000002   Code   RO          631    i.HAL_TIM_PWM_MspInit  stm32f1xx_hal_tim.o
    0x08001572   0x08001572   0x00000002   Code   RO          632    i.HAL_TIM_PWM_PulseFinishedCallback  stm32f1xx_hal_tim.o
    0x08001574   0x08001574   0x000000b4   Code   RO          634    i.HAL_TIM_PWM_Start  stm32f1xx_hal_tim.o
    0x08001628   0x08001628   0x00000094   Code   RO         3367    i.HAL_TIM_PeriodElapsedCallback  hal_y_servo_1.o
    0x080016bc   0x080016bc   0x00000002   Code   RO          645    i.HAL_TIM_TriggerCallback  stm32f1xx_hal_tim.o
    0x080016be   0x080016be   0x00000002   Code   RO         2514    i.HAL_UARTEx_RxEventCallback  stm32f1xx_hal_uart.o
    0x080016c0   0x080016c0   0x00000002   Code   RO         2528    i.HAL_UART_ErrorCallback  stm32f1xx_hal_uart.o
    0x080016c2   0x080016c2   0x00000002   PAD
    0x080016c4   0x080016c4   0x0000026c   Code   RO         2531    i.HAL_UART_IRQHandler  stm32f1xx_hal_uart.o
    0x08001930   0x08001930   0x00000064   Code   RO         2532    i.HAL_UART_Init     stm32f1xx_hal_uart.o
    0x08001994   0x08001994   0x00000180   Code   RO          303    i.HAL_UART_MspInit  usart.o
    0x08001b14   0x08001b14   0x00000002   Code   RO         2538    i.HAL_UART_RxCpltCallback  stm32f1xx_hal_uart.o
    0x08001b16   0x08001b16   0x00000002   Code   RO         2543    i.HAL_UART_TxCpltCallback  stm32f1xx_hal_uart.o
    0x08001b18   0x08001b18   0x00000002   Code   RO          364    i.HardFault_Handler  stm32f1xx_it.o
    0x08001b1a   0x08001b1a   0x00000002   PAD
    0x08001b1c   0x08001b1c   0x000000ac   Code   RO          182    i.MX_GPIO_Init      gpio.o
    0x08001bc8   0x08001bc8   0x0000006c   Code   RO          211    i.MX_TIM2_Init      tim.o
    0x08001c34   0x08001c34   0x0000006c   Code   RO          212    i.MX_TIM3_Init      tim.o
    0x08001ca0   0x08001ca0   0x0000006c   Code   RO          213    i.MX_TIM4_Init      tim.o
    0x08001d0c   0x08001d0c   0x0000006c   Code   RO          214    i.MX_TIM5_Init      tim.o
    0x08001d78   0x08001d78   0x00000044   Code   RO          215    i.MX_TIM6_Init      tim.o
    0x08001dbc   0x08001dbc   0x00000044   Code   RO          216    i.MX_TIM7_Init      tim.o
    0x08001e00   0x08001e00   0x000000f8   Code   RO          217    i.MX_TIM8_Init      tim.o
    0x08001ef8   0x08001ef8   0x00000038   Code   RO          304    i.MX_UART5_Init     usart.o
    0x08001f30   0x08001f30   0x00000038   Code   RO          305    i.MX_USART1_UART_Init  usart.o
    0x08001f68   0x08001f68   0x00000038   Code   RO          306    i.MX_USART2_UART_Init  usart.o
    0x08001fa0   0x08001fa0   0x00000038   Code   RO          307    i.MX_USART3_UART_Init  usart.o
    0x08001fd8   0x08001fd8   0x00000002   Code   RO          365    i.MemManage_Handler  stm32f1xx_it.o
    0x08001fda   0x08001fda   0x00000002   Code   RO          366    i.NMI_Handler       stm32f1xx_it.o
    0x08001fdc   0x08001fdc   0x00000002   Code   RO          367    i.PendSV_Handler    stm32f1xx_it.o
    0x08001fde   0x08001fde   0x00000002   Code   RO          368    i.SVC_Handler       stm32f1xx_it.o
    0x08001fe0   0x08001fe0   0x00000004   Code   RO          369    i.SysTick_Handler   stm32f1xx_it.o
    0x08001fe4   0x08001fe4   0x0000005e   Code   RO           14    i.SystemClock_Config  main.o
    0x08002042   0x08002042   0x00000002   Code   RO         2866    i.SystemInit        system_stm32f1xx.o
    0x08002044   0x08002044   0x0000000c   Code   RO          370    i.TIM2_IRQHandler   stm32f1xx_it.o
    0x08002050   0x08002050   0x0000000c   Code   RO          371    i.TIM3_IRQHandler   stm32f1xx_it.o
    0x0800205c   0x0800205c   0x0000000c   Code   RO          372    i.TIM4_IRQHandler   stm32f1xx_it.o
    0x08002068   0x08002068   0x0000000c   Code   RO          373    i.TIM5_IRQHandler   stm32f1xx_it.o
    0x08002074   0x08002074   0x0000000c   Code   RO          374    i.TIM7_IRQHandler   stm32f1xx_it.o
    0x08002080   0x08002080   0x0000009c   Code   RO          647    i.TIM_Base_SetConfig  stm32f1xx_hal_tim.o
    0x0800211c   0x0800211c   0x0000001a   Code   RO          648    i.TIM_CCxChannelCmd  stm32f1xx_hal_tim.o
    0x08002136   0x08002136   0x00000014   Code   RO          658    i.TIM_ETR_SetConfig  stm32f1xx_hal_tim.o
    0x0800214a   0x0800214a   0x00000010   Code   RO          659    i.TIM_ITRx_SetConfig  stm32f1xx_hal_tim.o
    0x0800215a   0x0800215a   0x00000002   PAD
    0x0800215c   0x0800215c   0x00000060   Code   RO          660    i.TIM_OC1_SetConfig  stm32f1xx_hal_tim.o
    0x080021bc   0x080021bc   0x0000006c   Code   RO          661    i.TIM_OC2_SetConfig  stm32f1xx_hal_tim.o
    0x08002228   0x08002228   0x00000068   Code   RO          662    i.TIM_OC3_SetConfig  stm32f1xx_hal_tim.o
    0x08002290   0x08002290   0x00000050   Code   RO          663    i.TIM_OC4_SetConfig  stm32f1xx_hal_tim.o
    0x080022e0   0x080022e0   0x00000022   Code   RO          665    i.TIM_TI1_ConfigInputStage  stm32f1xx_hal_tim.o
    0x08002302   0x08002302   0x00000024   Code   RO          667    i.TIM_TI2_ConfigInputStage  stm32f1xx_hal_tim.o
    0x08002326   0x08002326   0x00000002   PAD
    0x08002328   0x08002328   0x0000000c   Code   RO          375    i.UART5_IRQHandler  stm32f1xx_it.o
    0x08002334   0x08002334   0x00000010   Code   RO         2545    i.UART_DMAAbortOnError  stm32f1xx_hal_uart.o
    0x08002344   0x08002344   0x0000004e   Code   RO         2555    i.UART_EndRxTransfer  stm32f1xx_hal_uart.o
    0x08002392   0x08002392   0x000000c2   Code   RO         2557    i.UART_Receive_IT   stm32f1xx_hal_uart.o
    0x08002454   0x08002454   0x000000b8   Code   RO         2558    i.UART_SetConfig    stm32f1xx_hal_uart.o
    0x0800250c   0x0800250c   0x0000000c   Code   RO          376    i.USART1_IRQHandler  stm32f1xx_it.o
    0x08002518   0x08002518   0x0000000c   Code   RO          377    i.USART2_IRQHandler  stm32f1xx_it.o
    0x08002524   0x08002524   0x0000000c   Code   RO          378    i.USART3_IRQHandler  stm32f1xx_it.o
    0x08002530   0x08002530   0x00000002   Code   RO          379    i.UsageFault_Handler  stm32f1xx_it.o
    0x08002532   0x08002532   0x00000020   Code   RO         2015    i.__NVIC_SetPriority  stm32f1xx_hal_cortex.o
    0x08002552   0x08002552   0x0000000e   Code   RO         2903    i.app_motor_init    hal_app_motor_1.o
    0x08002560   0x08002560   0x00000010   Code   RO         3258    i.led_init          hal_y_led_1.o
    0x08002570   0x08002570   0x00000070   Code   RO           15    i.main              main.o
    0x080025e0   0x080025e0   0x0000003c   Code   RO         3293    i.motor_init        hal_y_motor_1.o
    0x0800261c   0x0800261c   0x00000044   Code   RO         3370    i.pwmServo_init     hal_y_servo_1.o
    0x08002660   0x08002660   0x00000084   Code   RO         3372    i.servo_increment_offset  hal_y_servo_1.o
    0x080026e4   0x080026e4   0x00000040   Code   RO         3373    i.servo_pin_set     hal_y_servo_1.o
    0x08002724   0x08002724   0x0000003c   Code   RO         3223    i.setup_kinematics  hal_y_kinematics_1.o
    0x08002760   0x08002760   0x00000020   Code   RO         3447    i.soft_i2c_gpio_init  hal_y_soft_i2c_1.o
    0x08002780   0x08002780   0x000000c4   Code   RO         3674    x$fpl$fadd          fz_ws.l(faddsub_clz.o)
    0x08002844   0x08002844   0x0000000c   Code   RO         3756    x$fpl$fcheck1       fz_ws.l(fcheck1.o)
    0x08002850   0x08002850   0x00000036   Code   RO         3684    x$fpl$ffix          fz_ws.l(ffix.o)
    0x08002886   0x08002886   0x00000002   PAD
    0x08002888   0x08002888   0x0000003e   Code   RO         3688    x$fpl$ffixu         fz_ws.l(ffixu.o)
    0x080028c6   0x080028c6   0x00000002   PAD
    0x080028c8   0x080028c8   0x00000030   Code   RO         3693    x$fpl$fflt          fz_ws.l(fflt_clz.o)
    0x080028f8   0x080028f8   0x00000102   Code   RO         3698    x$fpl$fmul          fz_ws.l(fmul.o)
    0x080029fa   0x080029fa   0x0000008c   Code   RO         3760    x$fpl$fnaninf       fz_ws.l(fnaninf.o)
    0x08002a86   0x08002a86   0x0000000a   Code   RO         3762    x$fpl$fretinf       fz_ws.l(fretinf.o)
    0x08002a90   0x08002a90   0x000000ea   Code   RO         3676    x$fpl$fsub          fz_ws.l(faddsub_clz.o)
    0x08002b7a   0x08002b7a   0x00000064   Code   RO         3812    x$fpl$retnan        fz_ws.l(retnan.o)
    0x08002bde   0x08002bde   0x0000004c   Code   RO         3702    x$fpl$scalbnf       fz_ws.l(scalbnf.o)
    0x08002c2a   0x08002c2a   0x00000030   Code   RO         3827    x$fpl$trapveneer    fz_ws.l(trapv.o)
    0x08002c5a   0x08002c5a   0x00000000   Code   RO         3768    x$fpl$usenofp       fz_ws.l(usenofp.o)
    0x08002c5a   0x08002c5a   0x00000012   Data   RO         1713    .constdata          stm32f1xx_hal_rcc.o
    0x08002c6c   0x08002c6c   0x00000010   Data   RO         2867    .constdata          system_stm32f1xx.o
    0x08002c7c   0x08002c7c   0x00000008   Data   RO         2868    .constdata          system_stm32f1xx.o
    0x08002c84   0x08002c84   0x00000020   Data   RO         3953    Region$$Table       anon$$obj.o


    Execution Region RW_IRAM1 (Exec base: 0x20000000, Load base: 0x08002ca4, Size: 0x00000a38, Max: 0x0000c000, ABSOLUTE)

    Exec Addr    Load Addr    Size         Type   Attr      Idx    E Section Name        Object

    0x20000000   0x08002ca4   0x0000000c   Data   RW         1550    .data               stm32f1xx_hal.o
    0x2000000c   0x08002cb0   0x00000004   Data   RW         2869    .data               system_stm32f1xx.o
    0x20000010   0x08002cb4   0x00000002   Data   RW         3375    .data               hal_y_servo_1.o
    0x20000012   0x08002cb6   0x00000002   PAD
    0x20000014        -       0x000001f8   Zero   RW          218    .bss                tim.o
    0x2000020c        -       0x00000120   Zero   RW          308    .bss                usart.o
    0x2000032c        -       0x00000030   Zero   RW         3224    .bss                hal_y_kinematics_1.o
    0x2000035c        -       0x00000078   Zero   RW         3374    .bss                hal_y_servo_1.o
    0x200003d4        -       0x00000060   Zero   RW         3815    .bss                c_w.l(libspace.o)
    0x20000434   0x08002cb6   0x00000004   PAD
    0x20000438        -       0x00000200   Zero   RW            2    HEAP                startup_stm32f103xe.o
    0x20000638        -       0x00000400   Zero   RW            1    STACK               startup_stm32f103xe.o


==============================================================================

Image component sizes


      Code (inc. data)   RO Data    RW Data    ZI Data      Debug   Object Name

       172         12          0          0          0        955   gpio.o
        14          0          0          0          0        457   hal_app_motor_1.o
        56         18          0          0          0        463   hal_y_encoder_1.o
        60          4          0          0         48       1728   hal_y_kinematics_1.o
        16          4          0          0          0        395   hal_y_led_1.o
        60          4          0          0          0        461   hal_y_motor_1.o
       412         48          0          2        120       3637   hal_y_servo_1.o
        32          4          0          0          0        473   hal_y_soft_i2c_1.o
       210         20          0          0          0     487816   main.o
        64         26        304          0       1536        804   startup_stm32f103xe.o
       128         24          0         12          0       5865   stm32f1xx_hal.o
       198         14          0          0          0      28915   stm32f1xx_hal_cortex.o
       374          8          0          0          0       1819   stm32f1xx_hal_dma.o
       514         42          0          0          0       2888   stm32f1xx_hal_gpio.o
        68         10          0          0          0        858   stm32f1xx_hal_msp.o
      1240         84         18          0          0       5088   stm32f1xx_hal_rcc.o
      2188         98          0          0          0      18121   stm32f1xx_hal_tim.o
       212         20          0          0          0       3169   stm32f1xx_hal_tim_ex.o
      1310         10          0          0          0       8610   stm32f1xx_hal_uart.o
       128         54          0          0          0       7671   stm32f1xx_it.o
         2          0         24          4          0       1103   system_stm32f1xx.o
      1368        114          0          0        504       7064   tim.o
       608         64          0          0        288       3655   usart.o

    ----------------------------------------------------------------------
      9454        682        378         20       2496     592015   Object Totals
         0          0         32          0          0          0   (incl. Generated)
        20          0          0          2          0          0   (incl. Padding)

    ----------------------------------------------------------------------

      Code (inc. data)   RO Data    RW Data    ZI Data      Debug   Library Member Name

         8          0          0          0          0         68   __main.o
         0          0          0          0          0          0   __rtentry.o
        12          0          0          0          0          0   __rtentry2.o
         6          0          0          0          0          0   __rtentry4.o
        52          8          0          0          0          0   __scatter.o
        26          0          0          0          0          0   __scatter_copy.o
        28          0          0          0          0          0   __scatter_zi.o
        18          0          0          0          0         80   exit.o
         6          0          0          0          0        152   heapauxi.o
         0          0          0          0          0          0   indicate_semi.o
         2          0          0          0          0          0   libinit.o
         2          0          0          0          0          0   libinit2.o
         2          0          0          0          0          0   libshutdown.o
         2          0          0          0          0          0   libshutdown2.o
         8          4          0          0         96         68   libspace.o
        78          0          0          0          0         80   rt_memclr_w.o
         2          0          0          0          0          0   rtexit.o
        10          0          0          0          0          0   rtexit2.o
        12          4          0          0          0         68   sys_exit.o
        74          0          0          0          0         80   sys_stackheap_outer.o
         2          0          0          0          0         68   use_no_semi.o
       430          8          0          0          0        168   faddsub_clz.o
        12          4          0          0          0         68   fcheck1.o
        54          4          0          0          0         84   ffix.o
        62          4          0          0          0         84   ffixu.o
        48          0          0          0          0         68   fflt_clz.o
       258          4          0          0          0         84   fmul.o
       140          4          0          0          0         84   fnaninf.o
        10          0          0          0          0         68   fretinf.o
       100          0          0          0          0         68   retnan.o
        76          0          0          0          0         68   scalbnf.o
        48          0          0          0          0         68   trapv.o
         0          0          0          0          0          0   usenofp.o

    ----------------------------------------------------------------------
      1596         44          0          0        100       1576   Library Totals
         8          0          0          0          4          0   (incl. Padding)

    ----------------------------------------------------------------------

      Code (inc. data)   RO Data    RW Data    ZI Data      Debug   Library Name

       350         16          0          0         96        664   c_w.l
      1238         28          0          0          0        912   fz_ws.l

    ----------------------------------------------------------------------
      1596         44          0          0        100       1576   Library Totals

    ----------------------------------------------------------------------

==============================================================================


      Code (inc. data)   RO Data    RW Data    ZI Data      Debug   

     11050        726        378         20       2596     587399   Grand Totals
     11050        726        378         20       2596     587399   ELF Image Totals
     11050        726        378         20          0          0   ROM Totals

==============================================================================

    Total RO  Size (Code + RO Data)                11428 (  11.16kB)
    Total RW  Size (RW Data + ZI Data)              2616 (   2.55kB)
    Total ROM Size (Code + RO Data + RW Data)      11448 (  11.18kB)

==============================================================================

