Component: ARM Compiler 5.06 update 7 (build 960) Tool: armlink [4d3601]

==============================================================================

Section Cross References

    startup_stm32f103xe.o(STACK) refers (Special) to heapauxi.o(.text) for __use_two_region_memory
    startup_stm32f103xe.o(HEAP) refers (Special) to heapauxi.o(.text) for __use_two_region_memory
    startup_stm32f103xe.o(RESET) refers (Special) to heapauxi.o(.text) for __use_two_region_memory
    startup_stm32f103xe.o(RESET) refers to startup_stm32f103xe.o(STACK) for __initial_sp
    startup_stm32f103xe.o(RESET) refers to startup_stm32f103xe.o(.text) for Reset_Handler
    startup_stm32f103xe.o(RESET) refers to stm32f1xx_it.o(i.NMI_Handler) for NMI_Handler
    startup_stm32f103xe.o(RESET) refers to stm32f1xx_it.o(i.HardFault_Handler) for HardFault_Handler
    startup_stm32f103xe.o(RESET) refers to stm32f1xx_it.o(i.MemManage_Handler) for MemManage_Handler
    startup_stm32f103xe.o(RESET) refers to stm32f1xx_it.o(i.BusFault_Handler) for BusFault_Handler
    startup_stm32f103xe.o(RESET) refers to stm32f1xx_it.o(i.UsageFault_Handler) for UsageFault_Handler
    startup_stm32f103xe.o(RESET) refers to stm32f1xx_it.o(i.SVC_Handler) for SVC_Handler
    startup_stm32f103xe.o(RESET) refers to stm32f1xx_it.o(i.DebugMon_Handler) for DebugMon_Handler
    startup_stm32f103xe.o(RESET) refers to stm32f1xx_it.o(i.PendSV_Handler) for PendSV_Handler
    startup_stm32f103xe.o(RESET) refers to stm32f1xx_it.o(i.SysTick_Handler) for SysTick_Handler
    startup_stm32f103xe.o(RESET) refers to stm32f1xx_it.o(i.TIM2_IRQHandler) for TIM2_IRQHandler
    startup_stm32f103xe.o(RESET) refers to stm32f1xx_it.o(i.TIM3_IRQHandler) for TIM3_IRQHandler
    startup_stm32f103xe.o(RESET) refers to stm32f1xx_it.o(i.TIM4_IRQHandler) for TIM4_IRQHandler
    startup_stm32f103xe.o(RESET) refers to stm32f1xx_it.o(i.USART1_IRQHandler) for USART1_IRQHandler
    startup_stm32f103xe.o(RESET) refers to stm32f1xx_it.o(i.USART2_IRQHandler) for USART2_IRQHandler
    startup_stm32f103xe.o(RESET) refers to stm32f1xx_it.o(i.USART3_IRQHandler) for USART3_IRQHandler
    startup_stm32f103xe.o(RESET) refers to stm32f1xx_it.o(i.TIM5_IRQHandler) for TIM5_IRQHandler
    startup_stm32f103xe.o(RESET) refers to stm32f1xx_it.o(i.UART5_IRQHandler) for UART5_IRQHandler
    startup_stm32f103xe.o(RESET) refers to stm32f1xx_it.o(i.TIM7_IRQHandler) for TIM7_IRQHandler
    startup_stm32f103xe.o(.text) refers (Special) to heapauxi.o(.text) for __use_two_region_memory
    startup_stm32f103xe.o(.text) refers to system_stm32f1xx.o(i.SystemInit) for SystemInit
    startup_stm32f103xe.o(.text) refers to __main.o(!!!main) for __main
    startup_stm32f103xe.o(.text) refers to startup_stm32f103xe.o(HEAP) for Heap_Mem
    startup_stm32f103xe.o(.text) refers to startup_stm32f103xe.o(STACK) for Stack_Mem
    main.o(i.SystemClock_Config) refers to rt_memclr_w.o(.text) for __aeabi_memclr4
    main.o(i.SystemClock_Config) refers to stm32f1xx_hal_rcc.o(i.HAL_RCC_OscConfig) for HAL_RCC_OscConfig
    main.o(i.SystemClock_Config) refers to main.o(i.Error_Handler) for Error_Handler
    main.o(i.SystemClock_Config) refers to stm32f1xx_hal_rcc.o(i.HAL_RCC_ClockConfig) for HAL_RCC_ClockConfig
    main.o(i.main) refers to stm32f1xx_hal.o(i.HAL_Init) for HAL_Init
    main.o(i.main) refers to main.o(i.SystemClock_Config) for SystemClock_Config
    main.o(i.main) refers to gpio.o(i.MX_GPIO_Init) for MX_GPIO_Init
    main.o(i.main) refers to tim.o(i.MX_TIM2_Init) for MX_TIM2_Init
    main.o(i.main) refers to tim.o(i.MX_TIM3_Init) for MX_TIM3_Init
    main.o(i.main) refers to tim.o(i.MX_TIM4_Init) for MX_TIM4_Init
    main.o(i.main) refers to tim.o(i.MX_TIM5_Init) for MX_TIM5_Init
    main.o(i.main) refers to tim.o(i.MX_TIM7_Init) for MX_TIM7_Init
    main.o(i.main) refers to tim.o(i.MX_TIM8_Init) for MX_TIM8_Init
    main.o(i.main) refers to usart.o(i.MX_UART5_Init) for MX_UART5_Init
    main.o(i.main) refers to usart.o(i.MX_USART1_UART_Init) for MX_USART1_UART_Init
    main.o(i.main) refers to usart.o(i.MX_USART2_UART_Init) for MX_USART2_UART_Init
    main.o(i.main) refers to usart.o(i.MX_USART3_UART_Init) for MX_USART3_UART_Init
    main.o(i.main) refers to hal_y_led.o(i.led_init) for led_init
    main.o(i.main) refers to hal_app_motor.o(i.app_motor_init) for app_motor_init
    main.o(i.main) refers to hal_y_servo.o(i.pwmServo_init) for pwmServo_init
    main.o(i.main) refers to hal_y_soft_i2c.o(i.soft_i2c_gpio_init) for soft_i2c_gpio_init
    main.o(i.main) refers to hal_app_uart.o(i.app_uart_init) for app_uart_init
    main.o(i.main) refers to hal_y_kinematics.o(i.setup_kinematics) for setup_kinematics
    main.o(i.main) refers to hal_app_task.o(i.App_Task_Init) for App_Task_Init
    main.o(i.main) refers to stm32f1xx_hal.o(i.HAL_Delay) for HAL_Delay
    main.o(i.main) refers to hal_app_task.o(i.App_Task_Run) for App_Task_Run
    main.o(i.main) refers to hal_y_kinematics.o(.bss) for kinematics
[...]
    x$fpl$fretinf                            0x08005f5e   Section       10  fretinf.o(x$fpl$fretinf)
    x$fpl$fsub                               0x08005f68   Section      234  faddsub_clz.o(x$fpl$fsub)
    _fsub1                                   0x08005f77   Thumb Code     0  faddsub_clz.o(x$fpl$fsub)
    x$fpl$ieeestatus                         0x08006052   Section        6  istatus.o(x$fpl$ieeestatus)
    x$fpl$retnan                             0x08006058   Section      100  retnan.o(x$fpl$retnan)
    x$fpl$scalbn                             0x080060bc   Section       92  scalbn.o(x$fpl$scalbn)
    x$fpl$scanf1                             0x08006118   Section        4  scanf1.o(x$fpl$scanf1)
    x$fpl$scanf2                             0x0800611c   Section        8  scanf2.o(x$fpl$scanf2)
    x$fpl$trapveneer                         0x08006124   Section       48  trapv.o(x$fpl$trapveneer)
    .constdata                               0x08006154   Section       18  stm32f1xx_hal_rcc.o(.constdata)
    x$fpl$usenofp                            0x08006154   Section        0  usenofp.o(x$fpl$usenofp)
    aPLLMULFactorTable                       0x08006154   Data          16  stm32f1xx_hal_rcc.o(.constdata)
    aPredivFactorTable                       0x08006164   Data           2  stm32f1xx_hal_rcc.o(.constdata)
    .constdata                               0x08006166   Section       24  system_stm32f1xx.o(.constdata)
    .constdata                               0x0800617e   Section      570  hal_app_oled.o(.constdata)
    F6x8                                     0x0800617e   Data         570  hal_app_oled.o(.constdata)
    .constdata                               0x080063b8   Section      148  bigflt0.o(.constdata)
    tenpwrs_x                                0x080063b8   Data          60  bigflt0.o(.constdata)
    tenpwrs_i                                0x080063f4   Data          64  bigflt0.o(.constdata)
    c$$dinf                                  0x0800646c   Section        8  fpconst.o(c$$dinf)
    c$$dmax                                  0x08006474   Section        8  fpconst.o(c$$dmax)
    locale$$data                             0x0800647c   Section       28  lc_numeric_c.o(locale$$data)
    __lcnum_c_name                           0x08006480   Data           2  lc_numeric_c.o(locale$$data)
    __lcnum_c_start                          0x08006488   Data           0  lc_numeric_c.o(locale$$data)
    __lcnum_c_point                          0x08006494   Data           0  lc_numeric_c.o(locale$$data)
    __lcnum_c_thousands                      0x08006496   Data           0  lc_numeric_c.o(locale$$data)
    __lcnum_c_grouping                       0x08006497   Data           0  lc_numeric_c.o(locale$$data)
    locale$$data                             0x08006498   Section      272  lc_ctype_c.o(locale$$data)
    __lcnum_c_end                            0x08006498   Data           0  lc_numeric_c.o(locale$$data)
    __lcctype_c_name                         0x0800649c   Data           2  lc_ctype_c.o(locale$$data)
    __lcctype_c_start                        0x080064a4   Data           0  lc_ctype_c.o(locale$$data)
    __lcctype_c_end                          0x080065a8   Data           0  lc_ctype_c.o(locale$$data)
    .data                                    0x20000000   Section        9  stm32f1xx_hal.o(.data)
    .data                                    0x2000000c   Section        4  system_stm32f1xx.o(.data)
    .data                                    0x20000010   Section        2  hal_y_servo.o(.data)
    flag                                     0x20000010   Data           1  hal_y_servo.o(.data)
    servo_index                              0x20000011   Data           1  hal_y_servo.o(.data)
    .data                                    0x20000012   Section        6  hal_y_usart.o(.data)
    buf_index                                0x20000016   Data           2  hal_y_usart.o(.data)
    .data                                    0x20000018   Section       10  hal_app_key.o(.data)
    key_state                                0x20000018   Data           1  hal_app_key.o(.data)
    key_press_cnt                            0x2000001a   Data           2  hal_app_key.o(.data)
    key_release_cnt                          0x2000001c   Data           2  hal_app_key.o(.data)
    key_click_count                          0x2000001e   Data           1  hal_app_key.o(.data)
    key_event                                0x2000001f   Data           1  hal_app_key.o(.data)
    key_debounce_cnt                         0x20000020   Data           1  hal_app_key.o(.data)
    key_stable                               0x20000021   Data           1  hal_app_key.o(.data)
    .data                                    0x20000024   Section       32  hal_app_task.o(.data)
    task_state                               0x20000024   Data           1  hal_app_task.o(.data)
    unload_order                             0x20000025   Data           3  hal_app_task.o(.data)
    menu_cursor                              0x20000028   Data           1  hal_app_task.o(.data)
    oled_need_refresh                        0x20000029   Data           1  hal_app_task.o(.data)
    run_status_line1                         0x2000002a   Data          22  hal_app_task.o(.data)
    last_key_tick                            0x20000040   Data           4  hal_app_task.o(.data)
    .bss                                     0x20000044   Section      504  tim.o(.bss)
    .bss                                     0x2000023c   Section      288  usart.o(.bss)
    .bss                                     0x2000035c   Section       48  hal_y_kinematics.o(.bss)
    .bss                                     0x2000038c   Section       48  hal_y_motor.o(.bss)
    .bss                                     0x200003bc   Section      120  hal_y_servo.o(.bss)
    .bss                                     0x20000434   Section      256  hal_y_usart.o(.bss)
    .bss                                     0x20000534   Section       44  hal_app_task.o(.bss)
    run_status_line2                         0x20000534   Data          22  hal_app_task.o(.bss)
    run_status_line3                         0x2000054a   Data          22  hal_app_task.o(.bss)
    .bss                                     0x20000560   Section       96  libspace.o(.bss)
    HEAP                                     0x200005c0   Section      512  startup_stm32f103xe.o(HEAP)
    Heap_Mem                                 0x200005c0   Data         512  startup_stm32f103xe.o(HEAP)
    STACK                                    0x200007c0   Section     1024  startup_stm32f103xe.o(STACK)
    Stack_Mem                                0x200007c0   Data        1024  startup_stm32f103xe.o(STACK)
    __initial_sp                             0x20000bc0   Data           0  startup_stm32f103xe.o(STACK)

    Global Symbols

    Symbol Name                              Value     Ov Type        Size  Object(Section)

    BuildAttributes$$THM_ISAv4$P$D$K$B$S$PE$A:L22UL41UL21$X:L11$S22US41US21$IEEE1$IW$USESV6$~STKCKD$USESV7$~SHL$OTIME$ROPI$IEEEX$EBA8$UX$STANDARDLIB$REQ8$PRES8$EABIv2 0x00000000   Number         0  anon$$obj.o ABSOLUTE
    __ARM_use_no_argv                        0x00000000   Number         0  main.o ABSOLUTE
    __ARM_exceptions_init                     - Undefined Weak Reference
    __alloca_initialize                       - Undefined Weak Reference
    __arm_fini_                               - Undefined Weak Reference
    __arm_preinit_                            - Undefined Weak Reference
    __cpp_initialize__aeabi_                  - Undefined Weak Reference
    __cxa_finalize                            - Undefined Weak Reference
    __sigvec_lookup                           - Undefined Weak Reference
    _atexit_init                              - Undefined Weak Reference
    _call_atexit_fns                          - Undefined Weak Reference
    _clock_init                               - Undefined Weak Reference
    _fp_trap_init                             - Undefined Weak Reference
    _fp_trap_shutdown                         - Undefined Weak Reference
    _get_lc_collate                           - Undefined Weak Reference
    _get_lc_monetary                          - Undefined Weak Reference
    _get_lc_time                              - Undefined Weak Reference
    _getenv_init                              - Undefined Weak Reference
    _handle_redirection                       - Undefined Weak Reference
    _init_alloc                               - Undefined Weak Reference
    _init_user_alloc                          - Undefined Weak Reference
    _initio                                   - Undefined Weak Reference
    _printf_mbtowc                            - Undefined Weak Reference
    _printf_post_padding                      - Undefined Weak Reference
    _printf_pre_padding                       - Undefined Weak Reference
    _printf_truncate_signed                   - Undefined Weak Reference
    _printf_truncate_unsigned                 - Undefined Weak Reference
    _rand_init                                - Undefined Weak Reference
    _signal_finish                            - Undefined Weak Reference
    _signal_init                              - Undefined Weak Reference
    _terminate_alloc                          - Undefined Weak Reference
    _terminate_user_alloc                     - Undefined Weak Reference
    _terminateio                              - Undefined Weak Reference
    __Vectors_Size                           0x00000130   Number         0  startup_stm32f103xe.o ABSOLUTE
    __Vectors                                0x08000000   Data           4  startup_stm32f103xe.o(RESET)
    __Vectors_End                            0x08000130   Data           0  startup_stm32f103xe.o(RESET)
    __main                                   0x08000131   Thumb Code     8  __main.o(!!!main)
    __scatterload                            0x08000139   Thumb Code     0  __scatter.o(!!!scatter)
    __scatterload_rt2                        0x08000139   Thumb Code    44  __scatter.o(!!!scatter)
    __scatterload_rt2_thumb_only             0x08000139   Thumb Code     0  __scatter.o(!!!scatter)
    __scatterload_null                       0x08000147   Thumb Code     0  __scatter.o(!!!scatter)
    __scatterload_copy                       0x0800016d   Thumb Code    26  __scatter_copy.o(!!handler_copy)
    __scatterload_zeroinit                   0x08000189   Thumb Code    28  __scatter_zi.o(!!handler_zi)
    _printf_d                                0x080001a5   Thumb Code     0  _printf_d.o(.ARM.Collect$$_printf_percent$$00000009)
    _printf_percent                          0x080001a5   Thumb Code     0  _printf_percent.o(.ARM.Collect$$_printf_percent$$00000000)
    _printf_c                                0x080001ab   Thumb Code     0  _printf_c.o(.ARM.Collect$$_printf_percent$$00000013)
    _printf_percent_end                      0x080001b1   Thumb Code     0  _printf_percent_end.o(.ARM.Collect$$_printf_percent$$00000017)
    __rt_lib_init                            0x080001b5   Thumb Code     0  libinit.o(.ARM.Collect$$libinit$$00000000)
    __rt_lib_init_fp_1                       0x080001b7   Thumb Code     0  libinit2.o(.ARM.Collect$$libinit$$00000002)
    __rt_lib_init_heap_1                     0x080001b7   Thumb Code     0  libinit2.o(.ARM.Collect$$libinit$$0000000A)
    __rt_lib_init_lc_common                  0x080001b7   Thumb Code     0  libinit2.o(.ARM.Collect$$libinit$$0000000F)
    __rt_lib_init_preinit_1                  0x080001b7   Thumb Code     0  libinit2.o(.ARM.Collect$$libinit$$00000004)
    __rt_lib_init_rand_1                     0x080001b7   Thumb Code     0  libinit2.o(.ARM.Collect$$libinit$$0000000E)
    __rt_lib_init_user_alloc_1               0x080001b7   Thumb Code     0  libinit2.o(.ARM.Collect$$libinit$$0000000C)
    __rt_lib_init_lc_collate_1               0x080001bd   Thumb Code     0  libinit2.o(.ARM.Collect$$libinit$$00000011)
    __rt_lib_init_lc_ctype_2                 0x080001bd   Thumb Code     0  libinit2.o(.ARM.Collect$$libinit$$00000012)
    __rt_lib_init_lc_ctype_1                 0x080001c9   Thumb Code     0  libinit2.o(.ARM.Collect$$libinit$$00000013)
    __rt_lib_init_lc_monetary_1              0x080001c9   Thumb Code     0  libinit2.o(.ARM.Collect$$libinit$$00000015)
    __rt_lib_init_lc_numeric_2               0x080001c9   Thumb Code     0  libinit2.o(.ARM.Collect$$libinit$$00000016)
    __rt_lib_init_alloca_1                   0x080001d3   Thumb Code     0  libinit2.o(.ARM.Collect$$libinit$$0000002E)
    __rt_lib_init_argv_1                     0x080001d3   Thumb Code     0  libinit2.o(.ARM.Collect$$libinit$$0000002C)
    __rt_lib_init_atexit_1                   0x080001d3   Thumb Code     0  libinit2.o(.ARM.Collect$$libinit$$0000001B)
    __rt_lib_init_clock_1                    0x080001d3   Thumb Code     0  libinit2.o(.ARM.Collect$$libinit$$00000021)
    __rt_lib_init_cpp_1                      0x080001d3   Thumb Code     0  libinit2.o(.ARM.Collect$$libinit$$00000032)
    __rt_lib_init_exceptions_1               0x080001d3   Thumb Code     0  libinit2.o(.ARM.Collect$$libinit$$00000030)
    __rt_lib_init_fp_trap_1                  0x080001d3   Thumb Code     0  libinit2.o(.ARM.Collect$$libinit$$0000001F)
    __rt_lib_init_getenv_1                   0x080001d3   Thumb Code     0  libinit2.o(.ARM.Collect$$libinit$$00000023)
    __rt_lib_init_lc_numeric_1               0x080001d3   Thumb Code     0  libinit2.o(.ARM.Collect$$libinit$$00000017)
    __rt_lib_init_lc_time_1                  0x080001d3   Thumb Code     0  libinit2.o(.ARM.Collect$$libinit$$00000019)
    __rt_lib_init_return                     0x080001d3   Thumb Code     0  libinit2.o(.ARM.Collect$$libinit$$00000033)
    __rt_lib_init_signal_1                   0x080001d3   Thumb Code     0  libinit2.o(.ARM.Collect$$libinit$$0000001D)
    __rt_lib_init_stdio_1                    0x080001d3   Thumb Code     0  libinit2.o(.ARM.Collect$$libinit$$00000025)
    __rt_lib_shutdown                        0x080001d5   Thumb Code     0  libshutdown.o(.ARM.Collect$$libshutdown$$00000000)
    __rt_lib_shutdown_cpp_1                  0x080001d7   Thumb Code     0  libshutdown2.o(.ARM.Collect$$libshutdown$$00000004)
    __rt_lib_shutdown_fini_1                 0x080001d7   Thumb Code     0  libshutdown2.o(.ARM.Collect$$libshutdown$$00000002)
    __rt_lib_shutdown_fp_trap_1              0x080001d7   Thumb Code     0  libshutdown2.o(.ARM.Collect$$libshutdown$$00000009)
    __rt_lib_shutdown_heap_1                 0x080001d7   Thumb Code     0  libshutdown2.o(.ARM.Collect$$libshutdown$$00000011)
    __rt_lib_shutdown_return                 0x080001d7   Thumb Code     0  libshutdown2.o(.ARM.Collect$$libshutdown$$00000012)
    __rt_lib_shutdown_signal_1               0x080001d7   Thumb Code     0  libshutdown2.o(.ARM.Collect$$libshutdown$$0000000C)
    __rt_lib_shutdown_stdio_1                0x080001d7   Thumb Code     0  libshutdown2.o(.ARM.Collect$$libshutdown$$00000006)
    __rt_lib_shutdown_user_alloc_1           0x080001d7   Thumb Code     0  libshutdown2.o(.ARM.Collect$$libshutdown$$0000000E)
    __rt_entry                               0x080001d9   Thumb Code     0  __rtentry.o(.ARM.Collect$$rtentry$$00000000)
    __rt_entry_presh_1                       0x080001d9   Thumb Code     0  __rtentry2.o(.ARM.Collect$$rtentry$$00000002)
    __rt_entry_sh                            0x080001d9   Thumb Code     0  __rtentry4.o(.ARM.Collect$$rtentry$$00000004)
    __rt_entry_li                            0x080001df   Thumb Code     0  __rtentry2.o(.ARM.Collect$$rtentry$$0000000A)
    __rt_entry_postsh_1                      0x080001df   Thumb Code     0  __rtentry2.o(.ARM.Collect$$rtentry$$00000009)
    __rt_entry_main                          0x080001e3   Thumb Code     0  __rtentry2.o(.ARM.Collect$$rtentry$$0000000D)
    __rt_entry_postli_1                      0x080001e3   Thumb Code     0  __rtentry2.o(.ARM.Collect$$rtentry$$0000000C)
    __rt_exit                                0x080001eb   Thumb Code     0  rtexit.o(.ARM.Collect$$rtexit$$00000000)
    __rt_exit_ls                             0x080001ed   Thumb Code     0  rtexit2.o(.ARM.Collect$$rtexit$$00000003)
    __rt_exit_prels_1                        0x080001ed   Thumb Code     0  rtexit2.o(.ARM.Collect$$rtexit$$00000002)
    __rt_exit_exit                           0x080001f1   Thumb Code     0  rtexit2.o(.ARM.Collect$$rtexit$$00000004)
    Reset_Handler                            0x080001f9   Thumb Code     8  startup_stm32f103xe.o(.text)
    ADC1_2_IRQHandler                        0x08000213   Thumb Code     0  startup_stm32f103xe.o(.text)
    ADC3_IRQHandler                          0x08000213   Thumb Code     0  startup_stm32f103xe.o(.text)
    CAN1_RX1_IRQHandler                      0x08000213   Thumb Code     0  startup_stm32f103xe.o(.text)
    CAN1_SCE_IRQHandler                      0x08000213   Thumb Code     0  startup_stm32f103xe.o(.text)
    DMA1_Channel1_IRQHandler                 0x08000213   Thumb Code     0  startup_stm32f103xe.o(.text)
    DMA1_Channel2_IRQHandler                 0x08000213   Thumb Code     0  startup_stm32f103xe.o(.text)
    DMA1_Channel3_IRQHandler                 0x08000213   Thumb Code     0  startup_stm32f103xe.o(.text)
    DMA1_Channel4_IRQHandler                 0x08000213   Thumb Code     0  startup_stm32f103xe.o(.text)
    DMA1_Channel5_IRQHandler                 0x08000213   Thumb Code     0  startup_stm32f103xe.o(.text)
    DMA1_Channel6_IRQHandler                 0x08000213   Thumb Code     0  startup_stm32f103xe.o(.text)
    DMA1_Channel7_IRQHandler                 0x08000213   Thumb Code     0  startup_stm32f103xe.o(.text)
    DMA2_Channel1_IRQHandler                 0x08000213   Thumb Code     0  startup_stm32f103xe.o(.text)
    DMA2_Channel2_IRQHandler                 0x08000213   Thumb Code     0  startup_stm32f103xe.o(.text)
    DMA2_Channel3_IRQHandler                 0x08000213   Thumb Code     0  startup_stm32f103xe.o(.text)
    DMA2_Channel4_5_IRQHandler               0x08000213   Thumb Code     0  startup_stm32f103xe.o(.text)
    EXTI0_IRQHandler                         0x08000213   Thumb Code     0  startup_stm32f103xe.o(.text)
    EXTI15_10_IRQHandler                     0x08000213   Thumb Code     0  startup_stm32f103xe.o(.text)
    EXTI1_IRQHandler                         0x08000213   Thumb Code     0  startup_stm32f103xe.o(.text)
    EXTI2_IRQHandler                         0x08000213   Thumb Code     0  startup_stm32f103xe.o(.text)
    EXTI3_IRQHandler                         0x08000213   Thumb Code     0  startup_stm32f103xe.o(.text)
    EXTI4_IRQHandler                         0x08000213   Thumb Code     0  startup_stm32f103xe.o(.text)
    EXTI9_5_IRQHandler                       0x08000213   Thumb Code     0  startup_stm32f103xe.o(.text)
    FLASH_IRQHandler                         0x08000213   Thumb Code     0  startup_stm32f103xe.o(.text)
    FSMC_IRQHandler                          0x08000213   Thumb Code     0  startup_stm32f103xe.o(.text)
    I2C1_ER_IRQHandler                       0x08000213   Thumb Code     0  startup_stm32f103xe.o(.text)
    I2C1_EV_IRQHandler                       0x08000213   Thumb Code     0  startup_stm32f103xe.o(.text)
    I2C2_ER_IRQHandler                       0x08000213   Thumb Code     0  startup_stm32f103xe.o(.text)
    I2C2_EV_IRQHandler                       0x08000213   Thumb Code     0  startup_stm32f103xe.o(.text)
    PVD_IRQHandler                           0x08000213   Thumb Code     0  startup_stm32f103xe.o(.text)
    RCC_IRQHandler                           0x08000213   Thumb Code     0  startup_stm32f103xe.o(.text)
    RTC_Alarm_IRQHandler                     0x08000213   Thumb Code     0  startup_stm32f103xe.o(.text)
    RTC_IRQHandler                           0x08000213   Thumb Code     0  startup_stm32f103xe.o(.text)
    SDIO_IRQHandler                          0x08000213   Thumb Code     0  startup_stm32f103xe.o(.text)
    SPI1_IRQHandler                          0x08000213   Thumb Code     0  startup_stm32f103xe.o(.text)
    SPI2_IRQHandler                          0x08000213   Thumb Code     0  startup_stm32f103xe.o(.text)
    SPI3_IRQHandler                          0x08000213   Thumb Code     0  startup_stm32f103xe.o(.text)
    TAMPER_IRQHandler                        0x08000213   Thumb Code     0  startup_stm32f103xe.o(.text)
    TIM1_BRK_IRQHandler                      0x08000213   Thumb Code     0  startup_stm32f103xe.o(.text)
    TIM1_CC_IRQHandler                       0x08000213   Thumb Code     0  startup_stm32f103xe.o(.text)
    TIM1_TRG_COM_IRQHandler                  0x08000213   Thumb Code     0  startup_stm32f103xe.o(.text)
    TIM1_UP_IRQHandler                       0x08000213   Thumb Code     0  startup_stm32f103xe.o(.text)
    TIM6_IRQHandler                          0x08000213   Thumb Code     0  startup_stm32f103xe.o(.text)
    TIM8_BRK_IRQHandler                      0x08000213   Thumb Code     0  startup_stm32f103xe.o(.text)
    TIM8_CC_IRQHandler                       0x08000213   Thumb Code     0  startup_stm32f103xe.o(.text)
    TIM8_TRG_COM_IRQHandler                  0x08000213   Thumb Code     0  startup_stm32f103xe.o(.text)
    TIM8_UP_IRQHandler                       0x08000213   Thumb Code     0  startup_stm32f103xe.o(.text)
    UART4_IRQHandler                         0x08000213   Thumb Code     0  startup_stm32f103xe.o(.text)
    USBWakeUp_IRQHandler                     0x08000213   Thumb Code     0  startup_stm32f103xe.o(.text)
    USB_HP_CAN1_TX_IRQHandler                0x08000213   Thumb Code     0  startup_stm32f103xe.o(.text)
    USB_LP_CAN1_RX0_IRQHandler               0x08000213   Thumb Code     0  startup_stm32f103xe.o(.text)
    WWDG_IRQHandler                          0x08000213   Thumb Code     0  startup_stm32f103xe.o(.text)
    __user_initial_stackheap                 0x08000215   Thumb Code     0  startup_stm32f103xe.o(.text)
    __2snprintf                              0x08000239   Thumb Code    48  noretval__2snprintf.o(.text)
    __printf                                 0x0800026d   Thumb Code   104  __printf.o(.text)
    _printf_str                              0x080002d5   Thumb Code    82  _printf_str.o(.text)
    _printf_int_dec                          0x08000329   Thumb Code   104  _printf_dec.o(.text)
    strchr                                   0x080003a1   Thumb Code    20  strchr.o(.text)
    strstr                                   0x080003b5   Thumb Code    36  strstr.o(.text)
    strlen                                   0x080003d9   Thumb Code    62  strlen.o(.text)
    __aeabi_memclr4                          0x08000417   Thumb Code     0  rt_memclr_w.o(.text)
    __aeabi_memclr8                          0x08000417   Thumb Code     0  rt_memclr_w.o(.text)
    __rt_memclr_w                            0x08000417   Thumb Code    78  rt_memclr_w.o(.text)
    _memset_w                                0x0800041b   Thumb Code     0  rt_memclr_w.o(.text)
    __use_two_region_memory                  0x08000465   Thumb Code     2  heapauxi.o(.text)
    __rt_heap_escrow$2region                 0x08000467   Thumb Code     2  heapauxi.o(.text)
    __rt_heap_expand$2region                 0x08000469   Thumb Code     2  heapauxi.o(.text)
    __read_errno                             0x0800046b   Thumb Code    10  _rserrno.o(.text)
    __set_errno                              0x08000475   Thumb Code    12  _rserrno.o(.text)
    _printf_int_common                       0x08000481   Thumb Code   178  _printf_intcommon.o(.text)
    _printf_char_common                      0x0800053f   Thumb Code    32  _printf_char_common.o(.text)
    _sputc                                   0x08000565   Thumb Code    10  _sputc.o(.text)
    _snputc                                  0x0800056f   Thumb Code    16  _snputc.o(.text)
    _printf_cs_common                        0x0800057f   Thumb Code    20  _printf_char.o(.text)
    _printf_char                             0x08000593   Thumb Code    16  _printf_char.o(.text)
    _printf_string                           0x080005a3   Thumb Code     8  _printf_char.o(.text)
    __strtod_int                             0x080005e9   Thumb Code    90  strtod.o(.text)
    __aeabi_errno_addr                       0x08000651   Thumb Code     8  rt_errno_addr_intlibspace.o(.text)
    __errno$intlibspace                      0x08000651   Thumb Code     0  rt_errno_addr_intlibspace.o(.text)
    __rt_errno_addr$intlibspace              0x08000651   Thumb Code     0  rt_errno_addr_intlibspace.o(.text)
    isspace                                  0x08000659   Thumb Code    18  isspace.o(.text)
    _sgetc                                   0x0800066b   Thumb Code    30  _sgetc.o(.text)
    _sbackspace                              0x08000689   Thumb Code    34  _sgetc.o(.text)
    __user_libspace                          0x080006ad   Thumb Code     8  libspace.o(.text)
    __user_perproc_libspace                  0x080006ad   Thumb Code     0  libspace.o(.text)
    __user_perthread_libspace                0x080006ad   Thumb Code     0  libspace.o(.text)
    __user_setup_stackheap                   0x080006b5   Thumb Code    74  sys_stackheap_outer.o(.text)
    __rt_ctype_table                         0x08000701   Thumb Code    16  rt_ctype_table.o(.text)
    _scanf_really_real                       0x0800095d   Thumb Code   684  scanf_fp.o(.text)
    exit                                     0x08000c09   Thumb Code    18  exit.o(.text)
    strcmp                                   0x08000c1d   Thumb Code   128  strcmpv7m.o(.text)
    __rt_locale                              0x08000c9d   Thumb Code     8  rt_locale_intlibspace.o(.text)
    _btod_etento                             0x08000ca5   Thumb Code   224  bigflt0.o(.text)
    _scanf_really_hex_real                   0x08000d89   Thumb Code   786  scanf_hexfp.o(.text)
    _scanf_really_infnan                     0x080010a9   Thumb Code   292  scanf_infnan.o(.text)
    _sys_exit                                0x080011dd   Thumb Code     8  sys_exit.o(.text)
    __aeabi_llsl                             0x080011e9   Thumb Code     0  llshl.o(.text)
    _ll_shift_l                              0x080011e9   Thumb Code    38  llshl.o(.text)
    _chval                                   0x0800120f   Thumb Code    28  _chval.o(.text)
    __I$use$semihosting                      0x0800122b   Thumb Code     0  use_no_semi.o(.text)
    __use_no_semihosting_swi                 0x0800122b   Thumb Code     2  use_no_semi.o(.text)
    __btod_div_common                        0x0800122d   Thumb Code   696  btod.o(CL$$btod_div_common)
    __semihosting_library_function           0x0800122d   Thumb Code     0  indicate_semi.o(.text)
    _e2d                                     0x08001565   Thumb Code   122  btod.o(CL$$btod_e2d)
    _e2e                                     0x080015e9   Thumb Code   220  btod.o(CL$$btod_e2e)
    _btod_ediv                               0x080016c5   Thumb Code    42  btod.o(CL$$btod_ediv)
    _btod_edivd                              0x080016ef   Thumb Code    42  btod.o(CL$$btod_edivd)
    _btod_emul                               0x08001719   Thumb Code    42  btod.o(CL$$btod_emul)
    _btod_emuld                              0x08001743   Thumb Code    42  btod.o(CL$$btod_emuld)
    __btod_mult_common                       0x0800176d   Thumb Code   580  btod.o(CL$$btod_mult_common)
    App_Task_Init                            0x080019b1   Thumb Code    78  hal_app_task.o(i.App_Task_Init)
    App_Task_Run                             0x08001a1d   Thumb Code   170  hal_app_task.o(i.App_Task_Run)
    BusFault_Handler                         0x08001afd   Thumb Code     4  stm32f1xx_it.o(i.BusFault_Handler)
    DebugMon_Handler                         0x08001b01   Thumb Code     2  stm32f1xx_it.o(i.DebugMon_Handler)
    Encoder_Init                             0x08001b05   Thumb Code    36  hal_y_encoder.o(i.Encoder_Init)
    Error_Handler                            0x08001b39   Thumb Code     6  main.o(i.Error_Handler)
    HAL_DMA_Abort                            0x08001b3f   Thumb Code    86  stm32f1xx_hal_dma.o(i.HAL_DMA_Abort)
    HAL_DMA_Abort_IT                         0x08001b95   Thumb Code   414  stm32f1xx_hal_dma.o(i.HAL_DMA_Abort_IT)
    HAL_Delay                                0x08001d3d   Thumb Code    36  stm32f1xx_hal.o(i.HAL_Delay)
    HAL_GPIO_Init                            0x08001d65   Thumb Code   792  stm32f1xx_hal_gpio.o(i.HAL_GPIO_Init)
    HAL_GPIO_ReadPin                         0x080020a5   Thumb Code    16  stm32f1xx_hal_gpio.o(i.HAL_GPIO_ReadPin)
    HAL_GPIO_WritePin                        0x080020b5   Thumb Code    12  stm32f1xx_hal_gpio.o(i.HAL_GPIO_WritePin)
    HAL_GetTick                              0x080020c1   Thumb Code     6  stm32f1xx_hal.o(i.HAL_GetTick)
    HAL_HalfDuplex_Init                      0x080020cd   Thumb Code   122  stm32f1xx_hal_uart.o(i.HAL_HalfDuplex_Init)
    HAL_IncTick                              0x08002149   Thumb Code    16  stm32f1xx_hal.o(i.HAL_IncTick)
    HAL_Init                                 0x08002161   Thumb Code    34  stm32f1xx_hal.o(i.HAL_Init)
    HAL_InitTick                             0x08002189   Thumb Code    64  stm32f1xx_hal.o(i.HAL_InitTick)
    HAL_MspInit                              0x080021d5   Thumb Code    82  stm32f1xx_hal_msp.o(i.HAL_MspInit)
    HAL_NVIC_EnableIRQ                       0x08002231   Thumb Code    32  stm32f1xx_hal_cortex.o(i.HAL_NVIC_EnableIRQ)
    HAL_NVIC_SetPriority                     0x08002251   Thumb Code   124  stm32f1xx_hal_cortex.o(i.HAL_NVIC_SetPriority)
    HAL_NVIC_SetPriorityGrouping             0x080022cd   Thumb Code    32  stm32f1xx_hal_cortex.o(i.HAL_NVIC_SetPriorityGrouping)
    HAL_RCC_ClockConfig                      0x080022f5   Thumb Code   376  stm32f1xx_hal_rcc.o(i.HAL_RCC_ClockConfig)
    HAL_RCC_GetHCLKFreq                      0x08002481   Thumb Code     6  stm32f1xx_hal_rcc.o(i.HAL_RCC_GetHCLKFreq)
    HAL_RCC_GetPCLK1Freq                     0x0800248d   Thumb Code    22  stm32f1xx_hal_rcc.o(i.HAL_RCC_GetPCLK1Freq)
    HAL_RCC_GetPCLK2Freq                     0x080024ad   Thumb Code    22  stm32f1xx_hal_rcc.o(i.HAL_RCC_GetPCLK2Freq)
    HAL_RCC_GetSysClockFreq                  0x080024cd   Thumb Code    92  stm32f1xx_hal_rcc.o(i.HAL_RCC_GetSysClockFreq)
    HAL_RCC_OscConfig                        0x0800253d   Thumb Code  1114  stm32f1xx_hal_rcc.o(i.HAL_RCC_OscConfig)
    HAL_SYSTICK_Config                       0x080029a1   Thumb Code    52  stm32f1xx_hal_cortex.o(i.HAL_SYSTICK_Config)
    HAL_TIMEx_BreakCallback                  0x080029d5   Thumb Code     2  stm32f1xx_hal_tim_ex.o(i.HAL_TIMEx_BreakCallback)
    HAL_TIMEx_CommutCallback                 0x080029d7   Thumb Code     2  stm32f1xx_hal_tim_ex.o(i.HAL_TIMEx_CommutCallback)
    HAL_TIMEx_ConfigBreakDeadTime            0x080029d9   Thumb Code   116  stm32f1xx_hal_tim_ex.o(i.HAL_TIMEx_ConfigBreakDeadTime)
    HAL_TIMEx_MasterConfigSynchronization    0x08002a4d   Thumb Code   134  stm32f1xx_hal_tim_ex.o(i.HAL_TIMEx_MasterConfigSynchronization)
    HAL_TIM_Base_Init                        0x08002ae9   Thumb Code   102  stm32f1xx_hal_tim.o(i.HAL_TIM_Base_Init)
    HAL_TIM_Base_MspInit                     0x08002b51   Thumb Code   132  tim.o(i.HAL_TIM_Base_MspInit)
    HAL_TIM_Base_Start_IT                    0x08002be5   Thumb Code   122  stm32f1xx_hal_tim.o(i.HAL_TIM_Base_Start_IT)
    HAL_TIM_ConfigClockSource                0x08002c75   Thumb Code   268  stm32f1xx_hal_tim.o(i.HAL_TIM_ConfigClockSource)
    HAL_TIM_Encoder_Init                     0x08002d81   Thumb Code   196  stm32f1xx_hal_tim.o(i.HAL_TIM_Encoder_Init)
    HAL_TIM_Encoder_MspInit                  0x08002e45   Thumb Code   478  tim.o(i.HAL_TIM_Encoder_MspInit)
    HAL_TIM_Encoder_Start                    0x08003041   Thumb Code   204  stm32f1xx_hal_tim.o(i.HAL_TIM_Encoder_Start)
    HAL_TIM_IC_CaptureCallback               0x0800310d   Thumb Code     2  stm32f1xx_hal_tim.o(i.HAL_TIM_IC_CaptureCallback)
    HAL_TIM_IRQHandler                       0x0800310f   Thumb Code   364  stm32f1xx_hal_tim.o(i.HAL_TIM_IRQHandler)
    HAL_TIM_MspPostInit                      0x0800327d   Thumb Code    76  tim.o(i.HAL_TIM_MspPostInit)
    HAL_TIM_OC_DelayElapsedCallback          0x080032d5   Thumb Code     2  stm32f1xx_hal_tim.o(i.HAL_TIM_OC_DelayElapsedCallback)
    HAL_TIM_PWM_ConfigChannel                0x080032d7   Thumb Code   260  stm32f1xx_hal_tim.o(i.HAL_TIM_PWM_ConfigChannel)
    HAL_TIM_PWM_Init                         0x080033db   Thumb Code   102  stm32f1xx_hal_tim.o(i.HAL_TIM_PWM_Init)
    HAL_TIM_PWM_MspInit                      0x08003441   Thumb Code     2  stm32f1xx_hal_tim.o(i.HAL_TIM_PWM_MspInit)
    HAL_TIM_PWM_PulseFinishedCallback        0x08003443   Thumb Code     2  stm32f1xx_hal_tim.o(i.HAL_TIM_PWM_PulseFinishedCallback)
    HAL_TIM_PWM_Start                        0x08003445   Thumb Code   222  stm32f1xx_hal_tim.o(i.HAL_TIM_PWM_Start)
    HAL_TIM_PeriodElapsedCallback            0x08003539   Thumb Code   184  hal_y_servo.o(i.HAL_TIM_PeriodElapsedCallback)
    HAL_TIM_TriggerCallback                  0x08003605   Thumb Code     2  stm32f1xx_hal_tim.o(i.HAL_TIM_TriggerCallback)
    HAL_UARTEx_RxEventCallback               0x08003607   Thumb Code     2  stm32f1xx_hal_uart.o(i.HAL_UARTEx_RxEventCallback)
    HAL_UART_ErrorCallback                   0x08003609   Thumb Code     2  stm32f1xx_hal_uart.o(i.HAL_UART_ErrorCallback)
    HAL_UART_IRQHandler                      0x0800360d   Thumb Code   736  stm32f1xx_hal_uart.o(i.HAL_UART_IRQHandler)
    HAL_UART_Init                            0x080038f1   Thumb Code   118  stm32f1xx_hal_uart.o(i.HAL_UART_Init)
    HAL_UART_MspInit                         0x08003969   Thumb Code   476  usart.o(i.HAL_UART_MspInit)
    HAL_UART_RxCpltCallback                  0x08003b65   Thumb Code     2  stm32f1xx_hal_uart.o(i.HAL_UART_RxCpltCallback)
    HAL_UART_Transmit                        0x08003b67   Thumb Code   190  stm32f1xx_hal_uart.o(i.HAL_UART_Transmit)
    HAL_UART_TxCpltCallback                  0x08003c25   Thumb Code     2  stm32f1xx_hal_uart.o(i.HAL_UART_TxCpltCallback)
    HardFault_Handler                        0x08003c27   Thumb Code     4  stm32f1xx_it.o(i.HardFault_Handler)
    Key_GetEvent                             0x08003c2d   Thumb Code    12  hal_app_key.o(i.Key_GetEvent)
    Key_ReadPin                              0x08003c3d   Thumb Code    12  hal_app_key.o(i.Key_ReadPin)
    Key_Scan                                 0x08003c4d   Thumb Code   268  hal_app_key.o(i.Key_Scan)
    MX_GPIO_Init                             0x08003d75   Thumb Code   238  gpio.o(i.MX_GPIO_Init)
    MX_TIM2_Init                             0x08003e75   Thumb Code   122  tim.o(i.MX_TIM2_Init)
    MX_TIM3_Init                             0x08003ef5   Thumb Code   120  tim.o(i.MX_TIM3_Init)
    MX_TIM4_Init                             0x08003f75   Thumb Code   120  tim.o(i.MX_TIM4_Init)
    MX_TIM5_Init                             0x08003ff5   Thumb Code   120  tim.o(i.MX_TIM5_Init)
    MX_TIM7_Init                             0x08004075   Thumb Code    64  tim.o(i.MX_TIM7_Init)
    MX_TIM8_Init                             0x080040bd   Thumb Code   254  tim.o(i.MX_TIM8_Init)
    MX_UART5_Init                            0x080041c5   Thumb Code    46  usart.o(i.MX_UART5_Init)
    MX_USART1_UART_Init                      0x080041fd   Thumb Code    46  usart.o(i.MX_USART1_UART_Init)
    MX_USART2_UART_Init                      0x08004235   Thumb Code    46  usart.o(i.MX_USART2_UART_Init)
    MX_USART3_UART_Init                      0x0800426d   Thumb Code    46  usart.o(i.MX_USART3_UART_Init)
    MemManage_Handler                        0x080042a5   Thumb Code     4  stm32f1xx_it.o(i.MemManage_Handler)
    NMI_Handler                              0x080042a9   Thumb Code     4  stm32f1xx_it.o(i.NMI_Handler)
    OLED_Clear                               0x080042ad   Thumb Code    42  hal_app_oled.o(i.OLED_Clear)
    OLED_Init                                0x080042d7   Thumb Code   182  hal_app_oled.o(i.OLED_Init)
    OLED_SetCursor                           0x0800438d   Thumb Code    36  hal_app_oled.o(i.OLED_SetCursor)
    OLED_ShowChar                            0x080043b1   Thumb Code    66  hal_app_oled.o(i.OLED_ShowChar)
    OLED_ShowString                          0x080043f9   Thumb Code    52  hal_app_oled.o(i.OLED_ShowString)
    PendSV_Handler                           0x08004485   Thumb Code     2  stm32f1xx_it.o(i.PendSV_Handler)
    SVC_Handler                              0x080044b1   Thumb Code     2  stm32f1xx_it.o(i.SVC_Handler)
    SysTick_Handler                          0x080044b3   Thumb Code     8  stm32f1xx_it.o(i.SysTick_Handler)
    SystemClock_Config                       0x080044bb   Thumb Code   102  main.o(i.SystemClock_Config)
    SystemInit                               0x08004521   Thumb Code     2  system_stm32f1xx.o(i.SystemInit)
    TIM2_IRQHandler                          0x08004525   Thumb Code    10  stm32f1xx_it.o(i.TIM2_IRQHandler)
    TIM3_IRQHandler                          0x08004535   Thumb Code    10  stm32f1xx_it.o(i.TIM3_IRQHandler)
    TIM4_IRQHandler                          0x08004545   Thumb Code    10  stm32f1xx_it.o(i.TIM4_IRQHandler)
    TIM5_IRQHandler                          0x08004555   Thumb Code    10  stm32f1xx_it.o(i.TIM5_IRQHandler)
    TIM7_IRQHandler                          0x08004565   Thumb Code    10  stm32f1xx_it.o(i.TIM7_IRQHandler)
    TIM_Base_SetConfig                       0x08004575   Thumb Code   150  stm32f1xx_hal_tim.o(i.TIM_Base_SetConfig)
    TIM_CCxChannelCmd                        0x08004621   Thumb Code    34  stm32f1xx_hal_tim.o(i.TIM_CCxChannelCmd)
    TIM_ETR_SetConfig                        0x08004643   Thumb Code    22  stm32f1xx_hal_tim.o(i.TIM_ETR_SetConfig)
    TIM_OC2_SetConfig                        0x080046dd   Thumb Code   114  stm32f1xx_hal_tim.o(i.TIM_OC2_SetConfig)
    UART5_IRQHandler                         0x08004875   Thumb Code    10  stm32f1xx_it.o(i.UART5_IRQHandler)
    USART1_IRQHandler                        0x08004c09   Thumb Code    40  stm32f1xx_it.o(i.USART1_IRQHandler)
    USART2_IRQHandler                        0x08004c35   Thumb Code    10  stm32f1xx_it.o(i.USART2_IRQHandler)
    USART3_IRQHandler                        0x08004c45   Thumb Code    40  stm32f1xx_it.o(i.USART3_IRQHandler)
    UsageFault_Handler                       0x08004c71   Thumb Code     4  stm32f1xx_it.o(i.UsageFault_Handler)
    __mathlib_dbl_overflow                   0x08004cad   Thumb Code    14  dunder.o(i.__mathlib_dbl_overflow)
    __mathlib_dbl_underflow                  0x08004cbd   Thumb Code    10  dunder.o(i.__mathlib_dbl_underflow)
    __mathlib_narrow                         0x08004ccd   Thumb Code    16  narrow.o(i.__mathlib_narrow)
    __mathlib_tofloat                        0x08004cdd   Thumb Code   184  narrow.o(i.__mathlib_tofloat)
    __support_ldexp                          0x08004d99   Thumb Code    22  ldexp.o(i.__support_ldexp)
    _is_digit                                0x08004daf   Thumb Code    14  __printf_wp.o(i._is_digit)
    app_motor_init                           0x08004dbd   Thumb Code    12  hal_app_motor.o(i.app_motor_init)
    app_uart_init                            0x08004dc9   Thumb Code    34  hal_app_uart.o(i.app_uart_init)
    atof                                     0x08004df5   Thumb Code    42  atof.o(i.atof)
    frexp                                    0x08004e21   Thumb Code    80  frexp.o(i.frexp)
    i2c_start                                0x08004e91   Thumb Code    56  hal_y_soft_i2c.o(i.i2c_start)
    i2c_stop                                 0x08004ecd   Thumb Code    44  hal_y_soft_i2c.o(i.i2c_stop)
    i2c_wait_ack                             0x08004efd   Thumb Code    80  hal_y_soft_i2c.o(i.i2c_wait_ack)
    i2c_write_byte                           0x08004f51   Thumb Code    98  hal_y_soft_i2c.o(i.i2c_write_byte)
    ldexp                                    0x08004fb9   Thumb Code   116  ldexp.o(i.ldexp)
    led_init                                 0x0800502d   Thumb Code     2  hal_y_led.o(i.led_init)
    main                                     0x08005031   Thumb Code   110  main.o(i.main)
    motor_init                               0x08005349   Thumb Code    62  hal_y_motor.o(i.motor_init)
    motor_speed_set                          0x0800538d   Thumb Code    20  hal_app_motor.o(i.motor_speed_set)
    pwmServo_init                            0x08005555   Thumb Code    82  hal_y_servo.o(i.pwmServo_init)
    setup_kinematics                         0x08005761   Thumb Code    58  hal_y_kinematics.o(i.setup_kinematics)
    soft_i2c_gpio_init                       0x080057a1   Thumb Code    24  hal_y_soft_i2c.o(i.soft_i2c_gpio_init)
    uart3_send_str                           0x080057bd   Thumb Code    58  hal_y_usart.o(i.uart3_send_str)
    uart_data_parse                          0x080057fd   Thumb Code   246  hal_y_usart.o(i.uart_data_parse)
    _get_lc_numeric                          0x08005909   Thumb Code    44  lc_numeric_c.o(locale$$code)
    _get_lc_ctype                            0x08005935   Thumb Code    44  lc_ctype_c.o(locale$$code)
    __aeabi_d2f                              0x08005961   Thumb Code     0  d2f.o(x$fpl$d2f)
    _d2f                                     0x08005961   Thumb Code    98  d2f.o(x$fpl$d2f)
    __fpl_dcheck_NaN1                        0x080059c5   Thumb Code    10  dcheck1.o(x$fpl$dcheck1)
    __fpl_dcmp_Inf                           0x080059d5   Thumb Code    24  dcmpi.o(x$fpl$dcmpinf)
    __aeabi_cdcmpeq                          0x080059ed   Thumb Code     0  deqf.o(x$fpl$deqf)
    _dcmpeq                                  0x080059ed   Thumb Code   120  deqf.o(x$fpl$deqf)
    __aeabi_cdcmple                          0x08005a65   Thumb Code     0  dleqf.o(x$fpl$dleqf)
    _dcmple                                  0x08005a65   Thumb Code   120  dleqf.o(x$fpl$dleqf)
    __fpl_dcmple_InfNaN                      0x08005ac7   Thumb Code     0  dleqf.o(x$fpl$dleqf)
    __fpl_dnaninf                            0x08005add   Thumb Code   156  dnaninf.o(x$fpl$dnaninf)
    __aeabi_cdrcmple                         0x08005b79   Thumb Code     0  drleqf.o(x$fpl$drleqf)
    _drcmple                                 0x08005b79   Thumb Code   108  drleqf.o(x$fpl$drleqf)
    __aeabi_fadd                             0x08005be5   Thumb Code     0  faddsub_clz.o(x$fpl$fadd)
    _fadd                                    0x08005be5   Thumb Code   196  faddsub_clz.o(x$fpl$fadd)
    __fpl_fcmp_Inf                           0x08005ca9   Thumb Code    24  fcmpi.o(x$fpl$fcmpinf)
    __aeabi_cfcmpeq                          0x08005cc1   Thumb Code     0  feqf.o(x$fpl$feqf)
    _fcmpeq                                  0x08005cc1   Thumb Code   104  feqf.o(x$fpl$feqf)
    __aeabi_f2iz                             0x08005d29   Thumb Code     0  ffix.o(x$fpl$ffix)
    _ffix                                    0x08005d29   Thumb Code    54  ffix.o(x$fpl$ffix)
    __aeabi_f2uiz                            0x08005d61   Thumb Code     0  ffixu.o(x$fpl$ffixu)
    _ffixu                                   0x08005d61   Thumb Code    62  ffixu.o(x$fpl$ffixu)
    __aeabi_i2f                              0x08005da1   Thumb Code     0  fflt_clz.o(x$fpl$fflt)
    _fflt                                    0x08005da1   Thumb Code    48  fflt_clz.o(x$fpl$fflt)
    __aeabi_fmul                             0x08005dd1   Thumb Code     0  fmul.o(x$fpl$fmul)
    _fmul                                    0x08005dd1   Thumb Code   258  fmul.o(x$fpl$fmul)
    __fpl_fnaninf                            0x08005ed3   Thumb Code   140  fnaninf.o(x$fpl$fnaninf)
    __fpl_fretinf                            0x08005f5f   Thumb Code    10  fretinf.o(x$fpl$fretinf)
    __aeabi_fsub                             0x08005f69   Thumb Code     0  faddsub_clz.o(x$fpl$fsub)
    _fsub                                    0x08005f69   Thumb Code   234  faddsub_clz.o(x$fpl$fsub)
    __ieee_status                            0x08006053   Thumb Code     6  istatus.o(x$fpl$ieeestatus)
    __fpl_return_NaN                         0x08006059   Thumb Code   100  retnan.o(x$fpl$retnan)
    __ARM_scalbn                             0x080060bd   Thumb Code    92  scalbn.o(x$fpl$scalbn)
    _scanf_real                              0x08006119   Thumb Code     4  scanf1.o(x$fpl$scanf1)
    _scanf_hex_real                          0x0800611d   Thumb Code     4  scanf2.o(x$fpl$scanf2)
    _scanf_infnan                            0x08006121   Thumb Code     4  scanf2.o(x$fpl$scanf2)
    __fpl_cmpreturn                          0x08006125   Thumb Code    48  trapv.o(x$fpl$trapveneer)
    __I$use$fp                               0x08006154   Number         0  usenofp.o(x$fpl$usenofp)
    AHBPrescTable                            0x08006166   Data          16  system_stm32f1xx.o(.constdata)
    APBPrescTable                            0x08006176   Data           8  system_stm32f1xx.o(.constdata)
    Region$$Table$$Base                      0x0800644c   Number         0  anon$$obj.o(Region$$Table)
    Region$$Table$$Limit                     0x0800646c   Number         0  anon$$obj.o(Region$$Table)
    __aeabi_HUGE_VAL                         0x0800646c   Data           0  fpconst.o(c$$dinf)
    __aeabi_HUGE_VALL                        0x0800646c   Data           0  fpconst.o(c$$dinf)
    __aeabi_INFINITY                         0x0800646c   Data           0  fpconst.o(c$$dinf)
    __dInf                                   0x0800646c   Data           0  fpconst.o(c$$dinf)
    __huge_val                               0x0800646c   Data           0  fpconst.o(c$$dinf)
    __dbl_max                                0x08006474   Data           0  fpconst.o(c$$dmax)
    __ctype                                  0x080064a5   Data           0  lc_ctype_c.o(locale$$data)
    uwTick                                   0x20000000   Data           4  stm32f1xx_hal.o(.data)
    uwTickPrio                               0x20000004   Data           4  stm32f1xx_hal.o(.data)
    uwTickFreq                               0x20000008   Data           1  stm32f1xx_hal.o(.data)
    SystemCoreClock                          0x2000000c   Data           4  system_stm32f1xx.o(.data)
    uart_get_ok                              0x20000012   Data           2  hal_y_usart.o(.data)
    uart_mode                                0x20000014   Data           1  hal_y_usart.o(.data)
    uart_receive_num                         0x20000015   Data           1  hal_y_usart.o(.data)
    htim2                                    0x20000044   Data          72  tim.o(.bss)
    htim3                                    0x2000008c   Data          72  tim.o(.bss)
    htim4                                    0x200000d4   Data          72  tim.o(.bss)
    htim5                                    0x2000011c   Data          72  tim.o(.bss)
    htim6                                    0x20000164   Data          72  tim.o(.bss)
    htim7                                    0x200001ac   Data          72  tim.o(.bss)
    htim8                                    0x200001f4   Data          72  tim.o(.bss)
    huart5                                   0x2000023c   Data          72  usart.o(.bss)
    huart1                                   0x20000284   Data          72  usart.o(.bss)
    huart2                                   0x200002cc   Data          72  usart.o(.bss)
    huart3                                   0x20000314   Data          72  usart.o(.bss)
    kinematics                               0x2000035c   Data          48  hal_y_kinematics.o(.bss)
    Wheel_A                                  0x2000038c   Data          12  hal_y_motor.o(.bss)
    Wheel_B                                  0x20000398   Data          12  hal_y_motor.o(.bss)
    Wheel_C                                  0x200003a4   Data          12  hal_y_motor.o(.bss)
    Wheel_D                                  0x200003b0   Data          12  hal_y_motor.o(.bss)
    pwmServo_angle                           0x200003bc   Data         120  hal_y_servo.o(.bss)
    uart_receive_buf                         0x20000434   Data         256  hal_y_usart.o(.bss)
    __libspace_start                         0x20000560   Data          96  libspace.o(.bss)
    __temporary_stack_top$libspace           0x200005c0   Data           0  libspace.o(.bss)



==============================================================================

Memory Map of the image

  Image Entry point : 0x08000131

  Load Region LR_IROM1 (Base: 0x08000000, Size: 0x000065ec, Max: 0x00040000, ABSOLUTE)

    Execution Region ER_IROM1 (Exec base: 0x08000000, Load base: 0x08000000, Size: 0x000065a8, Max: 0x00040000, ABSOLUTE)

    Exec Addr    Load Addr    Size         Type   Attr      Idx    E Section Name        Object

    0x08000000   0x08000000   0x00000130   Data   RO            3    RESET               startup_stm32f103xe.o
    0x08000130   0x08000130   0x00000008   Code   RO         3781  * !!!main             c_w.l(__main.o)
    0x08000138   0x08000138   0x00000034   Code   RO         4211    !!!scatter          c_w.l(__scatter.o)
    0x0800016c   0x0800016c   0x0000001a   Code   RO         4213    !!handler_copy      c_w.l(__scatter_copy.o)
    0x08000186   0x08000186   0x00000002   PAD
    0x08000188   0x08000188   0x0000001c   Code   RO         4215    !!handler_zi        c_w.l(__scatter_zi.o)
    0x080001a4   0x080001a4   0x00000000   Code   RO         3770    .ARM.Collect$$_printf_percent$$00000000  c_w.l(_printf_percent.o)
    0x080001a4   0x080001a4   0x00000006   Code   RO         3769    .ARM.Collect$$_printf_percent$$00000009  c_w.l(_printf_d.o)
    0x080001aa   0x080001aa   0x00000006   Code   RO         3768    .ARM.Collect$$_printf_percent$$00000013  c_w.l(_printf_c.o)
    0x080001b0   0x080001b0   0x00000004   Code   RO         3874    .ARM.Collect$$_printf_percent$$00000017  c_w.l(_printf_percent_end.o)
    0x080001b4   0x080001b4   0x00000002   Code   RO         3962    .ARM.Collect$$libinit$$00000000  c_w.l(libinit.o)
    0x080001b6   0x080001b6   0x00000000   Code   RO         3964    .ARM.Collect$$libinit$$00000002  c_w.l(libinit2.o)
    0x080001b6   0x080001b6   0x00000000   Code   RO         3966    .ARM.Collect$$libinit$$00000004  c_w.l(libinit2.o)
    0x080001b6   0x080001b6   0x00000000   Code   RO         3969    .ARM.Collect$$libinit$$0000000A  c_w.l(libinit2.o)
    0x080001b6   0x080001b6   0x00000000   Code   RO         3971    .ARM.Collect$$libinit$$0000000C  c_w.l(libinit2.o)
    0x080001b6   0x080001b6   0x00000000   Code   RO         3973    .ARM.Collect$$libinit$$0000000E  c_w.l(libinit2.o)
    0x080001b6   0x080001b6   0x00000006   Code   RO         3974    .ARM.Collect$$libinit$$0000000F  c_w.l(libinit2.o)
    0x080001bc   0x080001bc   0x00000000   Code   RO         3976    .ARM.Collect$$libinit$$00000011  c_w.l(libinit2.o)
    0x080001bc   0x080001bc   0x0000000c   Code   RO         3977    .ARM.Collect$$libinit$$00000012  c_w.l(libinit2.o)
    0x080001c8   0x080001c8   0x00000000   Code   RO         3978    .ARM.Collect$$libinit$$00000013  c_w.l(libinit2.o)
    0x080001c8   0x080001c8   0x00000000   Code   RO         3980    .ARM.Collect$$libinit$$00000015  c_w.l(libinit2.o)
    0x080001c8   0x080001c8   0x0000000a   Code   RO         3981    .ARM.Collect$$libinit$$00000016  c_w.l(libinit2.o)
    0x080001d2   0x080001d2   0x00000000   Code   RO         3982    .ARM.Collect$$libinit$$00000017  c_w.l(libinit2.o)
    0x080001d2   0x080001d2   0x00000000   Code   RO         3984    .ARM.Collect$$libinit$$00000019  c_w.l(libinit2.o)
    0x080001d2   0x080001d2   0x00000000   Code   RO         3986    .ARM.Collect$$libinit$$0000001B  c_w.l(libinit2.o)
    0x080001d2   0x080001d2   0x00000000   Code   RO         3988    .ARM.Collect$$libinit$$0000001D  c_w.l(libinit2.o)
    0x080001d2   0x080001d2   0x00000000   Code   RO         3990    .ARM.Collect$$libinit$$0000001F  c_w.l(libinit2.o)
    0x080001d2   0x080001d2   0x00000000   Code   RO         3992    .ARM.Collect$$libinit$$00000021  c_w.l(libinit2.o)
    0x080001d2   0x080001d2   0x00000000   Code   RO         3994    .ARM.Collect$$libinit$$00000023  c_w.l(libinit2.o)
    0x080001d2   0x080001d2   0x00000000   Code   RO         3996    .ARM.Collect$$libinit$$00000025  c_w.l(libinit2.o)
    0x080001d2   0x080001d2   0x00000000   Code   RO         4000    .ARM.Collect$$libinit$$0000002C  c_w.l(libinit2.o)
    0x080001d2   0x080001d2   0x00000000   Code   RO         4002    .ARM.Collect$$libinit$$0000002E  c_w.l(libinit2.o)
    0x080001d2   0x080001d2   0x00000000   Code   RO         4004    .ARM.Collect$$libinit$$00000030  c_w.l(libinit2.o)
    0x080001d2   0x080001d2   0x00000000   Code   RO         4006    .ARM.Collect$$libinit$$00000032  c_w.l(libinit2.o)
    0x080001d2   0x080001d2   0x00000002   Code   RO         4007    .ARM.Collect$$libinit$$00000033  c_w.l(libinit2.o)
    0x080001d4   0x080001d4   0x00000002   Code   RO         4108    .ARM.Collect$$libshutdown$$00000000  c_w.l(libshutdown.o)
    0x080001d6   0x080001d6   0x00000000   Code   RO         4137    .ARM.Collect$$libshutdown$$00000002  c_w.l(libshutdown2.o)
    0x080001d6   0x080001d6   0x00000000   Code   RO         4139    .ARM.Collect$$libshutdown$$00000004  c_w.l(libshutdown2.o)
    0x080001d6   0x080001d6   0x00000000   Code   RO         4141    .ARM.Collect$$libshutdown$$00000006  c_w.l(libshutdown2.o)
    0x080001d6   0x080001d6   0x00000000   Code   RO         4144    .ARM.Collect$$libshutdown$$00000009  c_w.l(libshutdown2.o)
    0x080001d6   0x080001d6   0x00000000   Code   RO         4147    .ARM.Collect$$libshutdown$$0000000C  c_w.l(libshutdown2.o)
    0x080001d6   0x080001d6   0x00000000   Code   RO         4149    .ARM.Collect$$libshutdown$$0000000E  c_w.l(libshutdown2.o)
    0x080001d6   0x080001d6   0x00000000   Code   RO         4152    .ARM.Collect$$libshutdown$$00000011  c_w.l(libshutdown2.o)
    0x080001d6   0x080001d6   0x00000002   Code   RO         4153    .ARM.Collect$$libshutdown$$00000012  c_w.l(libshutdown2.o)
    0x080001d8   0x080001d8   0x00000000   Code   RO         3861    .ARM.Collect$$rtentry$$00000000  c_w.l(__rtentry.o)
    0x080001d8   0x080001d8   0x00000000   Code   RO         3912    .ARM.Collect$$rtentry$$00000002  c_w.l(__rtentry2.o)
    0x080001d8   0x080001d8   0x00000006   Code   RO         3924    .ARM.Collect$$rtentry$$00000004  c_w.l(__rtentry4.o)
    0x080001de   0x080001de   0x00000000   Code   RO         3914    .ARM.Collect$$rtentry$$00000009  c_w.l(__rtentry2.o)
    0x080001de   0x080001de   0x00000004   Code   RO         3915    .ARM.Collect$$rtentry$$0000000A  c_w.l(__rtentry2.o)
    0x080001e2   0x080001e2   0x00000000   Code   RO         3917    .ARM.Collect$$rtentry$$0000000C  c_w.l(__rtentry2.o)
    0x080001e2   0x080001e2   0x00000008   Code   RO         3918    .ARM.Collect$$rtentry$$0000000D  c_w.l(__rtentry2.o)
    0x080001ea   0x080001ea   0x00000002   Code   RO         4010    .ARM.Collect$$rtexit$$00000000  c_w.l(rtexit.o)
    0x080001ec   0x080001ec   0x00000000   Code   RO         4070    .ARM.Collect$$rtexit$$00000002  c_w.l(rtexit2.o)
    0x080001ec   0x080001ec   0x00000004   Code   RO         4071    .ARM.Collect$$rtexit$$00000003  c_w.l(rtexit2.o)
    0x080001f0   0x080001f0   0x00000006   Code   RO         4072    .ARM.Collect$$rtexit$$00000004  c_w.l(rtexit2.o)
    0x080001f6   0x080001f6   0x00000002   PAD
    0x080001f8   0x080001f8   0x00000040   Code   RO            4    .text               startup_stm32f103xe.o
    0x08000238   0x08000238   0x00000034   Code   RO         3740    .text               c_w.l(noretval__2snprintf.o)
    0x0800026c   0x0800026c   0x00000068   Code   RO         3742    .text               c_w.l(__printf.o)
    0x080002d4   0x080002d4   0x00000052   Code   RO         3744    .text               c_w.l(_printf_str.o)
    0x08000326   0x08000326   0x00000002   PAD
    0x08000328   0x08000328   0x00000078   Code   RO         3746    .text               c_w.l(_printf_dec.o)
    0x080003a0   0x080003a0   0x00000014   Code   RO         3771    .text               c_w.l(strchr.o)
    0x080003b4   0x080003b4   0x00000024   Code   RO         3773    .text               c_w.l(strstr.o)
    0x080003d8   0x080003d8   0x0000003e   Code   RO         3775    .text               c_w.l(strlen.o)
    0x08000416   0x08000416   0x0000004e   Code   RO         3777    .text               c_w.l(rt_memclr_w.o)
    0x08000464   0x08000464   0x00000006   Code   RO         3779    .text               c_w.l(heapauxi.o)
    0x0800046a   0x0800046a   0x00000016   Code   RO         3862    .text               c_w.l(_rserrno.o)
    0x08000480   0x08000480   0x000000b2   Code   RO         3864    .text               c_w.l(_printf_intcommon.o)
    0x08000532   0x08000532   0x00000002   PAD
    0x08000534   0x08000534   0x00000030   Code   RO         3866    .text               c_w.l(_printf_char_common.o)
    0x08000564   0x08000564   0x0000000a   Code   RO         3868    .text               c_w.l(_sputc.o)
    0x0800056e   0x0800056e   0x00000010   Code   RO         3870    .text               c_w.l(_snputc.o)
    0x0800057e   0x0800057e   0x0000002c   Code   RO         3872    .text               c_w.l(_printf_char.o)
    0x080005aa   0x080005aa   0x00000002   PAD
    0x080005ac   0x080005ac   0x000000a4   Code   RO         3875    .text               c_w.l(strtod.o)
    0x08000650   0x08000650   0x00000008   Code   RO         3929    .text               c_w.l(rt_errno_addr_intlibspace.o)
    0x08000658   0x08000658   0x00000012   Code   RO         3931    .text               c_w.l(isspace.o)
    0x0800066a   0x0800066a   0x00000040   Code   RO         3935    .text               c_w.l(_sgetc.o)
    0x080006aa   0x080006aa   0x00000002   PAD
    0x080006ac   0x080006ac   0x00000008   Code   RO         3944    .text               c_w.l(libspace.o)
    0x080006b4   0x080006b4   0x0000004a   Code   RO         3947    .text               c_w.l(sys_stackheap_outer.o)
    0x080006fe   0x080006fe   0x00000002   PAD
    0x08000700   0x08000700   0x00000010   Code   RO         3949    .text               c_w.l(rt_ctype_table.o)
    0x08000710   0x08000710   0x000004f8   Code   RO         3951    .text               c_w.l(scanf_fp.o)
    0x08000c08   0x08000c08   0x00000012   Code   RO         3953    .text               c_w.l(exit.o)
    0x08000c1a   0x08000c1a   0x00000002   PAD
    0x08000c1c   0x08000c1c   0x00000080   Code   RO         3955    .text               c_w.l(strcmpv7m.o)
    0x08000c9c   0x08000c9c   0x00000008   Code   RO         4015    .text               c_w.l(rt_locale_intlibspace.o)
    0x08000ca4   0x08000ca4   0x000000e4   Code   RO         4017    .text               c_w.l(bigflt0.o)
    0x08000d88   0x08000d88   0x00000320   Code   RO         4076    .text               c_w.l(scanf_hexfp.o)
    0x080010a8   0x080010a8   0x00000134   Code   RO         4078    .text               c_w.l(scanf_infnan.o)
    0x080011dc   0x080011dc   0x0000000c   Code   RO         4094    .text               c_w.l(sys_exit.o)
    0x080011e8   0x080011e8   0x00000026   Code   RO         4098    .text               c_w.l(llshl.o)
    0x0800120e   0x0800120e   0x0000001c   Code   RO         4100    .text               c_w.l(_chval.o)
    0x0800122a   0x0800122a   0x00000002   Code   RO         4127    .text               c_w.l(use_no_semi.o)
    0x0800122c   0x0800122c   0x00000000   Code   RO         4129    .text               c_w.l(indicate_semi.o)
    0x0800122c   0x0800122c   0x00000338   Code   RO         4030    CL$$btod_div_common  c_w.l(btod.o)
    0x08001564   0x08001564   0x00000084   Code   RO         4028    CL$$btod_e2d        c_w.l(btod.o)
    0x080015e8   0x080015e8   0x000000dc   Code   RO         4027    CL$$btod_e2e        c_w.l(btod.o)
    0x080016c4   0x080016c4   0x0000002a   Code   RO         4024    CL$$btod_ediv       c_w.l(btod.o)
    0x080016ee   0x080016ee   0x0000002a   Code   RO         4026    CL$$btod_edivd      c_w.l(btod.o)
    0x08001718   0x08001718   0x0000002a   Code   RO         4023    CL$$btod_emul       c_w.l(btod.o)
    0x08001742   0x08001742   0x0000002a   Code   RO         4025    CL$$btod_emuld      c_w.l(btod.o)
    0x0800176c   0x0800176c   0x00000244   Code   RO         4029    CL$$btod_mult_common  c_w.l(btod.o)
    0x080019b0   0x080019b0   0x0000006c   Code   RO         3670    i.App_Task_Init     hal_app_task.o
    0x08001a1c   0x08001a1c   0x000000e0   Code   RO         3671    i.App_Task_Run      hal_app_task.o
    0x08001afc   0x08001afc   0x00000004   Code   RO          382    i.BusFault_Handler  stm32f1xx_it.o
    0x08001b00   0x08001b00   0x00000002   Code   RO          383    i.DebugMon_Handler  stm32f1xx_it.o
    0x08001b02   0x08001b02   0x00000002   PAD
    0x08001b04   0x08001b04   0x00000034   Code   RO         3094    i.Encoder_Init      hal_y_encoder.o
    0x08001b38   0x08001b38   0x00000006   Code   RO           13    i.Error_Handler     main.o
    0x08001b3e   0x08001b3e   0x00000056   Code   RO         1942    i.HAL_DMA_Abort     stm32f1xx_hal_dma.o
    0x08001b94   0x08001b94   0x000001a8   Code   RO         1943    i.HAL_DMA_Abort_IT  stm32f1xx_hal_dma.o
    0x08001d3c   0x08001d3c   0x00000028   Code   RO         1563    i.HAL_Delay         stm32f1xx_hal.o
    0x08001d64   0x08001d64   0x00000340   Code   RO         1878    i.HAL_GPIO_Init     stm32f1xx_hal_gpio.o
    0x080020a4   0x080020a4   0x00000010   Code   RO         1880    i.HAL_GPIO_ReadPin  stm32f1xx_hal_gpio.o
    0x080020b4   0x080020b4   0x0000000c   Code   RO         1882    i.HAL_GPIO_WritePin  stm32f1xx_hal_gpio.o
    0x080020c0   0x080020c0   0x0000000c   Code   RO         1567    i.HAL_GetTick       stm32f1xx_hal.o
    0x080020cc   0x080020cc   0x0000007a   Code   RO         2566    i.HAL_HalfDuplex_Init  stm32f1xx_hal_uart.o
    0x08002146   0x08002146   0x00000002   PAD
    0x08002148   0x08002148   0x00000018   Code   RO         1573    i.HAL_IncTick       stm32f1xx_hal.o
    0x08002160   0x08002160   0x00000028   Code   RO         1574    i.HAL_Init          stm32f1xx_hal.o
    0x08002188   0x08002188   0x0000004c   Code   RO         1575    i.HAL_InitTick      stm32f1xx_hal.o
    0x080021d4   0x080021d4   0x0000005c   Code   RO          512    i.HAL_MspInit       stm32f1xx_hal_msp.o
    0x08002230   0x08002230   0x00000020   Code   RO         2038    i.HAL_NVIC_EnableIRQ  stm32f1xx_hal_cortex.o
    0x08002250   0x08002250   0x0000007c   Code   RO         2044    i.HAL_NVIC_SetPriority  stm32f1xx_hal_cortex.o
    0x080022cc   0x080022cc   0x00000028   Code   RO         2045    i.HAL_NVIC_SetPriorityGrouping  stm32f1xx_hal_cortex.o
    0x080022f4   0x080022f4   0x0000018c   Code   RO         1731    i.HAL_RCC_ClockConfig  stm32f1xx_hal_rcc.o
    0x08002480   0x08002480   0x0000000c   Code   RO         1736    i.HAL_RCC_GetHCLKFreq  stm32f1xx_hal_rcc.o
    0x0800248c   0x0800248c   0x00000020   Code   RO         1738    i.HAL_RCC_GetPCLK1Freq  stm32f1xx_hal_rcc.o
    0x080024ac   0x080024ac   0x00000020   Code   RO         1739    i.HAL_RCC_GetPCLK2Freq  stm32f1xx_hal_rcc.o
    0x080024cc   0x080024cc   0x00000070   Code   RO         1740    i.HAL_RCC_GetSysClockFreq  stm32f1xx_hal_rcc.o
    0x0800253c   0x0800253c   0x00000464   Code   RO         1743    i.HAL_RCC_OscConfig  stm32f1xx_hal_rcc.o
    0x080029a0   0x080029a0   0x00000034   Code   RO         2049    i.HAL_SYSTICK_Config  stm32f1xx_hal_cortex.o
    0x080029d4   0x080029d4   0x00000002   Code   RO         1289    i.HAL_TIMEx_BreakCallback  stm32f1xx_hal_tim_ex.o
    0x080029d6   0x080029d6   0x00000002   Code   RO         1290    i.HAL_TIMEx_CommutCallback  stm32f1xx_hal_tim_ex.o
    0x080029d8   0x080029d8   0x00000074   Code   RO         1292    i.HAL_TIMEx_ConfigBreakDeadTime  stm32f1xx_hal_tim_ex.o
    0x08002a4c   0x08002a4c   0x0000009c   Code   RO         1308    i.HAL_TIMEx_MasterConfigSynchronization  stm32f1xx_hal_tim_ex.o
    0x08002ae8   0x08002ae8   0x00000066   Code   RO          574    i.HAL_TIM_Base_Init  stm32f1xx_hal_tim.o
    0x08002b4e   0x08002b4e   0x00000002   PAD
    0x08002b50   0x08002b50   0x00000094   Code   RO          227    i.HAL_TIM_Base_MspInit  tim.o
    0x08002be4   0x08002be4   0x00000090   Code   RO          579    i.HAL_TIM_Base_Start_IT  stm32f1xx_hal_tim.o
    0x08002c74   0x08002c74   0x0000010c   Code   RO          583    i.HAL_TIM_ConfigClockSource  stm32f1xx_hal_tim.o
    0x08002d80   0x08002d80   0x000000c4   Code   RO          595    i.HAL_TIM_Encoder_Init  stm32f1xx_hal_tim.o
    0x08002e44   0x08002e44   0x000001fc   Code   RO          229    i.HAL_TIM_Encoder_MspInit  tim.o
    0x08003040   0x08003040   0x000000cc   Code   RO          598    i.HAL_TIM_Encoder_Start  stm32f1xx_hal_tim.o
    0x0800310c   0x0800310c   0x00000002   Code   RO          608    i.HAL_TIM_IC_CaptureCallback  stm32f1xx_hal_tim.o
    0x0800310e   0x0800310e   0x0000016c   Code   RO          622    i.HAL_TIM_IRQHandler  stm32f1xx_hal_tim.o
    0x0800327a   0x0800327a   0x00000002   PAD
    0x0800327c   0x0800327c   0x00000058   Code   RO          230    i.HAL_TIM_MspPostInit  tim.o
    0x080032d4   0x080032d4   0x00000002   Code   RO          625    i.HAL_TIM_OC_DelayElapsedCallback  stm32f1xx_hal_tim.o
    0x080032d6   0x080032d6   0x00000104   Code   RO          646    i.HAL_TIM_PWM_ConfigChannel  stm32f1xx_hal_tim.o
    0x080033da   0x080033da   0x00000066   Code   RO          649    i.HAL_TIM_PWM_Init  stm32f1xx_hal_tim.o
    0x08003440   0x08003440   0x00000002   Code   RO          651    i.HAL_TIM_PWM_MspInit  stm32f1xx_hal_tim.o
    0x08003442   0x08003442   0x00000002   Code   RO          652    i.HAL_TIM_PWM_PulseFinishedCallback  stm32f1xx_hal_tim.o
    0x08003444   0x08003444   0x000000f4   Code   RO          654    i.HAL_TIM_PWM_Start  stm32f1xx_hal_tim.o
    0x08003538   0x08003538   0x000000cc   Code   RO         3280    i.HAL_TIM_PeriodElapsedCallback  hal_y_servo.o
    0x08003604   0x08003604   0x00000002   Code   RO          665    i.HAL_TIM_TriggerCallback  stm32f1xx_hal_tim.o
    0x08003606   0x08003606   0x00000002   Code   RO         2576    i.HAL_UARTEx_RxEventCallback  stm32f1xx_hal_uart.o
    0x08003608   0x08003608   0x00000002   Code   RO         2590    i.HAL_UART_ErrorCallback  stm32f1xx_hal_uart.o
    0x0800360a   0x0800360a   0x00000002   PAD
    0x0800360c   0x0800360c   0x000002e4   Code   RO         2593    i.HAL_UART_IRQHandler  stm32f1xx_hal_uart.o
    0x080038f0   0x080038f0   0x00000076   Code   RO         2594    i.HAL_UART_Init     stm32f1xx_hal_uart.o
    0x08003966   0x08003966   0x00000002   PAD
    0x08003968   0x08003968   0x000001fc   Code   RO          323    i.HAL_UART_MspInit  usart.o
    0x08003b64   0x08003b64   0x00000002   Code   RO         2600    i.HAL_UART_RxCpltCallback  stm32f1xx_hal_uart.o
    0x08003b66   0x08003b66   0x000000be   Code   RO         2602    i.HAL_UART_Transmit  stm32f1xx_hal_uart.o
    0x08003c24   0x08003c24   0x00000002   Code   RO         2605    i.HAL_UART_TxCpltCallback  stm32f1xx_hal_uart.o
    0x08003c26   0x08003c26   0x00000004   Code   RO          384    i.HardFault_Handler  stm32f1xx_it.o
    0x08003c2a   0x08003c2a   0x00000002   PAD
    0x08003c2c   0x08003c2c   0x00000010   Code   RO         3548    i.Key_GetEvent      hal_app_key.o
    0x08003c3c   0x08003c3c   0x00000010   Code   RO         3549    i.Key_ReadPin       hal_app_key.o
    0x08003c4c   0x08003c4c   0x00000128   Code   RO         3550    i.Key_Scan          hal_app_key.o
    0x08003d74   0x08003d74   0x00000100   Code   RO          202    i.MX_GPIO_Init      gpio.o
    0x08003e74   0x08003e74   0x00000080   Code   RO          231    i.MX_TIM2_Init      tim.o
    0x08003ef4   0x08003ef4   0x00000080   Code   RO          232    i.MX_TIM3_Init      tim.o
    0x08003f74   0x08003f74   0x00000080   Code   RO          233    i.MX_TIM4_Init      tim.o
    0x08003ff4   0x08003ff4   0x00000080   Code   RO          234    i.MX_TIM5_Init      tim.o
    0x08004074   0x08004074   0x00000048   Code   RO          236    i.MX_TIM7_Init      tim.o
    0x080040bc   0x080040bc   0x00000108   Code   RO          237    i.MX_TIM8_Init      tim.o
    0x080041c4   0x080041c4   0x00000038   Code   RO          324    i.MX_UART5_Init     usart.o
    0x080041fc   0x080041fc   0x00000038   Code   RO          325    i.MX_USART1_UART_Init  usart.o
    0x08004234   0x08004234   0x00000038   Code   RO          326    i.MX_USART2_UART_Init  usart.o
    0x0800426c   0x0800426c   0x00000038   Code   RO          327    i.MX_USART3_UART_Init  usart.o
    0x080042a4   0x080042a4   0x00000004   Code   RO          385    i.MemManage_Handler  stm32f1xx_it.o
    0x080042a8   0x080042a8   0x00000004   Code   RO          386    i.NMI_Handler       stm32f1xx_it.o
    0x080042ac   0x080042ac   0x0000002a   Code   RO         3586    i.OLED_Clear        hal_app_oled.o
    0x080042d6   0x080042d6   0x000000b6   Code   RO         3590    i.OLED_Init         hal_app_oled.o
    0x0800438c   0x0800438c   0x00000024   Code   RO         3592    i.OLED_SetCursor    hal_app_oled.o
    0x080043b0   0x080043b0   0x00000048   Code   RO         3593    i.OLED_ShowChar     hal_app_oled.o
    0x080043f8   0x080043f8   0x00000034   Code   RO         3594    i.OLED_ShowString   hal_app_oled.o
    0x0800442c   0x0800442c   0x0000002c   Code   RO         3595    i.OLED_WriteCmd     hal_app_oled.o
    0x08004458   0x08004458   0x0000002c   Code   RO         3596    i.OLED_WriteData    hal_app_oled.o
    0x08004484   0x08004484   0x00000002   Code   RO          387    i.PendSV_Handler    stm32f1xx_it.o
    0x08004486   0x08004486   0x00000002   PAD
    0x08004488   0x08004488   0x00000028   Code   RO         1744    i.RCC_Delay         stm32f1xx_hal_rcc.o
    0x080044b0   0x080044b0   0x00000002   Code   RO          388    i.SVC_Handler       stm32f1xx_it.o
    0x080044b2   0x080044b2   0x00000008   Code   RO          389    i.SysTick_Handler   stm32f1xx_it.o
    0x080044ba   0x080044ba   0x00000066   Code   RO           14    i.SystemClock_Config  main.o
    0x08004520   0x08004520   0x00000002   Code   RO         2938    i.SystemInit        system_stm32f1xx.o
    0x08004522   0x08004522   0x00000002   PAD
    0x08004524   0x08004524   0x00000010   Code   RO          390    i.TIM2_IRQHandler   stm32f1xx_it.o
    0x08004534   0x08004534   0x00000010   Code   RO          391    i.TIM3_IRQHandler   stm32f1xx_it.o
    0x08004544   0x08004544   0x00000010   Code   RO          392    i.TIM4_IRQHandler   stm32f1xx_it.o
    0x08004554   0x08004554   0x00000010   Code   RO          393    i.TIM5_IRQHandler   stm32f1xx_it.o
    0x08004564   0x08004564   0x00000010   Code   RO          394    i.TIM7_IRQHandler   stm32f1xx_it.o
    0x08004574   0x08004574   0x000000ac   Code   RO          667    i.TIM_Base_SetConfig  stm32f1xx_hal_tim.o
    0x08004620   0x08004620   0x00000022   Code   RO          668    i.TIM_CCxChannelCmd  stm32f1xx_hal_tim.o
    0x08004642   0x08004642   0x00000016   Code   RO          678    i.TIM_ETR_SetConfig  stm32f1xx_hal_tim.o
    0x08004658   0x08004658   0x00000012   Code   RO          679    i.TIM_ITRx_SetConfig  stm32f1xx_hal_tim.o
    0x0800466a   0x0800466a   0x00000002   PAD
    0x0800466c   0x0800466c   0x00000070   Code   RO          680    i.TIM_OC1_SetConfig  stm32f1xx_hal_tim.o
    0x080046dc   0x080046dc   0x0000007c   Code   RO          681    i.TIM_OC2_SetConfig  stm32f1xx_hal_tim.o
    0x08004758   0x08004758   0x00000078   Code   RO          682    i.TIM_OC3_SetConfig  stm32f1xx_hal_tim.o
    0x080047d0   0x080047d0   0x00000054   Code   RO          683    i.TIM_OC4_SetConfig  stm32f1xx_hal_tim.o
    0x08004824   0x08004824   0x00000026   Code   RO          685    i.TIM_TI1_ConfigInputStage  stm32f1xx_hal_tim.o
    0x0800484a   0x0800484a   0x00000028   Code   RO          687    i.TIM_TI2_ConfigInputStage  stm32f1xx_hal_tim.o
    0x08004872   0x08004872   0x00000002   PAD
    0x08004874   0x08004874   0x00000010   Code   RO          395    i.UART5_IRQHandler  stm32f1xx_it.o
    0x08004884   0x08004884   0x00000014   Code   RO         2607    i.UART_DMAAbortOnError  stm32f1xx_hal_uart.o
    0x08004898   0x08004898   0x0000006c   Code   RO         2617    i.UART_EndRxTransfer  stm32f1xx_hal_uart.o
    0x08004904   0x08004904   0x00000020   Code   RO         2618    i.UART_EndTransmit_IT  stm32f1xx_hal_uart.o
    0x08004924   0x08004924   0x000000fc   Code   RO         2620    i.UART_Receive_IT   stm32f1xx_hal_uart.o
    0x08004a20   0x08004a20   0x000000fc   Code   RO         2621    i.UART_SetConfig    stm32f1xx_hal_uart.o
    0x08004b1c   0x08004b1c   0x00000060   Code   RO         2624    i.UART_Transmit_IT  stm32f1xx_hal_uart.o
    0x08004b7c   0x08004b7c   0x0000008c   Code   RO         2625    i.UART_WaitOnFlagUntilTimeout  stm32f1xx_hal_uart.o
    0x08004c08   0x08004c08   0x0000002c   Code   RO          396    i.USART1_IRQHandler  stm32f1xx_it.o
    0x08004c34   0x08004c34   0x00000010   Code   RO          397    i.USART2_IRQHandler  stm32f1xx_it.o
    0x08004c44   0x08004c44   0x0000002c   Code   RO          398    i.USART3_IRQHandler  stm32f1xx_it.o
    0x08004c70   0x08004c70   0x00000004   Code   RO          399    i.UsageFault_Handler  stm32f1xx_it.o
    0x08004c74   0x08004c74   0x00000010   Code   RO         2051    i.__NVIC_GetPriorityGrouping  stm32f1xx_hal_cortex.o
    0x08004c84   0x08004c84   0x00000028   Code   RO         2052    i.__NVIC_SetPriority  stm32f1xx_hal_cortex.o
    0x08004cac   0x08004cac   0x0000000e   Code   RO         4160    i.__mathlib_dbl_overflow  m_ws.l(dunder.o)
    0x08004cba   0x08004cba   0x00000002   PAD
    0x08004cbc   0x08004cbc   0x00000010   Code   RO         4162    i.__mathlib_dbl_underflow  m_ws.l(dunder.o)
    0x08004ccc   0x08004ccc   0x00000010   Code   RO         4063    i.__mathlib_narrow  m_ws.l(narrow.o)
    0x08004cdc   0x08004cdc   0x000000bc   Code   RO         4064    i.__mathlib_tofloat  m_ws.l(narrow.o)
    0x08004d98   0x08004d98   0x00000016   Code   RO         4116    i.__support_ldexp   m_ws.l(ldexp.o)
    0x08004dae   0x08004dae   0x0000000e   Code   RO         3758    i._is_digit         c_w.l(__printf_wp.o)
    0x08004dbc   0x08004dbc   0x0000000c   Code   RO         2974    i.app_motor_init    hal_app_motor.o
    0x08004dc8   0x08004dc8   0x0000002c   Code   RO         3020    i.app_uart_init     hal_app_uart.o
    0x08004df4   0x08004df4   0x0000002a   Code   RO         3834    i.atof              m_ws.l(atof.o)
    0x08004e1e   0x08004e1e   0x00000002   PAD
    0x08004e20   0x08004e20   0x00000058   Code   RO         4089    i.frexp             m_ws.l(frexp.o)
    0x08004e78   0x08004e78   0x00000018   Code   RO         3353    i.i2c_delay         hal_y_soft_i2c.o
    0x08004e90   0x08004e90   0x0000003c   Code   RO         3356    i.i2c_start         hal_y_soft_i2c.o
    0x08004ecc   0x08004ecc   0x00000030   Code   RO         3357    i.i2c_stop          hal_y_soft_i2c.o
    0x08004efc   0x08004efc   0x00000054   Code   RO         3358    i.i2c_wait_ack      hal_y_soft_i2c.o
    0x08004f50   0x08004f50   0x00000068   Code   RO         3359    i.i2c_write_byte    hal_y_soft_i2c.o
    0x08004fb8   0x08004fb8   0x00000074   Code   RO         4117    i.ldexp             m_ws.l(ldexp.o)
    0x0800502c   0x0800502c   0x00000002   Code   RO         3174    i.led_init          hal_y_led.o
    0x0800502e   0x0800502e   0x00000002   PAD
    0x08005030   0x08005030   0x00000084   Code   RO           15    i.main              main.o
    0x080050b4   0x080050b4   0x000000cc   Code   RO         3673    i.menu_display      hal_app_task.o
    0x08005180   0x08005180   0x000001c8   Code   RO         3674    i.menu_handle_key   hal_app_task.o
    0x08005348   0x08005348   0x00000044   Code   RO         3209    i.motor_init        hal_y_motor.o
    0x0800538c   0x0800538c   0x00000024   Code   RO         2976    i.motor_speed_set   hal_app_motor.o
    0x080053b0   0x080053b0   0x00000020   Code   RO         3675    i.next_block_char   hal_app_task.o
    0x080053d0   0x080053d0   0x00000184   Code   RO         3676    i.parse_openmv_cmd  hal_app_task.o
    0x08005554   0x08005554   0x00000060   Code   RO         3283    i.pwmServo_init     hal_y_servo.o
    0x080055b4   0x080055b4   0x0000004c   Code   RO         3677    i.running_display   hal_app_task.o
    0x08005600   0x08005600   0x000000f8   Code   RO         3285    i.servo_increment_offset  hal_y_servo.o
    0x080056f8   0x080056f8   0x00000068   Code   RO         3286    i.servo_pin_set     hal_y_servo.o
    0x08005760   0x08005760   0x00000040   Code   RO         3139    i.setup_kinematics  hal_y_kinematics.o
    0x080057a0   0x080057a0   0x0000001c   Code   RO         3360    i.soft_i2c_gpio_init  hal_y_soft_i2c.o
    0x080057bc   0x080057bc   0x00000040   Code   RO         3467    i.uart3_send_str    hal_y_usart.o
    0x080057fc   0x080057fc   0x0000010c   Code   RO         3469    i.uart_data_parse   hal_y_usart.o
    0x08005908   0x08005908   0x0000002c   Code   RO         3938    locale$$code        c_w.l(lc_numeric_c.o)
    0x08005934   0x08005934   0x0000002c   Code   RO         4043    locale$$code        c_w.l(lc_ctype_c.o)
    0x08005960   0x08005960   0x00000062   Code   RO         3783    x$fpl$d2f           fz_ws.l(d2f.o)
    0x080059c2   0x080059c2   0x00000002   PAD
    0x080059c4   0x080059c4   0x00000010   Code   RO         4154    x$fpl$dcheck1       fz_ws.l(dcheck1.o)
    0x080059d4   0x080059d4   0x00000018   Code   RO         4109    x$fpl$dcmpinf       fz_ws.l(dcmpi.o)
    0x080059ec   0x080059ec   0x00000078   Code   RO         4084    x$fpl$deqf          fz_ws.l(deqf.o)
    0x08005a64   0x08005a64   0x00000078   Code   RO         4111    x$fpl$dleqf         fz_ws.l(dleqf.o)
    0x08005adc   0x08005adc   0x0000009c   Code   RO         3877    x$fpl$dnaninf       fz_ws.l(dnaninf.o)
    0x08005b78   0x08005b78   0x0000006c   Code   RO         4086    x$fpl$drleqf        fz_ws.l(drleqf.o)
    0x08005be4   0x08005be4   0x000000c4   Code   RO         3785    x$fpl$fadd          fz_ws.l(faddsub_clz.o)
    0x08005ca8   0x08005ca8   0x00000018   Code   RO         3879    x$fpl$fcmpinf       fz_ws.l(fcmpi.o)
    0x08005cc0   0x08005cc0   0x00000068   Code   RO         3795    x$fpl$feqf          fz_ws.l(feqf.o)
    0x08005d28   0x08005d28   0x00000036   Code   RO         3797    x$fpl$ffix          fz_ws.l(ffix.o)
    0x08005d5e   0x08005d5e   0x00000002   PAD
    0x08005d60   0x08005d60   0x0000003e   Code   RO         3801    x$fpl$ffixu         fz_ws.l(ffixu.o)
    0x08005d9e   0x08005d9e   0x00000002   PAD
    0x08005da0   0x08005da0   0x00000030   Code   RO         3806    x$fpl$fflt          fz_ws.l(fflt_clz.o)
    0x08005dd0   0x08005dd0   0x00000102   Code   RO         3813    x$fpl$fmul          fz_ws.l(fmul.o)
    0x08005ed2   0x08005ed2   0x0000008c   Code   RO         3881    x$fpl$fnaninf       fz_ws.l(fnaninf.o)
    0x08005f5e   0x08005f5e   0x0000000a   Code   RO         3883    x$fpl$fretinf       fz_ws.l(fretinf.o)
    0x08005f68   0x08005f68   0x000000ea   Code   RO         3787    x$fpl$fsub          fz_ws.l(faddsub_clz.o)
    0x08006052   0x08006052   0x00000006   Code   RO         4053    x$fpl$ieeestatus    fz_ws.l(istatus.o)
    0x08006058   0x08006058   0x00000064   Code   RO         4008    x$fpl$retnan        fz_ws.l(retnan.o)
    0x080060bc   0x080060bc   0x0000005c   Code   RO         4113    x$fpl$scalbn        fz_ws.l(scalbn.o)
    0x08006118   0x08006118   0x00000004   Code   RO         3942    x$fpl$scanf1        fz_ws.l(scanf1.o)
    0x0800611c   0x0800611c   0x00000008   Code   RO         4055    x$fpl$scanf2        fz_ws.l(scanf2.o)
    0x08006124   0x08006124   0x00000030   Code   RO         4061    x$fpl$trapveneer    fz_ws.l(trapv.o)
    0x08006154   0x08006154   0x00000000   Code   RO         3891    x$fpl$usenofp       fz_ws.l(usenofp.o)
    0x08006154   0x08006154   0x00000012   Data   RO         1745    .constdata          stm32f1xx_hal_rcc.o
    0x08006166   0x08006166   0x00000018   Data   RO         2939    .constdata          system_stm32f1xx.o
    0x0800617e   0x0800617e   0x0000023a   Data   RO         3597    .constdata          hal_app_oled.o
    0x080063b8   0x080063b8   0x00000094   Data   RO         4018    .constdata          c_w.l(bigflt0.o)
    0x0800644c   0x0800644c   0x00000020   Data   RO         4209    Region$$Table       anon$$obj.o
    0x0800646c   0x0800646c   0x00000008   Data   RO         4047    c$$dinf             fz_ws.l(fpconst.o)
    0x08006474   0x08006474   0x00000008   Data   RO         4050    c$$dmax             fz_ws.l(fpconst.o)
    0x0800647c   0x0800647c   0x0000001c   Data   RO         3937    locale$$data        c_w.l(lc_numeric_c.o)
    0x08006498   0x08006498   0x00000110   Data   RO         4042    locale$$data        c_w.l(lc_ctype_c.o)


    Execution Region RW_IRAM1 (Exec base: 0x20000000, Load base: 0x080065a8, Size: 0x00000bc0, Max: 0x0000c000, ABSOLUTE)

    Exec Addr    Load Addr    Size         Type   Attr      Idx    E Section Name        Object

    0x20000000   0x080065a8   0x00000009   Data   RW         1581    .data               stm32f1xx_hal.o
    0x20000009   0x080065b1   0x00000003   PAD
    0x2000000c   0x080065b4   0x00000004   Data   RW         2940    .data               system_stm32f1xx.o
    0x20000010   0x080065b8   0x00000002   Data   RW         3288    .data               hal_y_servo.o
    0x20000012   0x080065ba   0x00000006   Data   RW         3471    .data               hal_y_usart.o
    0x20000018   0x080065c0   0x0000000a   Data   RW         3551    .data               hal_app_key.o
    0x20000022   0x080065ca   0x00000002   PAD
    0x20000024   0x080065cc   0x00000020   Data   RW         3679    .data               hal_app_task.o
    0x20000044        -       0x000001f8   Zero   RW          238    .bss                tim.o
    0x2000023c        -       0x00000120   Zero   RW          328    .bss                usart.o
    0x2000035c        -       0x00000030   Zero   RW         3140    .bss                hal_y_kinematics.o
    0x2000038c        -       0x00000030   Zero   RW         3210    .bss                hal_y_motor.o
    0x200003bc        -       0x00000078   Zero   RW         3287    .bss                hal_y_servo.o
    0x20000434        -       0x00000100   Zero   RW         3470    .bss                hal_y_usart.o
    0x20000534        -       0x0000002c   Zero   RW         3678    .bss                hal_app_task.o
    0x20000560        -       0x00000060   Zero   RW         3945    .bss                c_w.l(libspace.o)
    0x200005c0        -       0x00000200   Zero   RW            2    HEAP                startup_stm32f103xe.o
    0x200007c0        -       0x00000400   Zero   RW            1    STACK               startup_stm32f103xe.o


==============================================================================

Image component sizes


      Code (inc. data)   RO Data    RW Data    ZI Data      Debug   Object Name

       256         18          0          0          0        967   gpio.o
       328         36          0         10          0       1888   hal_app_key.o
        48         16          0          0          0       1023   hal_app_motor.o
       472          6        570          0          0       4424   hal_app_oled.o
      1488        410          0         32         44       5463   hal_app_task.o
        44         10          0          0          0        416   hal_app_uart.o
        52         16          0          0          0        447   hal_y_encoder.o
        64          6          0          0         48       1728   hal_y_kinematics.o
         2          0          0          0          0        391   hal_y_led.o
        68          6          0          0         48       1485   hal_y_motor.o
       652         48          0          2        120       3617   hal_y_servo.o
       348         22          0          0          0       3596   hal_y_soft_i2c.o
       332         28          0          6        256       2005   hal_y_usart.o
       240         22          0          0          0     488136   main.o
        64         26        304          0       1536        804   startup_stm32f103xe.o
       192         36          0          9          0       6429   stm32f1xx_hal.o
       304         22          0          0          0      29351   stm32f1xx_hal_cortex.o
       510         10          0          0          0       1867   stm32f1xx_hal_dma.o
       860         40          0          0          0       3295   stm32f1xx_hal_gpio.o
        92         10          0          0          0        882   stm32f1xx_hal_msp.o
      1748         98         18          0          0       5900   stm32f1xx_hal_rcc.o
      2658        102          0          0          0      17571   stm32f1xx_hal_tim.o
       276         22          0          0          0       3181   stm32f1xx_hal_tim_ex.o
      2078          8          0          0          0      11626   stm32f1xx_hal_uart.o
       234         50          0          0          0       8039   stm32f1xx_it.o
         2          0         24          4          0       1095   system_stm32f1xx.o
      1592        106          0          0        504       6649   tim.o
       732         72          0          0        288       3491   usart.o

    ----------------------------------------------------------------------
     15760       1246        948         68       2844     615766   Object Totals
         0          0         32          0          0          0   (incl. Generated)
        24          0          0          5          0          0   (incl. Padding)

    ----------------------------------------------------------------------

      Code (inc. data)   RO Data    RW Data    ZI Data      Debug   Library Member Name

         8          0          0          0          0         68   __main.o
       104          0          0          0          0         84   __printf.o
        14          0          0          0          0         68   __printf_wp.o
         0          0          0          0          0          0   __rtentry.o
        12          0          0          0          0          0   __rtentry2.o
         6          0          0          0          0          0   __rtentry4.o
        52          8          0          0          0          0   __scatter.o
        26          0          0          0          0          0   __scatter_copy.o
        28          0          0          0          0          0   __scatter_zi.o
        28          0          0          0          0         68   _chval.o
         6          0          0          0          0          0   _printf_c.o
        44          0          0          0          0        108   _printf_char.o
        48          6          0          0          0         96   _printf_char_common.o
         6          0          0          0          0          0   _printf_d.o
       120         16          0          0          0         92   _printf_dec.o
       178          0          0          0          0         88   _printf_intcommon.o
         0          0          0          0          0          0   _printf_percent.o
         4          0          0          0          0          0   _printf_percent_end.o
        82          0          0          0          0         80   _printf_str.o
        22          0          0          0          0        100   _rserrno.o
        64          0          0          0          0         84   _sgetc.o
        16          0          0          0          0         68   _snputc.o
        10          0          0          0          0         68   _sputc.o
       228          4        148          0          0         96   bigflt0.o
      1924        136          0          0          0        756   btod.o
        18          0          0          0          0         80   exit.o
         6          0          0          0          0        152   heapauxi.o
         0          0          0          0          0          0   indicate_semi.o
        18          0          0          0          0         76   isspace.o
        44         10        272          0          0         76   lc_ctype_c.o
        44         10         28          0          0         76   lc_numeric_c.o
         2          0          0          0          0          0   libinit.o
        30          0          0          0          0          0   libinit2.o
         2          0          0          0          0          0   libshutdown.o
         2          0          0          0          0          0   libshutdown2.o
         8          4          0          0         96         68   libspace.o
        38          0          0          0          0         68   llshl.o
        52          4          0          0          0         84   noretval__2snprintf.o
        16          4          0          0          0         76   rt_ctype_table.o
         8          4          0          0          0         68   rt_errno_addr_intlibspace.o
         8          4          0          0          0         68   rt_locale_intlibspace.o
        78          0          0          0          0         80   rt_memclr_w.o
         2          0          0          0          0          0   rtexit.o
        10          0          0          0          0          0   rtexit2.o
      1272         16          0          0          0        168   scanf_fp.o
       800         14          0          0          0        100   scanf_hexfp.o
       308         16          0          0          0        100   scanf_infnan.o
        20          0          0          0          0         68   strchr.o
       128          0          0          0          0         68   strcmpv7m.o
        62          0          0          0          0         76   strlen.o
        36          0          0          0          0         80   strstr.o
       164         14          0          0          0        120   strtod.o
        12          4          0          0          0         68   sys_exit.o
        74          0          0          0          0         80   sys_stackheap_outer.o
         2          0          0          0          0         68   use_no_semi.o
        98          4          0          0          0         92   d2f.o
        16          4          0          0          0         68   dcheck1.o
        24          0          0          0          0         68   dcmpi.o
       120          4          0          0          0         92   deqf.o
       120          4          0          0          0         92   dleqf.o
       156          4          0          0          0         92   dnaninf.o
       108          0          0          0          0         80   drleqf.o
       430          8          0          0          0        168   faddsub_clz.o
        24          0          0          0          0         68   fcmpi.o
       104          4          0          0          0         84   feqf.o
        54          4          0          0          0         84   ffix.o
        62          4          0          0          0         84   ffixu.o
        48          0          0          0          0         68   fflt_clz.o
       258          4          0          0          0         84   fmul.o
       140          4          0          0          0         84   fnaninf.o
         0          0         16          0          0          0   fpconst.o
        10          0          0          0          0         68   fretinf.o
         6          0          0          0          0         68   istatus.o
       100          0          0          0          0         68   retnan.o
        92          0          0          0          0         68   scalbn.o
         4          0          0          0          0         68   scanf1.o
         8          0          0          0          0         84   scanf2.o
        48          0          0          0          0         68   trapv.o
         0          0          0          0          0          0   usenofp.o
        42          0          0          0          0         84   atof.o
        30          6          0          0          0        136   dunder.o
        88          8          0          0          0         76   frexp.o
       138          0          0          0          0        160   ldexp.o
       204          4          0          0          0        168   narrow.o

    ----------------------------------------------------------------------
      8852        340        464          0         96       6316   Library Totals
        26          0          0          0          0          0   (incl. Padding)

    ----------------------------------------------------------------------

      Code (inc. data)   RO Data    RW Data    ZI Data      Debug   Library Name

      6294        274        448          0         96       3892   c_w.l
      2030         48         16          0          0       1800   fz_ws.l
       502         18          0          0          0        624   m_ws.l

    ----------------------------------------------------------------------
      8852        340        464          0         96       6316   Library Totals

    ----------------------------------------------------------------------

==============================================================================


      Code (inc. data)   RO Data    RW Data    ZI Data      Debug   

     24612       1586       1412         68       2940     611314   Grand Totals
     24612       1586       1412         68       2940     611314   ELF Image Totals
     24612       1586       1412         68          0          0   ROM Totals

==============================================================================

    Total RO  Size (Code + RO Data)                26024 (  25.41kB)
    Total RW  Size (RW Data + ZI Data)              3008 (   2.94kB)
    Total ROM Size (Code + RO Data + RW Data)      26092 (  25.48kB)

==============================================================================

